Archive member included to satisfy reference by file (symbol)

lib/libstm32.a(adc.o)         src/main.o (adc_init)
lib/libstm32.a(dma.o)         lib/libstm32.a(adc.o) (dma_stream_init)
lib/libstm32.a(io.o)          src/main.o (io_configure)
lib/libstm32.a(spi.o)         liblcd/lcd.o (spi_master_init)
lib/libstm32.a(timer.o)       src/main.o (timer_wait_ms)
libext/libarm_cortexM4l_math.a(arm_rfft_fast_init_f32.o)
                              src/main.o (arm_rfft_fast_init_f32)
libext/libarm_cortexM4l_math.a(arm_rfft_fast_f32.o)
                              src/main.o (arm_rfft_fast_f32)
libext/libarm_cortexM4l_math.a(arm_cfft_f32.o)
                              libext/libarm_cortexM4l_math.a(arm_rfft_fast_f32.o) (arm_cfft_f32)
libext/libarm_cortexM4l_math.a(arm_cmplx_mag_f32.o)
                              src/main.o (arm_cmplx_mag_f32)
libext/libarm_cortexM4l_math.a(arm_common_tables.o)
                              libext/libarm_cortexM4l_math.a(arm_rfft_fast_init_f32.o) (twiddleCoef_rfft_4096)
libext/libarm_cortexM4l_math.a(arm_bitreversal2.o)
                              libext/libarm_cortexM4l_math.a(arm_cfft_f32.o) (arm_bitreversal_32)
libext/libarm_cortexM4l_math.a(arm_cfft_radix8_f32.o)
                              libext/libarm_cortexM4l_math.a(arm_cfft_f32.o) (arm_radix8_butterfly_f32)
/opt/arm/arm-gnu-toolchain-14.3.rel1-x86_64-arm-none-eabi/bin/../lib/gcc/arm-none-eabi/14.3.1/../../../../arm-none-eabi/lib/thumb/v7e-m+fp/softfp/libm.a(libm_a-w_log10.o)
                              lib/util.o (log10)
/opt/arm/arm-gnu-toolchain-14.3.rel1-x86_64-arm-none-eabi/bin/../lib/gcc/arm-none-eabi/14.3.1/../../../../arm-none-eabi/lib/thumb/v7e-m+fp/softfp/libm.a(libm_a-w_pow.o)
                              lib/util.o (pow)
/opt/arm/arm-gnu-toolchain-14.3.rel1-x86_64-arm-none-eabi/bin/../lib/gcc/arm-none-eabi/14.3.1/../../../../arm-none-eabi/lib/thumb/v7e-m+fp/softfp/libm.a(libm_a-wf_log10.o)
                              liblcd/graph.o (log10f)
/opt/arm/arm-gnu-toolchain-14.3.rel1-x86_64-arm-none-eabi/bin/../lib/gcc/arm-none-eabi/14.3.1/../../../../arm-none-eabi/lib/thumb/v7e-m+fp/softfp/libm.a(libm_a-wf_pow.o)
                              liblcd/graph.o (powf)
/opt/arm/arm-gnu-toolchain-14.3.rel1-x86_64-arm-none-eabi/bin/../lib/gcc/arm-none-eabi/14.3.1/../../../../arm-none-eabi/lib/thumb/v7e-m+fp/softfp/libm.a(libm_a-wf_sqrt.o)
                              liblcd/cplx.o (sqrtf)
/opt/arm/arm-gnu-toolchain-14.3.rel1-x86_64-arm-none-eabi/bin/../lib/gcc/arm-none-eabi/14.3.1/../../../../arm-none-eabi/lib/thumb/v7e-m+fp/softfp/libm.a(libm_a-sf_cos.o)
                              liblcd/cplx.o (cosf)
/opt/arm/arm-gnu-toolchain-14.3.rel1-x86_64-arm-none-eabi/bin/../lib/gcc/arm-none-eabi/14.3.1/../../../../arm-none-eabi/lib/thumb/v7e-m+fp/softfp/libm.a(libm_a-sf_sin.o)
                              liblcd/cplx.o (sinf)
/opt/arm/arm-gnu-toolchain-14.3.rel1-x86_64-arm-none-eabi/bin/../lib/gcc/arm-none-eabi/14.3.1/../../../../arm-none-eabi/lib/thumb/v7e-m+fp/softfp/libm.a(libm_a-s_finite.o)
                              /opt/arm/arm-gnu-toolchain-14.3.rel1-x86_64-arm-none-eabi/bin/../lib/gcc/arm-none-eabi/14.3.1/../../../../arm-none-eabi/lib/thumb/v7e-m+fp/softfp/libm.a(libm_a-w_pow.o) (finite)
/opt/arm/arm-gnu-toolchain-14.3.rel1-x86_64-arm-none-eabi/bin/../lib/gcc/arm-none-eabi/14.3.1/../../../../arm-none-eabi/lib/thumb/v7e-m+fp/softfp/libm.a(libm_a-s_nan.o)
                              /opt/arm/arm-gnu-toolchain-14.3.rel1-x86_64-arm-none-eabi/bin/../lib/gcc/arm-none-eabi/14.3.1/../../../../arm-none-eabi/lib/thumb/v7e-m+fp/softfp/libm.a(libm_a-w_log10.o) (nan)
/opt/arm/arm-gnu-toolchain-14.3.rel1-x86_64-arm-none-eabi/bin/../lib/gcc/arm-none-eabi/14.3.1/../../../../arm-none-eabi/lib/thumb/v7e-m+fp/softfp/libm.a(libm_a-sf_finite.o)
                              /opt/arm/arm-gnu-toolchain-14.3.rel1-x86_64-arm-none-eabi/bin/../lib/gcc/arm-none-eabi/14.3.1/../../../../arm-none-eabi/lib/thumb/v7e-m+fp/softfp/libm.a(libm_a-wf_pow.o) (finitef)
/opt/arm/arm-gnu-toolchain-14.3.rel1-x86_64-arm-none-eabi/bin/../lib/gcc/arm-none-eabi/14.3.1/../../../../arm-none-eabi/lib/thumb/v7e-m+fp/softfp/libm.a(libm_a-sf_nan.o)
                              /opt/arm/arm-gnu-toolchain-14.3.rel1-x86_64-arm-none-eabi/bin/../lib/gcc/arm-none-eabi/14.3.1/../../../../arm-none-eabi/lib/thumb/v7e-m+fp/softfp/libm.a(libm_a-wf_log10.o) (nanf)
/opt/arm/arm-gnu-toolchain-14.3.rel1-x86_64-arm-none-eabi/bin/../lib/gcc/arm-none-eabi/14.3.1/../../../../arm-none-eabi/lib/thumb/v7e-m+fp/softfp/libm.a(libm_a-ef_sqrt.o)
                              /opt/arm/arm-gnu-toolchain-14.3.rel1-x86_64-arm-none-eabi/bin/../lib/gcc/arm-none-eabi/14.3.1/../../../../arm-none-eabi/lib/thumb/v7e-m+fp/softfp/libm.a(libm_a-wf_sqrt.o) (__ieee754_sqrtf)
/opt/arm/arm-gnu-toolchain-14.3.rel1-x86_64-arm-none-eabi/bin/../lib/gcc/arm-none-eabi/14.3.1/../../../../arm-none-eabi/lib/thumb/v7e-m+fp/softfp/libm.a(libm_a-sf_floor.o)
[...]
Memory Configuration

Name             Origin             Length             Attributes
FLASH            0x08000000         0x00080000         xr
RAM              0x20000000         0x00020000         xrw
*default*        0x00000000         0xffffffff

Linker script and memory map

LOAD /opt/arm/arm-gnu-toolchain-14.3.rel1-x86_64-arm-none-eabi/bin/../lib/gcc/arm-none-eabi/14.3.1/thumb/v7e-m+fp/softfp/crti.o
LOAD /opt/arm/arm-gnu-toolchain-14.3.rel1-x86_64-arm-none-eabi/bin/../lib/gcc/arm-none-eabi/14.3.1/thumb/v7e-m+fp/softfp/crtbegin.o
LOAD /opt/arm/arm-gnu-toolchain-14.3.rel1-x86_64-arm-none-eabi/bin/../lib/gcc/arm-none-eabi/14.3.1/../../../../arm-none-eabi/lib/thumb/v7e-m+fp/softfp/crt0.o
LOAD startup/stm32f411_periph.o
LOAD startup/sys_handlers.o
LOAD startup/rcc.o
LOAD startup/system_stm32f4xx.o
LOAD src/main.o
LOAD lib/event.o
LOAD lib/term.o
LOAD lib/tick.o
LOAD lib/uart.o
LOAD lib/util.o
LOAD liblcd/lcd.o
LOAD liblcd/lcd_dpy.o
LOAD liblcd/lcd_ts.o
LOAD liblcd/lcd_sd.o
LOAD liblcd/fonts/fixed8.o
LOAD liblcd/fonts/fixed12.o
LOAD liblcd/vect.o
LOAD liblcd/cplx.o
LOAD liblcd/graph.o
LOAD startup/SEGGER_RTT.o
LOAD startup/libc_syscalls.o
LOAD startup/startup_stm32f411xe.o
LOAD startup/SEGGER_RTT_ASM_ARMv7M.o
LOAD lib/libstm32.a
LOAD libext/libarm_cortexM4l_math.a
LOAD /opt/arm/arm-gnu-toolchain-14.3.rel1-x86_64-arm-none-eabi/bin/../lib/gcc/arm-none-eabi/14.3.1/../../../../arm-none-eabi/lib/thumb/v7e-m+fp/softfp/libm.a
START GROUP
LOAD /opt/arm/arm-gnu-toolchain-14.3.rel1-x86_64-arm-none-eabi/bin/../lib/gcc/arm-none-eabi/14.3.1/thumb/v7e-m+fp/softfp/libgcc.a
LOAD /opt/arm/arm-gnu-toolchain-14.3.rel1-x86_64-arm-none-eabi/bin/../lib/gcc/arm-none-eabi/14.3.1/../../../../arm-none-eabi/lib/thumb/v7e-m+fp/softfp/libc.a
END GROUP
LOAD /opt/arm/arm-gnu-toolchain-14.3.rel1-x86_64-arm-none-eabi/bin/../lib/gcc/arm-none-eabi/14.3.1/thumb/v7e-m+fp/softfp/crtend.o
LOAD /opt/arm/arm-gnu-toolchain-14.3.rel1-x86_64-arm-none-eabi/bin/../lib/gcc/arm-none-eabi/14.3.1/thumb/v7e-m+fp/softfp/crtn.o
                0x20020000                        _estack = 0x20020000
                0x00000200                        _Min_Heap_Size = 0x200
                0x00000400                        _Min_Stack_Size = 0x400

.isr_vector     0x08000000      0x198
                0x08000000                        . = ALIGN (0x4)
 *(.isr_vector)
 .isr_vector    0x08000000      0x198 startup/startup_stm32f411xe.o
                0x08000000                g_pfnVectors
                0x08000198                        . = ALIGN (0x4)

.text           0x080001c0    0x139b4
                0x080001c0                        . = ALIGN (0x4)
 *(.text)
 .text          0x080001c0       0x66 startup/sys_handlers.o
                0x080001c0                NMI_Handler
                0x080001ce                HardFault_Handler
                0x080001d6                MemManage_Handler
                0x080001de                BusFault_Handler
                0x080001e6                UsageFault_Handler
                0x080001ee                SVC_Handler
                0x080001fc                DebugMon_Handler
                0x0800020a                PendSV_Handler
 *fill*         0x08000226        0x2 
 .text          0x08000228      0x504 startup/rcc.o
                0x08000494                rcc_sys_clk_cfg
                0x080006a8                rcc_i2s_clk_cfg
 .text          0x0800072c      0x210 startup/system_stm32f4xx.o
                0x0800072c                SystemInit
                0x0800082c                SystemCoreClockUpdate
 .text          0x0800093c      0x514 src/main.o
                0x080009ac                cmd_append_done
                0x08000a18                cmd_process
                0x08000a2e                main
 .text          0x08000e50      0x140 lib/event.o
                0x08000e50                push_event
                0x08000ef8                pop_event
 .text          0x08000f90     0x11f8 lib/term.o
                0x08000f90                term_in
                0x08000fa0                term_out
                0x08001054                term_clrscr
                0x08001088                term_clreol
                0x0800109c                term_color
                0x08001118                term_gotoxy
                0x0800114c                term_up
                0x08001178                term_down
                0x080011a4                term_right
                0x080011d8                term_left
                0x0800120c                term_get_rows
                0x08001224                term_get_cols
                0x0800123c                term_get_cx
                0x08001254                term_get_cy
                0x0800126c                term_show_cursor
                0x0800129c                term_getc
                0x080016b0                term_putc
                0x08001704                term_puts
                0x0800172e                term_printf
                0x08001c00                term_readline
                0x08002124                term_init
 .text          0x08002188      0x28c lib/tick.o
                0x080021dc                SysTick_Handler
                0x08002218                tick_init
                0x080022d0                tick_start
                0x080022fc                tick_stop
                0x08002320                ticks
                0x08002338                delay_ms
                0x08002364                tick_delay
 .text          0x08002414      0x894 lib/uart.o
                0x080024a4                USART2_IRQHandler
                0x080025f0                uart_enable_irq
                0x08002616                uart_disable_irq
                0x08002690                uart_init
                0x080027bc                uart_getc
                0x0800280a                uart_getc_with_timeout
                0x08002876                uart_getchar
                0x080028cc                uart_putc
                0x0800293a                uart_puts
                0x080029ca                uart_printf
                0x08002b70                uart_read
                0x08002bee                uart_write
                0x08002c82                uart_tx_completed
 .text          0x08002ca8      0x858 lib/util.o
                0x08002ca8                num2str
                0x08002ddc                float2str
                0x08003438                str2num
 .text          0x08003500      0x11c liblcd/lcd.o
                0x08003500                lcd_switch_to
                0x080035d8                lcd_init
 .text          0x0800361c     0x1e78 liblcd/lcd_dpy.o
                0x0800361c                lcd_set_window
                0x08003718                lcd_clear_screen
                0x08003748                lcd_draw_point
                0x080037c0                lcd_set_display_orientation
                0x0800389c                lcd_get_display_width
                0x080038b4                lcd_get_display_height
                0x080038cc                lcd_get_default_DC
                0x080038f8                lcd_set_font
                0x0800391c                lcd_set_foreground
                0x08003942                lcd_set_background
                0x08003968                lcd_set_alignment
                0x080039a0                lcd_set_direction
                0x080039d2                lcd_fill_rect
                0x08003a6c                lcd_draw_rect
                0x08003bb4                lcd_draw_line
                0x08003f42                lcd_clip
                0x08003f90                lcd_unclip
                0x08004020                lcd_line
                0x080041c8                lcd_draw_segments
                0x0800423c                lcd_draw_ellipse
                0x08004916                lcd_draw_round_rect
                0x08004a36                lcd_draw_circle
                0x08004d28                lcd_draw_string
                0x0800503c                lcd_get_string_size
                0x080050d4                lcd_dpy_init
 .text          0x08005494      0x47c liblcd/lcd_ts.o
                0x08005614                lcd_ts_get_data
                0x080057f0                lcd_ts_touched
                0x08005816                lcd_ts_id
                0x0800584c                lcd_ts_init
 .text          0x08005910        0xe liblcd/lcd_sd.o
                0x08005910                lcd_sd_init
 *fill*         0x0800591e        0x2 
 .text          0x08005920      0x2b0 liblcd/vect.o
                0x08005920                vect
                0x08005964                vect_del
                0x08005998                vectorize
                0x08005b18                vectorize_func
 .text          0x08005bd0     0x30a0 liblcd/graph.o
                0x08007c3c                graphic_mode
                0x08007f90                ginit
                0x08007fe4                gsubplot
                0x08008300                gsetplot
                0x08008598                ggetplot
                0x08008600                gplot
                0x080086c0                gsetxgrid
                0x08008708                gsetygrid
                0x08008750                gtext
                0x08008988                glabel
                0x08008a80                gsetcolor
                0x08008ad8                gsetlinetype
                0x08008b32                gsetmarkertype
                0x08008b8c                gsetgraph
                0x08008bbc                gclear
                0x08008c18                mouse
                0x08008c3a                getpixel
                0x08008c60                gflush
 .text          0x08008c70      0x3a0 startup/libc_syscalls.o
                0x08008d20                _sbrk
                0x08008d70                _open
                0x08008d8c                _close
                0x08008da4                _read
                0x08008e18                _write
                0x08008e62                _lseek
                0x08008e7e                _isatty
                0x08008e94                _fstat
                0x08008eb4                _stat
                0x08008ed4                _link
                0x08008ef8                _unlink
                0x08008f1c                _getpid
                0x08008f2c                _kill
                0x08008f50                _fork
                0x08008f6c                _wait
                0x08008f90                _execve
                0x08008fb8                _gettimeofday
                0x08008ff6                _times
 .text          0x08009010      0xcb0 lib/libstm32.a(adc.o)
                0x080090a0                ADC_IRQHandler
                0x08009194                adc_init
                0x080092f4                adc_channel_sample
                0x08009428                adc_channel_enable
                0x080095b4                adc_channel_disable
                0x08009720                adc_channel_reset
                0x08009740                adc_setup_dma
                0x08009814                adc_set_trigger_evt
                0x080099e8                adc_start
                0x08009a14                adc_stop
                0x08009a34                adc_get_sampling_freq
                0x08009c38                adc_sample_cycles
 .text          0x08009cc0     0x11e4 lib/libstm32.a(dma.o)
                0x08009d50                DMA1_Stream0_IRQHandler
                0x08009e14                DMA1_Stream1_IRQHandler
                0x08009edc                DMA1_Stream2_IRQHandler
                0x08009fa8                DMA1_Stream3_IRQHandler
                0x0800a074                DMA1_Stream4_IRQHandler
                0x0800a138                DMA1_Stream5_IRQHandler
                0x0800a200                DMA1_Stream6_IRQHandler
                0x0800a2cc                DMA1_Stream7_IRQHandler
                0x0800a398                DMA2_Stream0_IRQHandler
                0x0800a45c                DMA2_Stream1_IRQHandler
                0x0800a524                DMA2_Stream2_IRQHandler
                0x0800a5f0                DMA2_Stream3_IRQHandler
                0x0800a6bc                DMA2_Stream4_IRQHandler
                0x0800a780                DMA2_Stream5_IRQHandler
                0x0800a848                DMA2_Stream6_IRQHandler
                0x0800a914                DMA2_Stream7_IRQHandler
                0x0800a9e0                dma_stream_init
                0x0800ad80                dma_start
                0x0800adda                dma_stop
                0x0800ae08                dma_complete
                0x0800ae2e                dma_status
                0x0800ae8c                dma_get_count
 .text          0x0800aea4      0xb1c lib/libstm32.a(io.o)
                0x0800af7c                EXTI0_IRQHandler
                0x0800afa4                EXTI1_IRQHandler
                0x0800afcc                EXTI2_IRQHandler
                0x0800aff4                EXTI3_IRQHandler
                0x0800b01c                EXTI4_IRQHandler
                0x0800b044                EXTI9_5_IRQHandler
                0x0800b114                EXTI15_10_IRQHandler
                0x0800b214                io_configure
                0x0800b74c                io_unset_irq
                0x0800b8f4                io_read
                0x0800b914                io_write
                0x0800b94c                io_write_n
                0x0800b980                io_set
                0x0800b99e                io_clear
 .text          0x0800b9c0      0x8a4 lib/libstm32.a(spi.o)
                0x0800ba50                SPI1_IRQHandler
                0x0800bb8c                spi_master_init
                0x0800bcb8                spi_transmit
                0x0800bd28                spi_receive
                0x0800bd80                spi_transmit_receive
                0x0800be2c                spi_write
                0x0800bea4                spi_write_byte
                0x0800bee4                spi_dma_write
                0x0800bfac                spi_dma_write_n
                0x0800c070                spi_dma_write16
                0x0800c168                spi_dma_write16_n
 .text          0x0800c264     0x163c lib/libstm32.a(timer.o)
                0x0800c2f4                TIM1_BRK_TIM9_IRQHandler
                0x0800c378                TIM1_UP_TIM10_IRQHandler
                0x0800c3fc                TIM1_TRG_COM_TIM11_IRQHandler
                0x0800c480                TIM2_IRQHandler
                0x0800c4b8                TIM3_IRQHandler
                0x0800c4f0                TIM4_IRQHandler
                0x0800c528                TIM5_IRQHandler
                0x0800c560                timer_wait_ms
                0x0800c700                timer_wait_us
                0x0800c898                timer_tick_init
                0x0800cb5c                timer_tick_init_us
                0x0800ce14                timer_tick_period
                0x0800ce42                timer_count_init
                0x0800cfb8                timer_start
                0x0800cfde                timer_stop
                0x0800cffe                timer_read
                0x0800d016                pwm_init
                0x0800d3f8                pwm_get_freq_cfg
                0x0800d5d8                pwm_set_freq_cfg
                0x0800d704                pwm_channel_enable
                0x0800d804                pwm_channel_disable
                0x0800d832                pwm_channel_set
 .text          0x0800d8a0       0xc0 libext/libarm_cortexM4l_math.a(arm_bitreversal2.o)
                0x0800d8a0                arm_bitreversal_32
                0x0800d90a                arm_bitreversal_16
 .text          0x0800d960      0x378 /opt/arm/arm-gnu-toolchain-14.3.rel1-x86_64-arm-none-eabi/bin/../lib/gcc/arm-none-eabi/14.3.1/thumb/v7e-m+fp/softfp/libgcc.a(_arm_addsubdf3.o)
                0x0800d960                __aeabi_drsub
                0x0800d968                __aeabi_dsub
                0x0800d968                __subdf3
                0x0800d96c                __adddf3
                0x0800d96c                __aeabi_dadd
                0x0800dbe4                __aeabi_ui2d
                0x0800dbe4                __floatunsidf
                0x0800dc04                __floatsidf
                0x0800dc04                __aeabi_i2d
                0x0800dc28                __extendsfdf2
                0x0800dc28                __aeabi_f2d
                0x0800dc6c                __aeabi_ul2d
                0x0800dc6c                __floatundidf
                0x0800dc7c                __floatdidf
                0x0800dc7c                __aeabi_l2d
 .text          0x0800dcd8      0x424 /opt/arm/arm-gnu-toolchain-14.3.rel1-x86_64-arm-none-eabi/bin/../lib/gcc/arm-none-eabi/14.3.1/thumb/v7e-m+fp/softfp/libgcc.a(_arm_muldivdf3.o)
                0x0800dcd8                __aeabi_dmul
                0x0800dcd8                __muldf3
                0x0800df2c                __aeabi_ddiv
                0x0800df2c                __divdf3
 .text          0x0800e0fc      0x110 /opt/arm/arm-gnu-toolchain-14.3.rel1-x86_64-arm-none-eabi/bin/../lib/gcc/arm-none-eabi/14.3.1/thumb/v7e-m+fp/softfp/libgcc.a(_arm_cmpdf2.o)
                0x0800e0fc                __gtdf2
                0x0800e0fc                __gedf2
                0x0800e104                __ltdf2
                0x0800e104                __ledf2
                0x0800e10c                __cmpdf2
                0x0800e10c                __eqdf2
                0x0800e10c                __nedf2
                0x0800e188                __aeabi_cdrcmple
                0x0800e198                __aeabi_cdcmple
                0x0800e198                __aeabi_cdcmpeq
                0x0800e1a8                __aeabi_dcmpeq
                0x0800e1bc                __aeabi_dcmplt
                0x0800e1d0                __aeabi_dcmple
                0x0800e1e4                __aeabi_dcmpge
                0x0800e1f8                __aeabi_dcmpgt
 .text          0x0800e20c       0x2c /opt/arm/arm-gnu-toolchain-14.3.rel1-x86_64-arm-none-eabi/bin/../lib/gcc/arm-none-eabi/14.3.1/thumb/v7e-m+fp/softfp/libgcc.a(_arm_unorddf2.o)
                0x0800e20c                __aeabi_dcmpun
                0x0800e20c                __unorddf2
 .text          0x0800e238       0x50 /opt/arm/arm-gnu-toolchain-14.3.rel1-x86_64-arm-none-eabi/bin/../lib/gcc/arm-none-eabi/14.3.1/thumb/v7e-m+fp/softfp/libgcc.a(_arm_fixdfsi.o)
                0x0800e238                __fixdfsi
                0x0800e238                __aeabi_d2iz
 .text          0x0800e288      0x21c /opt/arm/arm-gnu-toolchain-14.3.rel1-x86_64-arm-none-eabi/bin/../lib/gcc/arm-none-eabi/14.3.1/thumb/v7e-m+fp/softfp/libgcc.a(_arm_addsubsf3.o)
                0x0800e288                __aeabi_frsub
                0x0800e290                __subsf3
                0x0800e290                __aeabi_fsub
                0x0800e294                __aeabi_fadd
                0x0800e294                __addsf3
                0x0800e3f4                __aeabi_ui2f
                0x0800e3f4                __floatunsisf
                0x0800e3fc                __aeabi_i2f
                0x0800e3fc                __floatsisf
                0x0800e418                __floatundisf
                0x0800e418                __aeabi_ul2f
                0x0800e428                __floatdisf
                0x0800e428                __aeabi_l2f
 .text          0x0800e4a4      0x2a0 /opt/arm/arm-gnu-toolchain-14.3.rel1-x86_64-arm-none-eabi/bin/../lib/gcc/arm-none-eabi/14.3.1/thumb/v7e-m+fp/softfp/libgcc.a(_arm_muldivsf3.o)
                0x0800e4a4                __mulsf3
                0x0800e4a4                __aeabi_fmul
                0x0800e60c                __divsf3
                0x0800e60c                __aeabi_fdiv
 .text          0x0800e744       0xec /opt/arm/arm-gnu-toolchain-14.3.rel1-x86_64-arm-none-eabi/bin/../lib/gcc/arm-none-eabi/14.3.1/thumb/v7e-m+fp/softfp/libgcc.a(_arm_cmpsf2.o)
                0x0800e744                __gtsf2
                0x0800e744                __gesf2
                0x0800e74c                __lesf2
                0x0800e74c                __ltsf2
                0x0800e754                __nesf2
                0x0800e754                __eqsf2
                0x0800e754                __cmpsf2
                0x0800e7b4                __aeabi_cfrcmple
                0x0800e7bc                __aeabi_cfcmple
                0x0800e7bc                __aeabi_cfcmpeq
                0x0800e7cc                __aeabi_fcmpeq
                0x0800e7e0                __aeabi_fcmplt
                0x0800e7f4                __aeabi_fcmple
                0x0800e808                __aeabi_fcmpge
                0x0800e81c                __aeabi_fcmpgt
 .text          0x0800e830       0x30 /opt/arm/arm-gnu-toolchain-14.3.rel1-x86_64-arm-none-eabi/bin/../lib/gcc/arm-none-eabi/14.3.1/thumb/v7e-m+fp/softfp/libgcc.a(_aeabi_uldivmod.o)
                0x0800e830                __aeabi_uldivmod
 .text          0x0800e860        0x4 /opt/arm/arm-gnu-toolchain-14.3.rel1-x86_64-arm-none-eabi/bin/../lib/gcc/arm-none-eabi/14.3.1/thumb/v7e-m+fp/softfp/libgcc.a(_dvmd_tls.o)
                0x0800e860                __aeabi_ldiv0
                0x0800e860                __aeabi_idiv0
 *fill*         0x0800e864       0x1c 
 .text          0x0800e880      0x2e0 /opt/arm/arm-gnu-toolchain-14.3.rel1-x86_64-arm-none-eabi/bin/../lib/gcc/arm-none-eabi/14.3.1/../../../../arm-none-eabi/lib/thumb/v7e-m+fp/softfp/libc.a(libc_a-strcmp.o)
                0x0800e880                strcmp
 *fill*         0x0800eb60       0x20 
 .text          0x0800eb80       0xd8 /opt/arm/arm-gnu-toolchain-14.3.rel1-x86_64-arm-none-eabi/bin/../lib/gcc/arm-none-eabi/14.3.1/../../../../arm-none-eabi/lib/thumb/v7e-m+fp/softfp/libc.a(libc_a-strlen.o)
                0x0800eb80                strlen
 *(.text*)
 .text.deregister_tm_clones
                0x0800ec58       0x1c /opt/arm/arm-gnu-toolchain-14.3.rel1-x86_64-arm-none-eabi/bin/../lib/gcc/arm-none-eabi/14.3.1/thumb/v7e-m+fp/softfp/crtbegin.o
 .text.register_tm_clones
                0x0800ec74       0x24 /opt/arm/arm-gnu-toolchain-14.3.rel1-x86_64-arm-none-eabi/bin/../lib/gcc/arm-none-eabi/14.3.1/thumb/v7e-m+fp/softfp/crtbegin.o
 .text.__do_global_dtors_aux
                0x0800ec98       0x28 /opt/arm/arm-gnu-toolchain-14.3.rel1-x86_64-arm-none-eabi/bin/../lib/gcc/arm-none-eabi/14.3.1/thumb/v7e-m+fp/softfp/crtbegin.o
 .text.frame_dummy
                0x0800ecc0       0x24 /opt/arm/arm-gnu-toolchain-14.3.rel1-x86_64-arm-none-eabi/bin/../lib/gcc/arm-none-eabi/14.3.1/thumb/v7e-m+fp/softfp/crtbegin.o
 .text.Reset_Handler
                0x0800ece4       0x48 startup/startup_stm32f411xe.o
                0x0800ece4                Reset_Handler
                0x0800ed12                _exit
 .text.Default_Handler
                0x0800ed2c        0x2 startup/startup_stm32f411xe.o
                0x0800ed2c                RTC_Alarm_IRQHandler
                0x0800ed2c                SPI4_IRQHandler
                0x0800ed2c                TIM1_CC_IRQHandler
                0x0800ed2c                PVD_IRQHandler
                0x0800ed2c                SDIO_IRQHandler
                0x0800ed2c                TAMP_STAMP_IRQHandler
                0x0800ed2c                I2C3_ER_IRQHandler
                0x0800ed2c                I2C2_EV_IRQHandler
                0x0800ed2c                FPU_IRQHandler
                0x0800ed2c                USART6_IRQHandler
                0x0800ed2c                I2C1_EV_IRQHandler
                0x0800ed2c                RCC_IRQHandler
                0x0800ed2c                Default_Handler
                0x0800ed2c                SPI5_IRQHandler
                0x0800ed2c                I2C3_EV_IRQHandler
                0x0800ed2c                RTC_WKUP_IRQHandler
                0x0800ed2c                SPI2_IRQHandler
                0x0800ed2c                WWDG_IRQHandler
                0x0800ed2c                OTG_FS_WKUP_IRQHandler
                0x0800ed2c                I2C2_ER_IRQHandler
                0x0800ed2c                FLASH_IRQHandler
                0x0800ed2c                USART1_IRQHandler
                0x0800ed2c                OTG_FS_IRQHandler
                0x0800ed2c                SPI3_IRQHandler
                0x0800ed2c                I2C1_ER_IRQHandler
 *fill*         0x0800ed2e        0x2 
 .text.arm_rfft_fast_init_f32
                0x0800ed30      0x100 libext/libarm_cortexM4l_math.a(arm_rfft_fast_init_f32.o)
                0x0800ed30                arm_rfft_fast_init_f32
 .text.arm_rfft_fast_f32
                0x0800ee30      0x264 libext/libarm_cortexM4l_math.a(arm_rfft_fast_f32.o)
                0x0800ee30                arm_rfft_fast_f32
 .text.arm_cfft_radix8by2_f32
                0x0800f094      0x2ac libext/libarm_cortexM4l_math.a(arm_cfft_f32.o)
                0x0800f094                arm_cfft_radix8by2_f32
 .text.arm_cfft_radix8by4_f32
                0x0800f340      0x73c libext/libarm_cortexM4l_math.a(arm_cfft_f32.o)
                0x0800f340                arm_cfft_radix8by4_f32
 .text.arm_cfft_f32
                0x0800fa7c       0xfc libext/libarm_cortexM4l_math.a(arm_cfft_f32.o)
                0x0800fa7c                arm_cfft_f32
 .text.arm_cmplx_mag_f32
                0x0800fb78      0x19c libext/libarm_cortexM4l_math.a(arm_cmplx_mag_f32.o)
                0x0800fb78                arm_cmplx_mag_f32
 .text.arm_radix8_butterfly_f32
                0x0800fd14      0x9b8 libext/libarm_cortexM4l_math.a(arm_cfft_radix8_f32.o)
                0x0800fd14                arm_radix8_butterfly_f32
 .text.log10    0x080106cc       0x68 /opt/arm/arm-gnu-toolchain-14.3.rel1-x86_64-arm-none-eabi/bin/../lib/gcc/arm-none-eabi/14.3.1/../../../../arm-none-eabi/lib/thumb/v7e-m+fp/softfp/libm.a(libm_a-w_log10.o)
                0x080106cc                log10
 .text.pow      0x08010734       0xdc /opt/arm/arm-gnu-toolchain-14.3.rel1-x86_64-arm-none-eabi/bin/../lib/gcc/arm-none-eabi/14.3.1/../../../../arm-none-eabi/lib/thumb/v7e-m+fp/softfp/libm.a(libm_a-w_pow.o)
                0x08010734                pow
 .text.log10f   0x08010810       0x60 /opt/arm/arm-gnu-toolchain-14.3.rel1-x86_64-arm-none-eabi/bin/../lib/gcc/arm-none-eabi/14.3.1/../../../../arm-none-eabi/lib/thumb/v7e-m+fp/softfp/libm.a(libm_a-wf_log10.o)
                0x08010810                log10f
 .text.powf     0x08010870       0xc0 /opt/arm/arm-gnu-toolchain-14.3.rel1-x86_64-arm-none-eabi/bin/../lib/gcc/arm-none-eabi/14.3.1/../../../../arm-none-eabi/lib/thumb/v7e-m+fp/softfp/libm.a(libm_a-wf_pow.o)
                0x08010870                powf
 .text.sqrtf    0x08010930       0x48 /opt/arm/arm-gnu-toolchain-14.3.rel1-x86_64-arm-none-eabi/bin/../lib/gcc/arm-none-eabi/14.3.1/../../../../arm-none-eabi/lib/thumb/v7e-m+fp/softfp/libm.a(libm_a-wf_sqrt.o)
                0x08010930                sqrtf
 .text.finite   0x08010978        0xc /opt/arm/arm-gnu-toolchain-14.3.rel1-x86_64-arm-none-eabi/bin/../lib/gcc/arm-none-eabi/14.3.1/../../../../arm-none-eabi/lib/thumb/v7e-m+fp/softfp/libm.a(libm_a-s_finite.o)
                0x08010978                finite
 .text.nan      0x08010984        0xc /opt/arm/arm-gnu-toolchain-14.3.rel1-x86_64-arm-none-eabi/bin/../lib/gcc/arm-none-eabi/14.3.1/../../../../arm-none-eabi/lib/thumb/v7e-m+fp/softfp/libm.a(libm_a-s_nan.o)
                0x08010984                nan
 .text.finitef  0x08010990       0x10 /opt/arm/arm-gnu-toolchain-14.3.rel1-x86_64-arm-none-eabi/bin/../lib/gcc/arm-none-eabi/14.3.1/../../../../arm-none-eabi/lib/thumb/v7e-m+fp/softfp/libm.a(libm_a-sf_finite.o)
                0x08010990                finitef
 .text.nanf     0x080109a0        0x8 /opt/arm/arm-gnu-toolchain-14.3.rel1-x86_64-arm-none-eabi/bin/../lib/gcc/arm-none-eabi/14.3.1/../../../../arm-none-eabi/lib/thumb/v7e-m+fp/softfp/libm.a(libm_a-sf_nan.o)
                0x080109a0                nanf
 .text.__ieee754_sqrtf
                0x080109a8       0x10 /opt/arm/arm-gnu-toolchain-14.3.rel1-x86_64-arm-none-eabi/bin/../lib/gcc/arm-none-eabi/14.3.1/../../../../arm-none-eabi/lib/thumb/v7e-m+fp/softfp/libm.a(libm_a-ef_sqrt.o)
                0x080109a8                __ieee754_sqrtf
 .text.floorf   0x080109b8       0x8c /opt/arm/arm-gnu-toolchain-14.3.rel1-x86_64-arm-none-eabi/bin/../lib/gcc/arm-none-eabi/14.3.1/../../../../arm-none-eabi/lib/thumb/v7e-m+fp/softfp/libm.a(libm_a-sf_floor.o)
                0x080109b8                floorf
 *fill*         0x08010a44        0x4 
 .text.__ieee754_log10
                0x08010a48      0x104 /opt/arm/arm-gnu-toolchain-14.3.rel1-x86_64-arm-none-eabi/bin/../lib/gcc/arm-none-eabi/14.3.1/../../../../arm-none-eabi/lib/thumb/v7e-m+fp/softfp/libm.a(libm_a-e_log10.o)
                0x08010a48                __ieee754_log10
 *fill*         0x08010b4c        0x4 
 .text.__ieee754_pow
                0x08010b50      0xc78 /opt/arm/arm-gnu-toolchain-14.3.rel1-x86_64-arm-none-eabi/bin/../lib/gcc/arm-none-eabi/14.3.1/../../../../arm-none-eabi/lib/thumb/v7e-m+fp/softfp/libm.a(libm_a-e_pow.o)
                0x08010b50                __ieee754_pow
 .text.fabs     0x080117c8        0x8 /opt/arm/arm-gnu-toolchain-14.3.rel1-x86_64-arm-none-eabi/bin/../lib/gcc/arm-none-eabi/14.3.1/../../../../arm-none-eabi/lib/thumb/v7e-m+fp/softfp/libm.a(libm_a-s_fabs.o)
                0x080117c8                fabs
 .text.__ieee754_log10f
                0x080117d0       0xd0 /opt/arm/arm-gnu-toolchain-14.3.rel1-x86_64-arm-none-eabi/bin/../lib/gcc/arm-none-eabi/14.3.1/../../../../arm-none-eabi/lib/thumb/v7e-m+fp/softfp/libm.a(libm_a-ef_log10.o)
                0x080117d0                __ieee754_log10f
 .text.__ieee754_powf
                0x080118a0      0x6dc /opt/arm/arm-gnu-toolchain-14.3.rel1-x86_64-arm-none-eabi/bin/../lib/gcc/arm-none-eabi/14.3.1/../../../../arm-none-eabi/lib/thumb/v7e-m+fp/softfp/libm.a(libm_a-ef_pow.o)
                0x080118a0                __ieee754_powf
 .text.fabsf    0x08011f7c        0x8 /opt/arm/arm-gnu-toolchain-14.3.rel1-x86_64-arm-none-eabi/bin/../lib/gcc/arm-none-eabi/14.3.1/../../../../arm-none-eabi/lib/thumb/v7e-m+fp/softfp/libm.a(libm_a-sf_fabs.o)
                0x08011f7c                fabsf
 *fill*         0x08011f84        0x4 
 .text.scalbn   0x08011f88       0xf4 /opt/arm/arm-gnu-toolchain-14.3.rel1-x86_64-arm-none-eabi/bin/../lib/gcc/arm-none-eabi/14.3.1/../../../../arm-none-eabi/lib/thumb/v7e-m+fp/softfp/libm.a(libm_a-s_scalbn.o)
                0x08011f88                scalbn
 .text.with_errno
                0x0801207c       0x18 /opt/arm/arm-gnu-toolchain-14.3.rel1-x86_64-arm-none-eabi/bin/../lib/gcc/arm-none-eabi/14.3.1/../../../../arm-none-eabi/lib/thumb/v7e-m+fp/softfp/libm.a(libm_a-math_err.o)
 .text.xflow    0x08012094       0x28 /opt/arm/arm-gnu-toolchain-14.3.rel1-x86_64-arm-none-eabi/bin/../lib/gcc/arm-none-eabi/14.3.1/../../../../arm-none-eabi/lib/thumb/v7e-m+fp/softfp/libm.a(libm_a-math_err.o)
 .text.__math_uflow
                0x080120bc        0xc /opt/arm/arm-gnu-toolchain-14.3.rel1-x86_64-arm-none-eabi/bin/../lib/gcc/arm-none-eabi/14.3.1/../../../../arm-none-eabi/lib/thumb/v7e-m+fp/softfp/libm.a(libm_a-math_err.o)
                0x080120bc                __math_uflow
 .text.__math_oflow
                0x080120c8        0xc /opt/arm/arm-gnu-toolchain-14.3.rel1-x86_64-arm-none-eabi/bin/../lib/gcc/arm-none-eabi/14.3.1/../../../../arm-none-eabi/lib/thumb/v7e-m+fp/softfp/libm.a(libm_a-math_err.o)
                0x080120c8                __math_oflow
 .text.scalbnf  0x080120d4       0xf0 /opt/arm/arm-gnu-toolchain-14.3.rel1-x86_64-arm-none-eabi/bin/../lib/gcc/arm-none-eabi/14.3.1/../../../../arm-none-eabi/lib/thumb/v7e-m+fp/softfp/libm.a(libm_a-sf_scalbn.o)
                0x080120d4                scalbnf
 .text.with_errnof
                0x080121c4       0x14 /opt/arm/arm-gnu-toolchain-14.3.rel1-x86_64-arm-none-eabi/bin/../lib/gcc/arm-none-eabi/14.3.1/../../../../arm-none-eabi/lib/thumb/v7e-m+fp/softfp/libm.a(libm_a-math_errf.o)
 .text.xflowf   0x080121d8       0x2c /opt/arm/arm-gnu-toolchain-14.3.rel1-x86_64-arm-none-eabi/bin/../lib/gcc/arm-none-eabi/14.3.1/../../../../arm-none-eabi/lib/thumb/v7e-m+fp/softfp/libm.a(libm_a-math_errf.o)
 .text.__math_uflowf
                0x08012204        0x8 /opt/arm/arm-gnu-toolchain-14.3.rel1-x86_64-arm-none-eabi/bin/../lib/gcc/arm-none-eabi/14.3.1/../../../../arm-none-eabi/lib/thumb/v7e-m+fp/softfp/libm.a(libm_a-math_errf.o)
                0x08012204                __math_uflowf
 .text.__math_oflowf
                0x0801220c        0x8 /opt/arm/arm-gnu-toolchain-14.3.rel1-x86_64-arm-none-eabi/bin/../lib/gcc/arm-none-eabi/14.3.1/../../../../arm-none-eabi/lib/thumb/v7e-m+fp/softfp/libm.a(libm_a-math_errf.o)
                0x0801220c                __math_oflowf
 .text.__ieee754_sqrt
                0x08012214      0x1dc /opt/arm/arm-gnu-toolchain-14.3.rel1-x86_64-arm-none-eabi/bin/../lib/gcc/arm-none-eabi/14.3.1/../../../../arm-none-eabi/lib/thumb/v7e-m+fp/softfp/libm.a(libm_a-e_sqrt.o)
                0x08012214                __ieee754_sqrt
 .text.__ieee754_log
                0x080123f0      0x394 /opt/arm/arm-gnu-toolchain-14.3.rel1-x86_64-arm-none-eabi/bin/../lib/gcc/arm-none-eabi/14.3.1/../../../../arm-none-eabi/lib/thumb/v7e-m+fp/softfp/libm.a(libm_a-e_log.o)
                0x080123f0                __ieee754_log
 .text.__ieee754_logf
                0x08012784      0x200 /opt/arm/arm-gnu-toolchain-14.3.rel1-x86_64-arm-none-eabi/bin/../lib/gcc/arm-none-eabi/14.3.1/../../../../arm-none-eabi/lib/thumb/v7e-m+fp/softfp/libm.a(libm_a-ef_log.o)
                0x08012784                __ieee754_logf
 .text.__udivmoddi4
                0x08012984      0x2f8 /opt/arm/arm-gnu-toolchain-14.3.rel1-x86_64-arm-none-eabi/bin/../lib/gcc/arm-none-eabi/14.3.1/thumb/v7e-m+fp/softfp/libgcc.a(_udivmoddi4.o)
                0x08012984                __udivmoddi4
 .text.malloc   0x08012c7c       0x10 /opt/arm/arm-gnu-toolchain-14.3.rel1-x86_64-arm-none-eabi/bin/../lib/gcc/arm-none-eabi/14.3.1/../../../../arm-none-eabi/lib/thumb/v7e-m+fp/softfp/libc.a(libc_a-malloc.o)
                0x08012c7c                malloc
 .text.free     0x08012c8c       0x10 /opt/arm/arm-gnu-toolchain-14.3.rel1-x86_64-arm-none-eabi/bin/../lib/gcc/arm-none-eabi/14.3.1/../../../../arm-none-eabi/lib/thumb/v7e-m+fp/softfp/libc.a(libc_a-malloc.o)
                0x08012c8c                free
 .text._malloc_r
                0x08012c9c      0x598 /opt/arm/arm-gnu-toolchain-14.3.rel1-x86_64-arm-none-eabi/bin/../lib/gcc/arm-none-eabi/14.3.1/../../../../arm-none-eabi/lib/thumb/v7e-m+fp/softfp/libc.a(libc_a-mallocr.o)
                0x08012c9c                _malloc_r
 .text.__malloc_lock
                0x08013234        0xc /opt/arm/arm-gnu-toolchain-14.3.rel1-x86_64-arm-none-eabi/bin/../lib/gcc/arm-none-eabi/14.3.1/../../../../arm-none-eabi/lib/thumb/v7e-m+fp/softfp/libc.a(libc_a-mlock.o)
                0x08013234                __malloc_lock
 .text.__malloc_unlock
                0x08013240        0xc /opt/arm/arm-gnu-toolchain-14.3.rel1-x86_64-arm-none-eabi/bin/../lib/gcc/arm-none-eabi/14.3.1/../../../../arm-none-eabi/lib/thumb/v7e-m+fp/softfp/libc.a(libc_a-mlock.o)
                0x08013240                __malloc_unlock
 .text.realloc  0x0801324c       0x18 /opt/arm/arm-gnu-toolchain-14.3.rel1-x86_64-arm-none-eabi/bin/../lib/gcc/arm-none-eabi/14.3.1/../../../../arm-none-eabi/lib/thumb/v7e-m+fp/softfp/libc.a(libc_a-realloc.o)
                0x0801324c                realloc
 .text._realloc_r
                0x08013264      0x348 /opt/arm/arm-gnu-toolchain-14.3.rel1-x86_64-arm-none-eabi/bin/../lib/gcc/arm-none-eabi/14.3.1/../../../../arm-none-eabi/lib/thumb/v7e-m+fp/softfp/libc.a(libc_a-reallocr.o)
                0x08013264                _realloc_r
 .text.memmove  0x080135ac      0x130 /opt/arm/arm-gnu-toolchain-14.3.rel1-x86_64-arm-none-eabi/bin/../lib/gcc/arm-none-eabi/14.3.1/../../../../arm-none-eabi/lib/thumb/v7e-m+fp/softfp/libc.a(libc_a-memmove.o)
                0x080135ac                memmove
 .text._sbrk_r  0x080136dc       0x24 /opt/arm/arm-gnu-toolchain-14.3.rel1-x86_64-arm-none-eabi/bin/../lib/gcc/arm-none-eabi/14.3.1/../../../../arm-none-eabi/lib/thumb/v7e-m+fp/softfp/libc.a(libc_a-sbrkr.o)
                0x080136dc                _sbrk_r
 .text.__errno  0x08013700        0xc /opt/arm/arm-gnu-toolchain-14.3.rel1-x86_64-arm-none-eabi/bin/../lib/gcc/arm-none-eabi/14.3.1/../../../../arm-none-eabi/lib/thumb/v7e-m+fp/softfp/libc.a(libc_a-errno.o)
                0x08013700                __errno
 .text.__retarget_lock_acquire_recursive
                0x0801370c        0x4 /opt/arm/arm-gnu-toolchain-14.3.rel1-x86_64-arm-none-eabi/bin/../lib/gcc/arm-none-eabi/14.3.1/../../../../arm-none-eabi/lib/thumb/v7e-m+fp/softfp/libc.a(libc_a-lock.o)
                0x0801370c                __retarget_lock_acquire_recursive
 .text.__retarget_lock_release_recursive
                0x08013710        0x4 /opt/arm/arm-gnu-toolchain-14.3.rel1-x86_64-arm-none-eabi/bin/../lib/gcc/arm-none-eabi/14.3.1/../../../../arm-none-eabi/lib/thumb/v7e-m+fp/softfp/libc.a(libc_a-lock.o)
                0x08013710                __retarget_lock_release_recursive
 .text.sysconf  0x08013714       0x1c /opt/arm/arm-gnu-toolchain-14.3.rel1-x86_64-arm-none-eabi/bin/../lib/gcc/arm-none-eabi/14.3.1/../../../../arm-none-eabi/lib/thumb/v7e-m+fp/softfp/libc.a(libc_a-sysconf.o)
                0x08013714                sysconf
 .text.strcpy   0x08013730       0xbc /opt/arm/arm-gnu-toolchain-14.3.rel1-x86_64-arm-none-eabi/bin/../lib/gcc/arm-none-eabi/14.3.1/../../../../arm-none-eabi/lib/thumb/v7e-m+fp/softfp/libc.a(libc_a-strcpy.o)
                0x08013730                strcpy
 .text.startup.register_fini
                0x080137ec       0x14 /opt/arm/arm-gnu-toolchain-14.3.rel1-x86_64-arm-none-eabi/bin/../lib/gcc/arm-none-eabi/14.3.1/../../../../arm-none-eabi/lib/thumb/v7e-m+fp/softfp/libc.a(libc_a-__call_atexit.o)
 .text.atexit   0x08013800        0xc /opt/arm/arm-gnu-toolchain-14.3.rel1-x86_64-arm-none-eabi/bin/../lib/gcc/arm-none-eabi/14.3.1/../../../../arm-none-eabi/lib/thumb/v7e-m+fp/softfp/libc.a(libc_a-atexit.o)
                0x08013800                atexit
 .text._malloc_trim_r
                0x0801380c       0xb8 /opt/arm/arm-gnu-toolchain-14.3.rel1-x86_64-arm-none-eabi/bin/../lib/gcc/arm-none-eabi/14.3.1/../../../../arm-none-eabi/lib/thumb/v7e-m+fp/softfp/libc.a(libc_a-freer.o)
                0x0801380c                _malloc_trim_r
 .text._free_r  0x080138c4      0x1f0 /opt/arm/arm-gnu-toolchain-14.3.rel1-x86_64-arm-none-eabi/bin/../lib/gcc/arm-none-eabi/14.3.1/../../../../arm-none-eabi/lib/thumb/v7e-m+fp/softfp/libc.a(libc_a-freer.o)
                0x080138c4                _free_r
 .text.__libc_fini_array
                0x08013ab4       0x28 /opt/arm/arm-gnu-toolchain-14.3.rel1-x86_64-arm-none-eabi/bin/../lib/gcc/arm-none-eabi/14.3.1/../../../../arm-none-eabi/lib/thumb/v7e-m+fp/softfp/libc.a(libc_a-fini.o)
                0x08013ab4                __libc_fini_array
 .text.__register_exitproc
                0x08013adc       0x80 /opt/arm/arm-gnu-toolchain-14.3.rel1-x86_64-arm-none-eabi/bin/../lib/gcc/arm-none-eabi/14.3.1/../../../../arm-none-eabi/lib/thumb/v7e-m+fp/softfp/libc.a(libc_a-__atexit.o)
                0x08013adc                __register_exitproc
 *(.glue_7)
 .glue_7        0x08013b5c        0x0 linker stubs
 *(.glue_7t)
 .glue_7t       0x08013b5c        0x0 linker stubs
 *(.eh_frame)
 .eh_frame      0x08013b5c        0x0 /opt/arm/arm-gnu-toolchain-14.3.rel1-x86_64-arm-none-eabi/bin/../lib/gcc/arm-none-eabi/14.3.1/thumb/v7e-m+fp/softfp/crtbegin.o
 *(.init)
 .init          0x08013b5c        0x4 /opt/arm/arm-gnu-toolchain-14.3.rel1-x86_64-arm-none-eabi/bin/../lib/gcc/arm-none-eabi/14.3.1/thumb/v7e-m+fp/softfp/crti.o
                0x08013b5c                _init
 .init          0x08013b60        0x8 /opt/arm/arm-gnu-toolchain-14.3.rel1-x86_64-arm-none-eabi/bin/../lib/gcc/arm-none-eabi/14.3.1/thumb/v7e-m+fp/softfp/crtn.o
 *(.fini)
 .fini          0x08013b68        0x4 /opt/arm/arm-gnu-toolchain-14.3.rel1-x86_64-arm-none-eabi/bin/../lib/gcc/arm-none-eabi/14.3.1/thumb/v7e-m+fp/softfp/crti.o
                0x08013b68                _fini
 .fini          0x08013b6c        0x8 /opt/arm/arm-gnu-toolchain-14.3.rel1-x86_64-arm-none-eabi/bin/../lib/gcc/arm-none-eabi/14.3.1/thumb/v7e-m+fp/softfp/crtn.o
                0x08013b74                        . = ALIGN (0x4)
                0x08013b74                        _etext = .

.vfp11_veneer   0x08013b74        0x0
 .vfp11_veneer  0x08013b74        0x0 linker stubs

.v4_bx          0x08013b74        0x0
 .v4_bx         0x08013b74        0x0 linker stubs

.iplt           0x08013b74        0x0
 .iplt          0x08013b74        0x0 /opt/arm/arm-gnu-toolchain-14.3.rel1-x86_64-arm-none-eabi/bin/../lib/gcc/arm-none-eabi/14.3.1/thumb/v7e-m+fp/softfp/crtbegin.o

.rodata         0x08013b78    0x35dc0
                0x08013b78                        . = ALIGN (0x4)
 *(.rodata)
 .rodata        0x08013b78      0x114 startup/stm32f411_periph.o
                0x08013b78                _SCnSCB
                0x08013b7c                _SCB
                0x08013b80                _SysTick
                0x08013b84                _NVIC
                0x08013b88                _ITM
                0x08013b8c                _DWT
                0x08013b90                _TPI
                0x08013b94                _CoreDebug
                0x08013b98                _MPU
                0x08013b9c                _FPU
                0x08013ba0                _TIM2
                0x08013ba4                _TIM3
                0x08013ba8                _TIM4
                0x08013bac                _TIM5
                0x08013bb0                _RTC
                0x08013bb4                _WWDG
                0x08013bb8                _IWDG
                0x08013bbc                _I2S2ext
                0x08013bc0                _SPI2
                0x08013bc4                _SPI3
                0x08013bc8                _I2S3ext
                0x08013bcc                _USART2
                0x08013bd0                _I2C1
                0x08013bd4                _I2C2
                0x08013bd8                _I2C3
                0x08013bdc                _PWR
                0x08013be0                _TIM1
                0x08013be4                _USART1
                0x08013be8                _USART6
                0x08013bec                _ADC1
                0x08013bf0                _ADC
                0x08013bf4                _SDIO
                0x08013bf8                _SPI1
                0x08013bfc                _SPI4
                0x08013c00                _SYSCFG
                0x08013c04                _EXTI
                0x08013c08                _TIM9
                0x08013c0c                _TIM10
                0x08013c10                _TIM11
                0x08013c14                _SPI5
                0x08013c18                _GPIOA
                0x08013c1c                _GPIOB
                0x08013c20                _GPIOC
                0x08013c24                _GPIOD
                0x08013c28                _GPIOE
                0x08013c2c                _GPIOH
                0x08013c30                _CRC
                0x08013c34                _RCC
                0x08013c38                _FLASH
                0x08013c3c                _DMA1
                0x08013c40                _DMA1_Stream0
                0x08013c44                _DMA1_Stream1
                0x08013c48                _DMA1_Stream2
                0x08013c4c                _DMA1_Stream3
                0x08013c50                _DMA1_Stream4
                0x08013c54                _DMA1_Stream5
                0x08013c58                _DMA1_Stream6
                0x08013c5c                _DMA1_Stream7
                0x08013c60                _DMA2
                0x08013c64                _DMA2_Stream0
                0x08013c68                _DMA2_Stream1
                0x08013c6c                _DMA2_Stream2
                0x08013c70                _DMA2_Stream3
                0x08013c74                _DMA2_Stream4
                0x08013c78                _DMA2_Stream5
                0x08013c7c                _DMA2_Stream6
                0x08013c80                _DMA2_Stream7
                0x08013c84                _DBGMCU
                0x08013c88                _USB_OTG_FS
 .rodata        0x08013c8c       0x18 startup/system_stm32f4xx.o
                0x08013c8c                AHBPrescTable
                0x08013c9c                APBPrescTable
 .rodata        0x08013ca4       0x29 src/main.o
 *fill*         0x08013ccd        0x3 
 .rodata        0x08013cd0       0x56 lib/term.o
 *fill*         0x08013d26        0x2 
 .rodata        0x08013d28       0x42 lib/util.o
 *fill*         0x08013d6a        0x2 
 .rodata        0x08013d6c        0x4 liblcd/lcd_dpy.o
                0x08013d6c                disp_modes
 .rodata        0x08013d70       0x34 liblcd/lcd_ts.o
 .rodata        0x08013da4      0x300 liblcd/fonts/fixed8.o
                0x08013da4                fixed8_data
                0x0801409c                fixed8
 .rodata        0x080140a4      0x47c liblcd/fonts/fixed12.o
                0x080140a4                fixed12_data
                0x08014518                fixed12
 .rodata        0x08014520        0x3 liblcd/graph.o
 *fill*         0x08014523        0x1 
 .rodata        0x08014524       0x17 startup/SEGGER_RTT.o
 *(.rodata*)
 *fill*         0x0801453b        0x1 
 .rodata.all_implied_fbits
                0x0801453c       0x24 /opt/arm/arm-gnu-toolchain-14.3.rel1-x86_64-arm-none-eabi/bin/../lib/gcc/arm-none-eabi/14.3.1/thumb/v7e-m+fp/softfp/crtbegin.o
 .rodata.armBitRevIndexTable_fixed_128
                0x08014560       0xe0 libext/libarm_cortexM4l_math.a(arm_common_tables.o)
                0x08014560                armBitRevIndexTable_fixed_128
 .rodata.twiddleCoef_2048
                0x08014640     0x4000 libext/libarm_cortexM4l_math.a(arm_common_tables.o)
                0x08014640                twiddleCoef_2048
 .rodata.armBitRevIndexTable_fixed_2048
                0x08018640      0xf80 libext/libarm_cortexM4l_math.a(arm_common_tables.o)
                0x08018640                armBitRevIndexTable_fixed_2048
 .rodata.twiddleCoef_32_q31
                0x080195c0       0xc0 libext/libarm_cortexM4l_math.a(arm_common_tables.o)
                0x080195c0                twiddleCoef_32_q31
 .rodata.armBitRevIndexTable_fixed_4096
                0x08019680     0x1f80 libext/libarm_cortexM4l_math.a(arm_common_tables.o)
                0x08019680                armBitRevIndexTable_fixed_4096
 .rodata.twiddleCoef_rfft_64
                0x0801b600      0x100 libext/libarm_cortexM4l_math.a(arm_common_tables.o)
                0x0801b600                twiddleCoef_rfft_64
 .rodata.armBitRevIndexTable64
                0x0801b700       0x70 libext/libarm_cortexM4l_math.a(arm_common_tables.o)
                0x0801b700                armBitRevIndexTable64
 .rodata.twiddleCoef_rfft_2048
                0x0801b770     0x2000 libext/libarm_cortexM4l_math.a(arm_common_tables.o)
                0x0801b770                twiddleCoef_rfft_2048
 .rodata.armBitRevIndexTable_fixed_1024
                0x0801d770      0x7c0 libext/libarm_cortexM4l_math.a(arm_common_tables.o)
                0x0801d770                armBitRevIndexTable_fixed_1024
 .rodata.twiddleCoef_rfft_4096
                0x0801df30     0x4000 libext/libarm_cortexM4l_math.a(arm_common_tables.o)
                0x0801df30                twiddleCoef_rfft_4096
 .rodata.twiddleCoef_256
                0x08021f30      0x800 libext/libarm_cortexM4l_math.a(arm_common_tables.o)
                0x08021f30                twiddleCoef_256
 .rodata.twiddleCoef_1024_q15
                0x08022730      0xc00 libext/libarm_cortexM4l_math.a(arm_common_tables.o)
                0x08022730                twiddleCoef_1024_q15
 .rodata.twiddleCoef_1024_q31
                0x08023330     0x1800 libext/libarm_cortexM4l_math.a(arm_common_tables.o)
                0x08023330                twiddleCoef_1024_q31
 .rodata.twiddleCoef_32_q15
                0x08024b30       0x60 libext/libarm_cortexM4l_math.a(arm_common_tables.o)
                0x08024b30                twiddleCoef_32_q15
 .rodata.twiddleCoef_16
                0x08024b90       0x80 libext/libarm_cortexM4l_math.a(arm_common_tables.o)
                0x08024b90                twiddleCoef_16
 .rodata.twiddleCoef_4096_q15
                0x08024c10     0x3000 libext/libarm_cortexM4l_math.a(arm_common_tables.o)
                0x08024c10                twiddleCoef_4096_q15
 .rodata.twiddleCoef_4096_q31
                0x08027c10     0x6000 libext/libarm_cortexM4l_math.a(arm_common_tables.o)
                0x08027c10                twiddleCoef_4096_q31
 .rodata.sinTable_q15
                0x0802dc10      0x402 libext/libarm_cortexM4l_math.a(arm_common_tables.o)
                0x0802dc10                sinTable_q15
 *fill*         0x0802e012        0x2 
 .rodata.sinTable_q31
                0x0802e014      0x804 libext/libarm_cortexM4l_math.a(arm_common_tables.o)
                0x0802e014                sinTable_q31
 .rodata.twiddleCoef_1024
                0x0802e818     0x2000 libext/libarm_cortexM4l_math.a(arm_common_tables.o)
                0x0802e818                twiddleCoef_1024
 .rodata.twiddleCoef_32
                0x08030818      0x100 libext/libarm_cortexM4l_math.a(arm_common_tables.o)
                0x08030818                twiddleCoef_32
 .rodata.armBitRevIndexTable1024
                0x08030918      0xe10 libext/libarm_cortexM4l_math.a(arm_common_tables.o)
                0x08030918                armBitRevIndexTable1024
 .rodata.twiddleCoef_16_q15
                0x08031728       0x30 libext/libarm_cortexM4l_math.a(arm_common_tables.o)
                0x08031728                twiddleCoef_16_q15
 .rodata.twiddleCoef_16_q31
                0x08031758       0x60 libext/libarm_cortexM4l_math.a(arm_common_tables.o)
                0x08031758                twiddleCoef_16_q31
 .rodata.armBitRevIndexTable16
                0x080317b8       0x28 libext/libarm_cortexM4l_math.a(arm_common_tables.o)
                0x080317b8                armBitRevIndexTable16
 .rodata.twiddleCoef_rfft_32
                0x080317e0       0x80 libext/libarm_cortexM4l_math.a(arm_common_tables.o)
                0x080317e0                twiddleCoef_rfft_32
 .rodata.armBitRevIndexTable32
                0x08031860       0x60 libext/libarm_cortexM4l_math.a(arm_common_tables.o)
                0x08031860                armBitRevIndexTable32
 .rodata.armBitRevTable
                0x080318c0      0x800 libext/libarm_cortexM4l_math.a(arm_common_tables.o)
                0x080318c0                armBitRevTable
 .rodata.sinTable_f32
                0x080320c0      0x804 libext/libarm_cortexM4l_math.a(arm_common_tables.o)
                0x080320c0                sinTable_f32
 .rodata.twiddleCoef_128
                0x080328c4      0x400 libext/libarm_cortexM4l_math.a(arm_common_tables.o)
                0x080328c4                twiddleCoef_128
 .rodata.twiddleCoef_64_q15
                0x08032cc4       0xc0 libext/libarm_cortexM4l_math.a(arm_common_tables.o)
                0x08032cc4                twiddleCoef_64_q15
 .rodata.twiddleCoef_2048_q15
                0x08032d84     0x1800 libext/libarm_cortexM4l_math.a(arm_common_tables.o)
                0x08032d84                twiddleCoef_2048_q15
 .rodata.twiddleCoef_64_q31
                0x08034584      0x180 libext/libarm_cortexM4l_math.a(arm_common_tables.o)
                0x08034584                twiddleCoef_64_q31
 .rodata.twiddleCoef_2048_q31
                0x08034704     0x3000 libext/libarm_cortexM4l_math.a(arm_common_tables.o)
                0x08034704                twiddleCoef_2048_q31
 .rodata.twiddleCoef_256_q15
                0x08037704      0x300 libext/libarm_cortexM4l_math.a(arm_common_tables.o)
                0x08037704                twiddleCoef_256_q15
 .rodata.twiddleCoef_512_q15
                0x08037a04      0x600 libext/libarm_cortexM4l_math.a(arm_common_tables.o)
                0x08037a04                twiddleCoef_512_q15
 .rodata.twiddleCoef_256_q31
                0x08038004      0x600 libext/libarm_cortexM4l_math.a(arm_common_tables.o)
                0x08038004                twiddleCoef_256_q31
 .rodata.twiddleCoef_512
                0x08038604     0x1000 libext/libarm_cortexM4l_math.a(arm_common_tables.o)
                0x08038604                twiddleCoef_512
 .rodata.twiddleCoef_512_q31
                0x08039604      0xc00 libext/libarm_cortexM4l_math.a(arm_common_tables.o)
                0x08039604                twiddleCoef_512_q31
 .rodata.armBitRevIndexTable2048
                0x0803a204     0x1dc0 libext/libarm_cortexM4l_math.a(arm_common_tables.o)
                0x0803a204                armBitRevIndexTable2048
 .rodata.armRecipTableQ15
                0x0803bfc4       0x80 libext/libarm_cortexM4l_math.a(arm_common_tables.o)
                0x0803bfc4                armRecipTableQ15
 .rodata.twiddleCoef_64
                0x0803c044      0x200 libext/libarm_cortexM4l_math.a(arm_common_tables.o)
                0x0803c044                twiddleCoef_64
 .rodata.armBitRevIndexTable4096
                0x0803c244     0x1f80 libext/libarm_cortexM4l_math.a(arm_common_tables.o)
                0x0803c244                armBitRevIndexTable4096
 .rodata.armRecipTableQ31
                0x0803e1c4      0x100 libext/libarm_cortexM4l_math.a(arm_common_tables.o)
                0x0803e1c4                armRecipTableQ31
 .rodata.twiddleCoef_rfft_512
                0x0803e2c4      0x800 libext/libarm_cortexM4l_math.a(arm_common_tables.o)
                0x0803e2c4                twiddleCoef_rfft_512
 .rodata.armBitRevIndexTable512
                0x0803eac4      0x380 libext/libarm_cortexM4l_math.a(arm_common_tables.o)
                0x0803eac4                armBitRevIndexTable512
 .rodata.armBitRevIndexTable_fixed_512
                0x0803ee44      0x3c0 libext/libarm_cortexM4l_math.a(arm_common_tables.o)
                0x0803ee44                armBitRevIndexTable_fixed_512
 .rodata.armBitRevIndexTable_fixed_16
                0x0803f204       0x18 libext/libarm_cortexM4l_math.a(arm_common_tables.o)
                0x0803f204                armBitRevIndexTable_fixed_16
 .rodata.twiddleCoef_128_q15
                0x0803f21c      0x180 libext/libarm_cortexM4l_math.a(arm_common_tables.o)
                0x0803f21c                twiddleCoef_128_q15
 .rodata.twiddleCoef_rfft_1024
                0x0803f39c     0x1000 libext/libarm_cortexM4l_math.a(arm_common_tables.o)
                0x0803f39c                twiddleCoef_rfft_1024
 .rodata.twiddleCoef_rfft_256
                0x0804039c      0x400 libext/libarm_cortexM4l_math.a(arm_common_tables.o)
                0x0804039c                twiddleCoef_rfft_256
 .rodata.armBitRevIndexTable256
                0x0804079c      0x370 libext/libarm_cortexM4l_math.a(arm_common_tables.o)
                0x0804079c                armBitRevIndexTable256
 .rodata.armBitRevIndexTable_fixed_32
                0x08040b0c       0x30 libext/libarm_cortexM4l_math.a(arm_common_tables.o)
                0x08040b0c                armBitRevIndexTable_fixed_32
 .rodata.armBitRevIndexTable_fixed_256
                0x08040b3c      0x1e0 libext/libarm_cortexM4l_math.a(arm_common_tables.o)
                0x08040b3c                armBitRevIndexTable_fixed_256
 .rodata.armBitRevIndexTable_fixed_64
                0x08040d1c       0x70 libext/libarm_cortexM4l_math.a(arm_common_tables.o)
                0x08040d1c                armBitRevIndexTable_fixed_64
 .rodata.twiddleCoef_rfft_128
                0x08040d8c      0x200 libext/libarm_cortexM4l_math.a(arm_common_tables.o)
                0x08040d8c                twiddleCoef_rfft_128
 .rodata.armBitRevIndexTable128
                0x08040f8c      0x1a0 libext/libarm_cortexM4l_math.a(arm_common_tables.o)
                0x08040f8c                armBitRevIndexTable128
 .rodata.twiddleCoef_4096
                0x0804112c     0x8000 libext/libarm_cortexM4l_math.a(arm_common_tables.o)
                0x0804112c                twiddleCoef_4096
 .rodata.twiddleCoef_128_q31
                0x0804912c      0x300 libext/libarm_cortexM4l_math.a(arm_common_tables.o)
                0x0804912c                twiddleCoef_128_q31
 .rodata.log10.str1.4
                0x0804942c        0x1 /opt/arm/arm-gnu-toolchain-14.3.rel1-x86_64-arm-none-eabi/bin/../lib/gcc/arm-none-eabi/14.3.1/../../../../arm-none-eabi/lib/thumb/v7e-m+fp/softfp/libm.a(libm_a-w_log10.o)
 .rodata.log10f.str1.4
                0x0804942d        0x1 /opt/arm/arm-gnu-toolchain-14.3.rel1-x86_64-arm-none-eabi/bin/../lib/gcc/arm-none-eabi/14.3.1/../../../../arm-none-eabi/lib/thumb/v7e-m+fp/softfp/libm.a(libm_a-wf_log10.o)
 *fill*         0x0804942d        0x3 
 .rodata.npio2_hw
                0x08049430       0x80 /opt/arm/arm-gnu-toolchain-14.3.rel1-x86_64-arm-none-eabi/bin/../lib/gcc/arm-none-eabi/14.3.1/../../../../arm-none-eabi/lib/thumb/v7e-m+fp/softfp/libm.a(libm_a-ef_rem_pio2.o)
 .rodata.two_over_pi
                0x080494b0      0x318 /opt/arm/arm-gnu-toolchain-14.3.rel1-x86_64-arm-none-eabi/bin/../lib/gcc/arm-none-eabi/14.3.1/../../../../arm-none-eabi/lib/thumb/v7e-m+fp/softfp/libm.a(libm_a-ef_rem_pio2.o)
 .rodata.tiny   0x080497c8        0x8 /opt/arm/arm-gnu-toolchain-14.3.rel1-x86_64-arm-none-eabi/bin/../lib/gcc/arm-none-eabi/14.3.1/../../../../arm-none-eabi/lib/thumb/v7e-m+fp/softfp/libm.a(libm_a-e_sqrt.o)
 .rodata.one    0x080497d0        0x8 /opt/arm/arm-gnu-toolchain-14.3.rel1-x86_64-arm-none-eabi/bin/../lib/gcc/arm-none-eabi/14.3.1/../../../../arm-none-eabi/lib/thumb/v7e-m+fp/softfp/libm.a(libm_a-e_sqrt.o)
 .rodata.PIo2   0x080497d8       0x2c /opt/arm/arm-gnu-toolchain-14.3.rel1-x86_64-arm-none-eabi/bin/../lib/gcc/arm-none-eabi/14.3.1/../../../../arm-none-eabi/lib/thumb/v7e-m+fp/softfp/libm.a(libm_a-kf_rem_pio2.o)
 .rodata.init_jk
                0x08049804        0xc /opt/arm/arm-gnu-toolchain-14.3.rel1-x86_64-arm-none-eabi/bin/../lib/gcc/arm-none-eabi/14.3.1/../../../../arm-none-eabi/lib/thumb/v7e-m+fp/softfp/libm.a(libm_a-kf_rem_pio2.o)
 .rodata._ctype_
                0x08049810      0x101 /opt/arm/arm-gnu-toolchain-14.3.rel1-x86_64-arm-none-eabi/bin/../lib/gcc/arm-none-eabi/14.3.1/../../../../arm-none-eabi/lib/thumb/v7e-m+fp/softfp/libc.a(libc_a-ctype_.o)
                0x08049810                _ctype_
 *fill*         0x08049911        0x3 
 .rodata.all_implied_fbits
                0x08049914       0x24 /opt/arm/arm-gnu-toolchain-14.3.rel1-x86_64-arm-none-eabi/bin/../lib/gcc/arm-none-eabi/14.3.1/thumb/v7e-m+fp/softfp/crtend.o
                0x08049938                        . = ALIGN (0x4)

.ARM.extab
 *(.ARM.extab* .gnu.linkonce.armextab.*)

.ARM            0x08049938        0x8
                0x08049938                        __exidx_start = .
 *(.ARM.exidx*)
 .ARM.exidx     0x08049938        0x8 /opt/arm/arm-gnu-toolchain-14.3.rel1-x86_64-arm-none-eabi/bin/../lib/gcc/arm-none-eabi/14.3.1/../../../../arm-none-eabi/lib/thumb/v7e-m+fp/softfp/libc.a(libc_a-strcmp.o)
 .ARM.exidx     0x08049940        0x0 /opt/arm/arm-gnu-toolchain-14.3.rel1-x86_64-arm-none-eabi/bin/../lib/gcc/arm-none-eabi/14.3.1/../../../../arm-none-eabi/lib/thumb/v7e-m+fp/softfp/libc.a(libc_a-strlen.o)
                                  0x8 (size before relaxing)
 .ARM.exidx.text.__udivmoddi4
                0x08049940        0x0 /opt/arm/arm-gnu-toolchain-14.3.rel1-x86_64-arm-none-eabi/bin/../lib/gcc/arm-none-eabi/14.3.1/thumb/v7e-m+fp/softfp/libgcc.a(_udivmoddi4.o)
                                  0x8 (size before relaxing)
                0x08049940                        __exidx_end = .

.rel.dyn        0x08049940        0x0
 .rel.iplt      0x08049940        0x0 /opt/arm/arm-gnu-toolchain-14.3.rel1-x86_64-arm-none-eabi/bin/../lib/gcc/arm-none-eabi/14.3.1/thumb/v7e-m+fp/softfp/crtbegin.o

.preinit_array  0x08049940        0x0
                0x08049940                        PROVIDE (__preinit_array_start = .)
 *(.preinit_array*)
                0x08049940                        PROVIDE (__preinit_array_end = .)

.init_array     0x08049940        0x8
                0x08049940                        PROVIDE (__init_array_start = .)
 *(SORT_BY_NAME(.init_array.*))
 .init_array.00000
                0x08049940        0x4 /opt/arm/arm-gnu-toolchain-14.3.rel1-x86_64-arm-none-eabi/bin/../lib/gcc/arm-none-eabi/14.3.1/../../../../arm-none-eabi/lib/thumb/v7e-m+fp/softfp/libc.a(libc_a-__call_atexit.o)
 *(.init_array*)
 .init_array    0x08049944        0x4 /opt/arm/arm-gnu-toolchain-14.3.rel1-x86_64-arm-none-eabi/bin/../lib/gcc/arm-none-eabi/14.3.1/thumb/v7e-m+fp/softfp/crtbegin.o
                0x08049948                        PROVIDE (__init_array_end = .)

.fini_array     0x08049948        0x4
                0x08049948                        PROVIDE (__fini_array_start = .)
 *(SORT_BY_NAME(.fini_array.*))
 *(.fini_array*)
 .fini_array    0x08049948        0x4 /opt/arm/arm-gnu-toolchain-14.3.rel1-x86_64-arm-none-eabi/bin/../lib/gcc/arm-none-eabi/14.3.1/thumb/v7e-m+fp/softfp/crtbegin.o
                0x0804994c                        PROVIDE (__fini_array_end = .)
                0x0804994c                        _sidata = LOADADDR (.data)

.data           0x20000000      0x774 load address 0x0804994c
                0x20000000                        . = ALIGN (0x4)
                0x20000000                        _sdata = .
 *(.data)
 .data          0x20000000        0x0 /opt/arm/arm-gnu-toolchain-14.3.rel1-x86_64-arm-none-eabi/bin/../lib/gcc/arm-none-eabi/14.3.1/thumb/v7e-m+fp/softfp/crti.o
 .data          0x20000000        0x0 /opt/arm/arm-gnu-toolchain-14.3.rel1-x86_64-arm-none-eabi/bin/../lib/gcc/arm-none-eabi/14.3.1/thumb/v7e-m+fp/softfp/crtbegin.o
 .data          0x20000000        0x0 /opt/arm/arm-gnu-toolchain-14.3.rel1-x86_64-arm-none-eabi/bin/../lib/gcc/arm-none-eabi/14.3.1/../../../../arm-none-eabi/lib/thumb/v7e-m+fp/softfp/crt0.o
 .data          0x20000000        0x0 startup/stm32f411_periph.o
 .data          0x20000000        0x0 startup/sys_handlers.o
 .data          0x20000000       0xa8 startup/rcc.o
 .data          0x200000a8        0x4 startup/system_stm32f4xx.o
                0x200000a8                SystemCoreClock
 .data          0x200000ac        0x0 src/main.o
 .data          0x200000ac        0x0 lib/event.o
 .data          0x200000ac        0x0 lib/term.o
 .data          0x200000ac        0x0 lib/tick.o
 .data          0x200000ac        0x0 lib/uart.o
 .data          0x200000ac        0x0 lib/util.o
 .data          0x200000ac       0x34 liblcd/lcd.o
                0x200000ac                disp
 .data          0x200000e0        0x0 liblcd/lcd_dpy.o
 .data          0x200000e0        0x0 liblcd/lcd_ts.o
 .data          0x200000e0        0x0 liblcd/lcd_sd.o
 .data          0x200000e0        0x0 liblcd/fonts/fixed8.o
 .data          0x200000e0        0x0 liblcd/fonts/fixed12.o
 .data          0x200000e0        0x0 liblcd/vect.o
 .data          0x200000e0        0x0 liblcd/cplx.o
 .data          0x200000e0       0x28 liblcd/graph.o
                0x20000104                gsfont
 .data          0x20000108       0x10 startup/SEGGER_RTT.o
 .data          0x20000118        0x8 startup/libc_syscalls.o
                0x20000118                ITM_RxBuffer
 .data          0x20000120        0x0 startup/startup_stm32f411xe.o
 .data          0x20000120        0x0 startup/SEGGER_RTT_ASM_ARMv7M.o
 .data          0x20000120        0x0 lib/libstm32.a(adc.o)
 .data          0x20000120        0x0 lib/libstm32.a(dma.o)
 .data          0x20000120        0x0 lib/libstm32.a(io.o)
 .data          0x20000120       0x34 lib/libstm32.a(spi.o)
                0x20000120                dma2s5_spi1_tx
 .data          0x20000154        0x0 lib/libstm32.a(timer.o)
 .data          0x20000154        0x0 libext/libarm_cortexM4l_math.a(arm_rfft_fast_init_f32.o)
 .data          0x20000154        0x0 libext/libarm_cortexM4l_math.a(arm_rfft_fast_f32.o)
 .data          0x20000154        0x0 libext/libarm_cortexM4l_math.a(arm_cfft_f32.o)
 .data          0x20000154        0x0 libext/libarm_cortexM4l_math.a(arm_cmplx_mag_f32.o)
 .data          0x20000154        0x0 libext/libarm_cortexM4l_math.a(arm_common_tables.o)
 .data          0x20000154        0x0 libext/libarm_cortexM4l_math.a(arm_bitreversal2.o)
 .data          0x20000154        0x0 libext/libarm_cortexM4l_math.a(arm_cfft_radix8_f32.o)
 .data          0x20000154        0x0 /opt/arm/arm-gnu-toolchain-14.3.rel1-x86_64-arm-none-eabi/bin/../lib/gcc/arm-none-eabi/14.3.1/../../../../arm-none-eabi/lib/thumb/v7e-m+fp/softfp/libm.a(libm_a-w_log10.o)
 .data          0x20000154        0x0 /opt/arm/arm-gnu-toolchain-14.3.rel1-x86_64-arm-none-eabi/bin/../lib/gcc/arm-none-eabi/14.3.1/../../../../arm-none-eabi/lib/thumb/v7e-m+fp/softfp/libm.a(libm_a-w_pow.o)
 .data          0x20000154        0x0 /opt/arm/arm-gnu-toolchain-14.3.rel1-x86_64-arm-none-eabi/bin/../lib/gcc/arm-none-eabi/14.3.1/../../../../arm-none-eabi/lib/thumb/v7e-m+fp/softfp/libm.a(libm_a-wf_log10.o)
 .data          0x20000154        0x0 /opt/arm/arm-gnu-toolchain-14.3.rel1-x86_64-arm-none-eabi/bin/../lib/gcc/arm-none-eabi/14.3.1/../../../../arm-none-eabi/lib/thumb/v7e-m+fp/softfp/libm.a(libm_a-wf_pow.o)
 .data          0x20000154        0x0 /opt/arm/arm-gnu-toolchain-14.3.rel1-x86_64-arm-none-eabi/bin/../lib/gcc/arm-none-eabi/14.3.1/../../../../arm-none-eabi/lib/thumb/v7e-m+fp/softfp/libm.a(libm_a-wf_sqrt.o)
 .data          0x20000154        0x0 /opt/arm/arm-gnu-toolchain-14.3.rel1-x86_64-arm-none-eabi/bin/../lib/gcc/arm-none-eabi/14.3.1/../../../../arm-none-eabi/lib/thumb/v7e-m+fp/softfp/libm.a(libm_a-sf_cos.o)
 .data          0x20000154        0x0 /opt/arm/arm-gnu-toolchain-14.3.rel1-x86_64-arm-none-eabi/bin/../lib/gcc/arm-none-eabi/14.3.1/../../../../arm-none-eabi/lib/thumb/v7e-m+fp/softfp/libm.a(libm_a-sf_sin.o)
 .data          0x20000154        0x0 /opt/arm/arm-gnu-toolchain-14.3.rel1-x86_64-arm-none-eabi/bin/../lib/gcc/arm-none-eabi/14.3.1/../../../../arm-none-eabi/lib/thumb/v7e-m+fp/softfp/libm.a(libm_a-s_finite.o)
 .data          0x20000154        0x0 /opt/arm/arm-gnu-toolchain-14.3.rel1-x86_64-arm-none-eabi/bin/../lib/gcc/arm-none-eabi/14.3.1/../../../../arm-none-eabi/lib/thumb/v7e-m+fp/softfp/libm.a(libm_a-s_nan.o)
 .data          0x20000154        0x0 /opt/arm/arm-gnu-toolchain-14.3.rel1-x86_64-arm-none-eabi/bin/../lib/gcc/arm-none-eabi/14.3.1/../../../../arm-none-eabi/lib/thumb/v7e-m+fp/softfp/libm.a(libm_a-sf_finite.o)
 .data          0x20000154        0x0 /opt/arm/arm-gnu-toolchain-14.3.rel1-x86_64-arm-none-eabi/bin/../lib/gcc/arm-none-eabi/14.3.1/../../../../arm-none-eabi/lib/thumb/v7e-m+fp/softfp/libm.a(libm_a-sf_nan.o)
 .data          0x20000154        0x0 /opt/arm/arm-gnu-toolchain-14.3.rel1-x86_64-arm-none-eabi/bin/../lib/gcc/arm-none-eabi/14.3.1/../../../../arm-none-eabi/lib/thumb/v7e-m+fp/softfp/libm.a(libm_a-ef_sqrt.o)
 .data          0x20000154        0x0 /opt/arm/arm-gnu-toolchain-14.3.rel1-x86_64-arm-none-eabi/bin/../lib/gcc/arm-none-eabi/14.3.1/../../../../arm-none-eabi/lib/thumb/v7e-m+fp/softfp/libm.a(libm_a-sf_floor.o)
 .data          0x20000154        0x0 /opt/arm/arm-gnu-toolchain-14.3.rel1-x86_64-arm-none-eabi/bin/../lib/gcc/arm-none-eabi/14.3.1/../../../../arm-none-eabi/lib/thumb/v7e-m+fp/softfp/libm.a(libm_a-e_log10.o)
 .data          0x20000154        0x0 /opt/arm/arm-gnu-toolchain-14.3.rel1-x86_64-arm-none-eabi/bin/../lib/gcc/arm-none-eabi/14.3.1/../../../../arm-none-eabi/lib/thumb/v7e-m+fp/softfp/libm.a(libm_a-e_pow.o)
 .data          0x20000154        0x0 /opt/arm/arm-gnu-toolchain-14.3.rel1-x86_64-arm-none-eabi/bin/../lib/gcc/arm-none-eabi/14.3.1/../../../../arm-none-eabi/lib/thumb/v7e-m+fp/softfp/libm.a(libm_a-s_fabs.o)
 .data          0x20000154        0x0 /opt/arm/arm-gnu-toolchain-14.3.rel1-x86_64-arm-none-eabi/bin/../lib/gcc/arm-none-eabi/14.3.1/../../../../arm-none-eabi/lib/thumb/v7e-m+fp/softfp/libm.a(libm_a-kf_cos.o)
 .data          0x20000154        0x0 /opt/arm/arm-gnu-toolchain-14.3.rel1-x86_64-arm-none-eabi/bin/../lib/gcc/arm-none-eabi/14.3.1/../../../../arm-none-eabi/lib/thumb/v7e-m+fp/softfp/libm.a(libm_a-kf_sin.o)
 .data          0x20000154        0x0 /opt/arm/arm-gnu-toolchain-14.3.rel1-x86_64-arm-none-eabi/bin/../lib/gcc/arm-none-eabi/14.3.1/../../../../arm-none-eabi/lib/thumb/v7e-m+fp/softfp/libm.a(libm_a-ef_log10.o)
 .data          0x20000154        0x0 /opt/arm/arm-gnu-toolchain-14.3.rel1-x86_64-arm-none-eabi/bin/../lib/gcc/arm-none-eabi/14.3.1/../../../../arm-none-eabi/lib/thumb/v7e-m+fp/softfp/libm.a(libm_a-ef_pow.o)
 .data          0x20000154        0x0 /opt/arm/arm-gnu-toolchain-14.3.rel1-x86_64-arm-none-eabi/bin/../lib/gcc/arm-none-eabi/14.3.1/../../../../arm-none-eabi/lib/thumb/v7e-m+fp/softfp/libm.a(libm_a-ef_rem_pio2.o)
 .data          0x20000154        0x0 /opt/arm/arm-gnu-toolchain-14.3.rel1-x86_64-arm-none-eabi/bin/../lib/gcc/arm-none-eabi/14.3.1/../../../../arm-none-eabi/lib/thumb/v7e-m+fp/softfp/libm.a(libm_a-sf_fabs.o)
 .data          0x20000154        0x0 /opt/arm/arm-gnu-toolchain-14.3.rel1-x86_64-arm-none-eabi/bin/../lib/gcc/arm-none-eabi/14.3.1/../../../../arm-none-eabi/lib/thumb/v7e-m+fp/softfp/libm.a(libm_a-s_scalbn.o)
 .data          0x20000154        0x0 /opt/arm/arm-gnu-toolchain-14.3.rel1-x86_64-arm-none-eabi/bin/../lib/gcc/arm-none-eabi/14.3.1/../../../../arm-none-eabi/lib/thumb/v7e-m+fp/softfp/libm.a(libm_a-math_err.o)
 .data          0x20000154        0x0 /opt/arm/arm-gnu-toolchain-14.3.rel1-x86_64-arm-none-eabi/bin/../lib/gcc/arm-none-eabi/14.3.1/../../../../arm-none-eabi/lib/thumb/v7e-m+fp/softfp/libm.a(libm_a-sf_scalbn.o)
 .data          0x20000154        0x0 /opt/arm/arm-gnu-toolchain-14.3.rel1-x86_64-arm-none-eabi/bin/../lib/gcc/arm-none-eabi/14.3.1/../../../../arm-none-eabi/lib/thumb/v7e-m+fp/softfp/libm.a(libm_a-math_errf.o)
 .data          0x20000154        0x0 /opt/arm/arm-gnu-toolchain-14.3.rel1-x86_64-arm-none-eabi/bin/../lib/gcc/arm-none-eabi/14.3.1/../../../../arm-none-eabi/lib/thumb/v7e-m+fp/softfp/libm.a(libm_a-e_sqrt.o)
 .data          0x20000154        0x0 /opt/arm/arm-gnu-toolchain-14.3.rel1-x86_64-arm-none-eabi/bin/../lib/gcc/arm-none-eabi/14.3.1/../../../../arm-none-eabi/lib/thumb/v7e-m+fp/softfp/libm.a(libm_a-e_log.o)
 .data          0x20000154        0x0 /opt/arm/arm-gnu-toolchain-14.3.rel1-x86_64-arm-none-eabi/bin/../lib/gcc/arm-none-eabi/14.3.1/../../../../arm-none-eabi/lib/thumb/v7e-m+fp/softfp/libm.a(libm_a-kf_rem_pio2.o)
 .data          0x20000154        0x0 /opt/arm/arm-gnu-toolchain-14.3.rel1-x86_64-arm-none-eabi/bin/../lib/gcc/arm-none-eabi/14.3.1/../../../../arm-none-eabi/lib/thumb/v7e-m+fp/softfp/libm.a(libm_a-ef_log.o)
 .data          0x20000154        0x0 /opt/arm/arm-gnu-toolchain-14.3.rel1-x86_64-arm-none-eabi/bin/../lib/gcc/arm-none-eabi/14.3.1/thumb/v7e-m+fp/softfp/libgcc.a(_arm_muldf3.o)
 .data          0x20000154        0x0 /opt/arm/arm-gnu-toolchain-14.3.rel1-x86_64-arm-none-eabi/bin/../lib/gcc/arm-none-eabi/14.3.1/thumb/v7e-m+fp/softfp/libgcc.a(_arm_mulsf3.o)
 .data          0x20000154        0x0 /opt/arm/arm-gnu-toolchain-14.3.rel1-x86_64-arm-none-eabi/bin/../lib/gcc/arm-none-eabi/14.3.1/thumb/v7e-m+fp/softfp/libgcc.a(_arm_addsubdf3.o)
 .data          0x20000154        0x0 /opt/arm/arm-gnu-toolchain-14.3.rel1-x86_64-arm-none-eabi/bin/../lib/gcc/arm-none-eabi/14.3.1/thumb/v7e-m+fp/softfp/libgcc.a(_arm_muldivdf3.o)
 .data          0x20000154        0x0 /opt/arm/arm-gnu-toolchain-14.3.rel1-x86_64-arm-none-eabi/bin/../lib/gcc/arm-none-eabi/14.3.1/thumb/v7e-m+fp/softfp/libgcc.a(_arm_cmpdf2.o)
 .data          0x20000154        0x0 /opt/arm/arm-gnu-toolchain-14.3.rel1-x86_64-arm-none-eabi/bin/../lib/gcc/arm-none-eabi/14.3.1/thumb/v7e-m+fp/softfp/libgcc.a(_arm_unorddf2.o)
 .data          0x20000154        0x0 /opt/arm/arm-gnu-toolchain-14.3.rel1-x86_64-arm-none-eabi/bin/../lib/gcc/arm-none-eabi/14.3.1/thumb/v7e-m+fp/softfp/libgcc.a(_arm_fixdfsi.o)
 .data          0x20000154        0x0 /opt/arm/arm-gnu-toolchain-14.3.rel1-x86_64-arm-none-eabi/bin/../lib/gcc/arm-none-eabi/14.3.1/thumb/v7e-m+fp/softfp/libgcc.a(_arm_addsubsf3.o)
 .data          0x20000154        0x0 /opt/arm/arm-gnu-toolchain-14.3.rel1-x86_64-arm-none-eabi/bin/../lib/gcc/arm-none-eabi/14.3.1/thumb/v7e-m+fp/softfp/libgcc.a(_arm_muldivsf3.o)
 .data          0x20000154        0x0 /opt/arm/arm-gnu-toolchain-14.3.rel1-x86_64-arm-none-eabi/bin/../lib/gcc/arm-none-eabi/14.3.1/thumb/v7e-m+fp/softfp/libgcc.a(_arm_cmpsf2.o)
 .data          0x20000154        0x0 /opt/arm/arm-gnu-toolchain-14.3.rel1-x86_64-arm-none-eabi/bin/../lib/gcc/arm-none-eabi/14.3.1/thumb/v7e-m+fp/softfp/libgcc.a(_aeabi_uldivmod.o)
 .data          0x20000154        0x0 /opt/arm/arm-gnu-toolchain-14.3.rel1-x86_64-arm-none-eabi/bin/../lib/gcc/arm-none-eabi/14.3.1/thumb/v7e-m+fp/softfp/libgcc.a(_udivmoddi4.o)
 .data          0x20000154        0x0 /opt/arm/arm-gnu-toolchain-14.3.rel1-x86_64-arm-none-eabi/bin/../lib/gcc/arm-none-eabi/14.3.1/thumb/v7e-m+fp/softfp/libgcc.a(_dvmd_tls.o)
 .data          0x20000154        0x0 /opt/arm/arm-gnu-toolchain-14.3.rel1-x86_64-arm-none-eabi/bin/../lib/gcc/arm-none-eabi/14.3.1/../../../../arm-none-eabi/lib/thumb/v7e-m+fp/softfp/libc.a(libc_a-exit.o)
 .data          0x20000154        0x0 /opt/arm/arm-gnu-toolchain-14.3.rel1-x86_64-arm-none-eabi/bin/../lib/gcc/arm-none-eabi/14.3.1/../../../../arm-none-eabi/lib/thumb/v7e-m+fp/softfp/libc.a(libc_a-malloc.o)
 .data          0x20000154        0x0 /opt/arm/arm-gnu-toolchain-14.3.rel1-x86_64-arm-none-eabi/bin/../lib/gcc/arm-none-eabi/14.3.1/../../../../arm-none-eabi/lib/thumb/v7e-m+fp/softfp/libc.a(libc_a-mallocr.o)
 .data          0x20000154        0x0 /opt/arm/arm-gnu-toolchain-14.3.rel1-x86_64-arm-none-eabi/bin/../lib/gcc/arm-none-eabi/14.3.1/../../../../arm-none-eabi/lib/thumb/v7e-m+fp/softfp/libc.a(libc_a-mlock.o)
 .data          0x20000154        0x0 /opt/arm/arm-gnu-toolchain-14.3.rel1-x86_64-arm-none-eabi/bin/../lib/gcc/arm-none-eabi/14.3.1/../../../../arm-none-eabi/lib/thumb/v7e-m+fp/softfp/libc.a(libc_a-realloc.o)
 .data          0x20000154        0x0 /opt/arm/arm-gnu-toolchain-14.3.rel1-x86_64-arm-none-eabi/bin/../lib/gcc/arm-none-eabi/14.3.1/../../../../arm-none-eabi/lib/thumb/v7e-m+fp/softfp/libc.a(libc_a-reallocr.o)
 .data          0x20000154        0x0 /opt/arm/arm-gnu-toolchain-14.3.rel1-x86_64-arm-none-eabi/bin/../lib/gcc/arm-none-eabi/14.3.1/../../../../arm-none-eabi/lib/thumb/v7e-m+fp/softfp/libc.a(libc_a-ctype_.o)
 .data          0x20000154        0x0 /opt/arm/arm-gnu-toolchain-14.3.rel1-x86_64-arm-none-eabi/bin/../lib/gcc/arm-none-eabi/14.3.1/../../../../arm-none-eabi/lib/thumb/v7e-m+fp/softfp/libc.a(libc_a-findfp.o)
 .data          0x20000154        0x0 /opt/arm/arm-gnu-toolchain-14.3.rel1-x86_64-arm-none-eabi/bin/../lib/gcc/arm-none-eabi/14.3.1/../../../../arm-none-eabi/lib/thumb/v7e-m+fp/softfp/libc.a(libc_a-fwalk.o)
 .data          0x20000154        0x0 /opt/arm/arm-gnu-toolchain-14.3.rel1-x86_64-arm-none-eabi/bin/../lib/gcc/arm-none-eabi/14.3.1/../../../../arm-none-eabi/lib/thumb/v7e-m+fp/softfp/libc.a(libc_a-stdio.o)
 .data          0x20000154        0x0 /opt/arm/arm-gnu-toolchain-14.3.rel1-x86_64-arm-none-eabi/bin/../lib/gcc/arm-none-eabi/14.3.1/../../../../arm-none-eabi/lib/thumb/v7e-m+fp/softfp/libc.a(libc_a-memmove.o)
 .data          0x20000154        0x0 /opt/arm/arm-gnu-toolchain-14.3.rel1-x86_64-arm-none-eabi/bin/../lib/gcc/arm-none-eabi/14.3.1/../../../../arm-none-eabi/lib/thumb/v7e-m+fp/softfp/libc.a(libc_a-memset.o)
 .data          0x20000154        0x0 /opt/arm/arm-gnu-toolchain-14.3.rel1-x86_64-arm-none-eabi/bin/../lib/gcc/arm-none-eabi/14.3.1/../../../../arm-none-eabi/lib/thumb/v7e-m+fp/softfp/libc.a(libc_a-closer.o)
 .data          0x20000154        0x0 /opt/arm/arm-gnu-toolchain-14.3.rel1-x86_64-arm-none-eabi/bin/../lib/gcc/arm-none-eabi/14.3.1/../../../../arm-none-eabi/lib/thumb/v7e-m+fp/softfp/libc.a(libc_a-reent.o)
 .data          0x20000154        0x0 /opt/arm/arm-gnu-toolchain-14.3.rel1-x86_64-arm-none-eabi/bin/../lib/gcc/arm-none-eabi/14.3.1/../../../../arm-none-eabi/lib/thumb/v7e-m+fp/softfp/libc.a(libc_a-impure.o)
 .data          0x20000154        0x0 /opt/arm/arm-gnu-toolchain-14.3.rel1-x86_64-arm-none-eabi/bin/../lib/gcc/arm-none-eabi/14.3.1/../../../../arm-none-eabi/lib/thumb/v7e-m+fp/softfp/libc.a(libc_a-lseekr.o)
 .data          0x20000154        0x0 /opt/arm/arm-gnu-toolchain-14.3.rel1-x86_64-arm-none-eabi/bin/../lib/gcc/arm-none-eabi/14.3.1/../../../../arm-none-eabi/lib/thumb/v7e-m+fp/softfp/libc.a(libc_a-readr.o)
 .data          0x20000154        0x0 /opt/arm/arm-gnu-toolchain-14.3.rel1-x86_64-arm-none-eabi/bin/../lib/gcc/arm-none-eabi/14.3.1/../../../../arm-none-eabi/lib/thumb/v7e-m+fp/softfp/libc.a(libc_a-sbrkr.o)
 .data          0x20000154        0x0 /opt/arm/arm-gnu-toolchain-14.3.rel1-x86_64-arm-none-eabi/bin/../lib/gcc/arm-none-eabi/14.3.1/../../../../arm-none-eabi/lib/thumb/v7e-m+fp/softfp/libc.a(libc_a-writer.o)
 .data          0x20000154        0x0 /opt/arm/arm-gnu-toolchain-14.3.rel1-x86_64-arm-none-eabi/bin/../lib/gcc/arm-none-eabi/14.3.1/../../../../arm-none-eabi/lib/thumb/v7e-m+fp/softfp/libc.a(libc_a-errno.o)
 .data          0x20000154        0x0 /opt/arm/arm-gnu-toolchain-14.3.rel1-x86_64-arm-none-eabi/bin/../lib/gcc/arm-none-eabi/14.3.1/../../../../arm-none-eabi/lib/thumb/v7e-m+fp/softfp/libc.a(libc_a-init.o)
 .data          0x20000154        0x0 /opt/arm/arm-gnu-toolchain-14.3.rel1-x86_64-arm-none-eabi/bin/../lib/gcc/arm-none-eabi/14.3.1/../../../../arm-none-eabi/lib/thumb/v7e-m+fp/softfp/libc.a(libc_a-lock.o)
 .data          0x20000154        0x0 /opt/arm/arm-gnu-toolchain-14.3.rel1-x86_64-arm-none-eabi/bin/../lib/gcc/arm-none-eabi/14.3.1/../../../../arm-none-eabi/lib/thumb/v7e-m+fp/softfp/libc.a(libc_a-sysconf.o)
 .data          0x20000154        0x0 /opt/arm/arm-gnu-toolchain-14.3.rel1-x86_64-arm-none-eabi/bin/../lib/gcc/arm-none-eabi/14.3.1/../../../../arm-none-eabi/lib/thumb/v7e-m+fp/softfp/libc.a(libc_a-strcmp.o)
 .data          0x20000154        0x0 /opt/arm/arm-gnu-toolchain-14.3.rel1-x86_64-arm-none-eabi/bin/../lib/gcc/arm-none-eabi/14.3.1/../../../../arm-none-eabi/lib/thumb/v7e-m+fp/softfp/libc.a(libc_a-strcpy.o)
 .data          0x20000154        0x0 /opt/arm/arm-gnu-toolchain-14.3.rel1-x86_64-arm-none-eabi/bin/../lib/gcc/arm-none-eabi/14.3.1/../../../../arm-none-eabi/lib/thumb/v7e-m+fp/softfp/libc.a(libc_a-memcpy.o)
 .data          0x20000154        0x0 /opt/arm/arm-gnu-toolchain-14.3.rel1-x86_64-arm-none-eabi/bin/../lib/gcc/arm-none-eabi/14.3.1/../../../../arm-none-eabi/lib/thumb/v7e-m+fp/softfp/libc.a(libc_a-strlen.o)
 .data          0x20000154        0x0 /opt/arm/arm-gnu-toolchain-14.3.rel1-x86_64-arm-none-eabi/bin/../lib/gcc/arm-none-eabi/14.3.1/../../../../arm-none-eabi/lib/thumb/v7e-m+fp/softfp/libc.a(libc_a-__call_atexit.o)
 .data          0x20000154        0x0 /opt/arm/arm-gnu-toolchain-14.3.rel1-x86_64-arm-none-eabi/bin/../lib/gcc/arm-none-eabi/14.3.1/../../../../arm-none-eabi/lib/thumb/v7e-m+fp/softfp/libc.a(libc_a-atexit.o)
 .data          0x20000154        0x0 /opt/arm/arm-gnu-toolchain-14.3.rel1-x86_64-arm-none-eabi/bin/../lib/gcc/arm-none-eabi/14.3.1/../../../../arm-none-eabi/lib/thumb/v7e-m+fp/softfp/libc.a(libc_a-freer.o)
 .data          0x20000154        0x0 /opt/arm/arm-gnu-toolchain-14.3.rel1-x86_64-arm-none-eabi/bin/../lib/gcc/arm-none-eabi/14.3.1/../../../../arm-none-eabi/lib/thumb/v7e-m+fp/softfp/libc.a(libc_a-fclose.o)
 .data          0x20000154        0x0 /opt/arm/arm-gnu-toolchain-14.3.rel1-x86_64-arm-none-eabi/bin/../lib/gcc/arm-none-eabi/14.3.1/../../../../arm-none-eabi/lib/thumb/v7e-m+fp/softfp/libc.a(libc_a-fflush.o)
 .data          0x20000154        0x0 /opt/arm/arm-gnu-toolchain-14.3.rel1-x86_64-arm-none-eabi/bin/../lib/gcc/arm-none-eabi/14.3.1/../../../../arm-none-eabi/lib/thumb/v7e-m+fp/softfp/libc.a(libc_a-fini.o)
 .data          0x20000154        0x0 /opt/arm/arm-gnu-toolchain-14.3.rel1-x86_64-arm-none-eabi/bin/../lib/gcc/arm-none-eabi/14.3.1/../../../../arm-none-eabi/lib/thumb/v7e-m+fp/softfp/libc.a(libc_a-__atexit.o)
 .data          0x20000154        0x0 /opt/arm/arm-gnu-toolchain-14.3.rel1-x86_64-arm-none-eabi/bin/../lib/gcc/arm-none-eabi/14.3.1/thumb/v7e-m+fp/softfp/crtend.o
 .data          0x20000154        0x0 /opt/arm/arm-gnu-toolchain-14.3.rel1-x86_64-arm-none-eabi/bin/../lib/gcc/arm-none-eabi/14.3.1/thumb/v7e-m+fp/softfp/crtn.o
 *(.data*)
 .data.__malloc_sbrk_base
                0x20000154        0x4 /opt/arm/arm-gnu-toolchain-14.3.rel1-x86_64-arm-none-eabi/bin/../lib/gcc/arm-none-eabi/14.3.1/../../../../arm-none-eabi/lib/thumb/v7e-m+fp/softfp/libc.a(libc_a-mallocr.o)
                0x20000154                __malloc_sbrk_base
 .data.__malloc_trim_threshold
                0x20000158        0x4 /opt/arm/arm-gnu-toolchain-14.3.rel1-x86_64-arm-none-eabi/bin/../lib/gcc/arm-none-eabi/14.3.1/../../../../arm-none-eabi/lib/thumb/v7e-m+fp/softfp/libc.a(libc_a-mallocr.o)
                0x20000158                __malloc_trim_threshold
 *fill*         0x2000015c        0x4 
 .data.__malloc_av_
                0x20000160      0x408 /opt/arm/arm-gnu-toolchain-14.3.rel1-x86_64-arm-none-eabi/bin/../lib/gcc/arm-none-eabi/14.3.1/../../../../arm-none-eabi/lib/thumb/v7e-m+fp/softfp/libc.a(libc_a-mallocr.o)
                0x20000160                __malloc_av_
 .data._impure_ptr
                0x20000568        0x4 /opt/arm/arm-gnu-toolchain-14.3.rel1-x86_64-arm-none-eabi/bin/../lib/gcc/arm-none-eabi/14.3.1/../../../../arm-none-eabi/lib/thumb/v7e-m+fp/softfp/libc.a(libc_a-impure.o)
                0x20000568                _impure_ptr
 *fill*         0x2000056c        0x4 
 .data._impure_data
                0x20000570      0x200 /opt/arm/arm-gnu-toolchain-14.3.rel1-x86_64-arm-none-eabi/bin/../lib/gcc/arm-none-eabi/14.3.1/../../../../arm-none-eabi/lib/thumb/v7e-m+fp/softfp/libc.a(libc_a-impure.o)
                0x20000570                _impure_data
 .data.__atexit_recursive_mutex
                0x20000770        0x4 /opt/arm/arm-gnu-toolchain-14.3.rel1-x86_64-arm-none-eabi/bin/../lib/gcc/arm-none-eabi/14.3.1/../../../../arm-none-eabi/lib/thumb/v7e-m+fp/softfp/libc.a(libc_a-__call_atexit.o)
                0x20000770                __atexit_recursive_mutex
                0x20000774                        . = ALIGN (0x4)
                0x20000774                        _edata = .

.tm_clone_table
                0x20000774        0x0 load address 0x0804a0c0
 .tm_clone_table
                0x20000774        0x0 /opt/arm/arm-gnu-toolchain-14.3.rel1-x86_64-arm-none-eabi/bin/../lib/gcc/arm-none-eabi/14.3.1/thumb/v7e-m+fp/softfp/crtbegin.o
 .tm_clone_table
                0x20000774        0x0 /opt/arm/arm-gnu-toolchain-14.3.rel1-x86_64-arm-none-eabi/bin/../lib/gcc/arm-none-eabi/14.3.1/thumb/v7e-m+fp/softfp/crtend.o

.igot.plt       0x20000774        0x0 load address 0x0804a0c0
 .igot.plt      0x20000774        0x0 /opt/arm/arm-gnu-toolchain-14.3.rel1-x86_64-arm-none-eabi/bin/../lib/gcc/arm-none-eabi/14.3.1/thumb/v7e-m+fp/softfp/crtbegin.o
                0x20000774                        . = ALIGN (0x4)

.bss            0x20000774     0x3aa0 load address 0x0804a0c0
                0x20000774                        _sbss = .
                0x20000774                        __bss_start__ = _sbss
 *(.bss)
 .bss           0x20000774        0x0 /opt/arm/arm-gnu-toolchain-14.3.rel1-x86_64-arm-none-eabi/bin/../lib/gcc/arm-none-eabi/14.3.1/thumb/v7e-m+fp/softfp/crti.o
 .bss           0x20000774        0x0 /opt/arm/arm-gnu-toolchain-14.3.rel1-x86_64-arm-none-eabi/bin/../lib/gcc/arm-none-eabi/14.3.1/thumb/v7e-m+fp/softfp/crtbegin.o
 .bss           0x20000774        0x0 /opt/arm/arm-gnu-toolchain-14.3.rel1-x86_64-arm-none-eabi/bin/../lib/gcc/arm-none-eabi/14.3.1/../../../../arm-none-eabi/lib/thumb/v7e-m+fp/softfp/crt0.o
 .bss           0x20000774        0x0 startup/stm32f411_periph.o
 .bss           0x20000774        0x0 startup/sys_handlers.o
 .bss           0x20000774       0x1c startup/rcc.o
                0x20000774                sysclks
 .bss           0x20000790        0x0 startup/system_stm32f4xx.o
 .bss           0x20000790     0x1cb4 src/main.o
                0x20000fd0                fft_input
                0x200017d0                fft_output
                0x20001fd0                mag_out
                0x200023d0                fft_instance
                0x200023e8                frequency
 .bss           0x20002444       0x58 lib/event.o
                0x20002444                evq
                0x20002494                evq_rd
                0x20002498                evq_wr
 .bss           0x2000249c       0x7c lib/term.o
 .bss           0x20002518        0xc lib/tick.o
 .bss           0x20002524       0x54 lib/uart.o
                0x20002524                u2_ctx
 .bss           0x20002578        0x0 lib/util.o
 .bss           0x20002578        0x0 liblcd/lcd.o
 .bss           0x20002578       0x18 liblcd/lcd_dpy.o
                0x2000258c                freq
 .bss           0x20002590        0x0 liblcd/lcd_ts.o
 .bss           0x20002590        0x0 liblcd/lcd_sd.o
 .bss           0x20002590        0x0 liblcd/fonts/fixed8.o
 .bss           0x20002590        0x0 liblcd/fonts/fixed12.o
 .bss           0x20002590        0x0 liblcd/vect.o
 .bss           0x20002590        0x0 liblcd/cplx.o
 .bss           0x20002590     0x1378 liblcd/graph.o
                0x20002908                shdata
 .bss           0x20003908      0x4b9 startup/SEGGER_RTT.o
                0x20003908                _SEGGER_RTT
 .bss           0x20003dc1        0x0 startup/libc_syscalls.o
 .bss           0x20003dc1        0x0 startup/startup_stm32f411xe.o
 .bss           0x20003dc1        0x0 startup/SEGGER_RTT_ASM_ARMv7M.o
 *fill*         0x20003dc1        0x3 
 .bss           0x20003dc4       0x1c lib/libstm32.a(adc.o)
 .bss           0x20003de0       0x80 lib/libstm32.a(dma.o)
 .bss           0x20003e60       0x40 lib/libstm32.a(io.o)
 .bss           0x20003ea0        0xc lib/libstm32.a(spi.o)
                0x20003ea0                cpt
                0x20003ea4                cpt1
                0x20003ea8                cpt2
 .bss           0x20003eac       0x40 lib/libstm32.a(timer.o)
 .bss           0x20003eec        0x0 libext/libarm_cortexM4l_math.a(arm_rfft_fast_init_f32.o)
 .bss           0x20003eec        0x0 libext/libarm_cortexM4l_math.a(arm_rfft_fast_f32.o)
 .bss           0x20003eec        0x0 libext/libarm_cortexM4l_math.a(arm_cfft_f32.o)
 .bss           0x20003eec        0x0 libext/libarm_cortexM4l_math.a(arm_cmplx_mag_f32.o)
 .bss           0x20003eec        0x0 libext/libarm_cortexM4l_math.a(arm_common_tables.o)
 .bss           0x20003eec        0x0 libext/libarm_cortexM4l_math.a(arm_bitreversal2.o)
 .bss           0x20003eec        0x0 libext/libarm_cortexM4l_math.a(arm_cfft_radix8_f32.o)
 .bss           0x20003eec        0x0 /opt/arm/arm-gnu-toolchain-14.3.rel1-x86_64-arm-none-eabi/bin/../lib/gcc/arm-none-eabi/14.3.1/../../../../arm-none-eabi/lib/thumb/v7e-m+fp/softfp/libm.a(libm_a-w_log10.o)
 .bss           0x20003eec        0x0 /opt/arm/arm-gnu-toolchain-14.3.rel1-x86_64-arm-none-eabi/bin/../lib/gcc/arm-none-eabi/14.3.1/../../../../arm-none-eabi/lib/thumb/v7e-m+fp/softfp/libm.a(libm_a-w_pow.o)
 .bss           0x20003eec        0x0 /opt/arm/arm-gnu-toolchain-14.3.rel1-x86_64-arm-none-eabi/bin/../lib/gcc/arm-none-eabi/14.3.1/../../../../arm-none-eabi/lib/thumb/v7e-m+fp/softfp/libm.a(libm_a-wf_log10.o)
 .bss           0x20003eec        0x0 /opt/arm/arm-gnu-toolchain-14.3.rel1-x86_64-arm-none-eabi/bin/../lib/gcc/arm-none-eabi/14.3.1/../../../../arm-none-eabi/lib/thumb/v7e-m+fp/softfp/libm.a(libm_a-wf_pow.o)
 .bss           0x20003eec        0x0 /opt/arm/arm-gnu-toolchain-14.3.rel1-x86_64-arm-none-eabi/bin/../lib/gcc/arm-none-eabi/14.3.1/../../../../arm-none-eabi/lib/thumb/v7e-m+fp/softfp/libm.a(libm_a-wf_sqrt.o)
 .bss           0x20003eec        0x0 /opt/arm/arm-gnu-toolchain-14.3.rel1-x86_64-arm-none-eabi/bin/../lib/gcc/arm-none-eabi/14.3.1/../../../../arm-none-eabi/lib/thumb/v7e-m+fp/softfp/libm.a(libm_a-sf_cos.o)
 .bss           0x20003eec        0x0 /opt/arm/arm-gnu-toolchain-14.3.rel1-x86_64-arm-none-eabi/bin/../lib/gcc/arm-none-eabi/14.3.1/../../../../arm-none-eabi/lib/thumb/v7e-m+fp/softfp/libm.a(libm_a-sf_sin.o)
 .bss           0x20003eec        0x0 /opt/arm/arm-gnu-toolchain-14.3.rel1-x86_64-arm-none-eabi/bin/../lib/gcc/arm-none-eabi/14.3.1/../../../../arm-none-eabi/lib/thumb/v7e-m+fp/softfp/libm.a(libm_a-s_finite.o)
 .bss           0x20003eec        0x0 /opt/arm/arm-gnu-toolchain-14.3.rel1-x86_64-arm-none-eabi/bin/../lib/gcc/arm-none-eabi/14.3.1/../../../../arm-none-eabi/lib/thumb/v7e-m+fp/softfp/libm.a(libm_a-s_nan.o)
 .bss           0x20003eec        0x0 /opt/arm/arm-gnu-toolchain-14.3.rel1-x86_64-arm-none-eabi/bin/../lib/gcc/arm-none-eabi/14.3.1/../../../../arm-none-eabi/lib/thumb/v7e-m+fp/softfp/libm.a(libm_a-sf_finite.o)
 .bss           0x20003eec        0x0 /opt/arm/arm-gnu-toolchain-14.3.rel1-x86_64-arm-none-eabi/bin/../lib/gcc/arm-none-eabi/14.3.1/../../../../arm-none-eabi/lib/thumb/v7e-m+fp/softfp/libm.a(libm_a-sf_nan.o)
 .bss           0x20003eec        0x0 /opt/arm/arm-gnu-toolchain-14.3.rel1-x86_64-arm-none-eabi/bin/../lib/gcc/arm-none-eabi/14.3.1/../../../../arm-none-eabi/lib/thumb/v7e-m+fp/softfp/libm.a(libm_a-ef_sqrt.o)
 .bss           0x20003eec        0x0 /opt/arm/arm-gnu-toolchain-14.3.rel1-x86_64-arm-none-eabi/bin/../lib/gcc/arm-none-eabi/14.3.1/../../../../arm-none-eabi/lib/thumb/v7e-m+fp/softfp/libm.a(libm_a-sf_floor.o)
 .bss           0x20003eec        0x0 /opt/arm/arm-gnu-toolchain-14.3.rel1-x86_64-arm-none-eabi/bin/../lib/gcc/arm-none-eabi/14.3.1/../../../../arm-none-eabi/lib/thumb/v7e-m+fp/softfp/libm.a(libm_a-e_log10.o)
 .bss           0x20003eec        0x0 /opt/arm/arm-gnu-toolchain-14.3.rel1-x86_64-arm-none-eabi/bin/../lib/gcc/arm-none-eabi/14.3.1/../../../../arm-none-eabi/lib/thumb/v7e-m+fp/softfp/libm.a(libm_a-e_pow.o)
 .bss           0x20003eec        0x0 /opt/arm/arm-gnu-toolchain-14.3.rel1-x86_64-arm-none-eabi/bin/../lib/gcc/arm-none-eabi/14.3.1/../../../../arm-none-eabi/lib/thumb/v7e-m+fp/softfp/libm.a(libm_a-s_fabs.o)
 .bss           0x20003eec        0x0 /opt/arm/arm-gnu-toolchain-14.3.rel1-x86_64-arm-none-eabi/bin/../lib/gcc/arm-none-eabi/14.3.1/../../../../arm-none-eabi/lib/thumb/v7e-m+fp/softfp/libm.a(libm_a-kf_cos.o)
 .bss           0x20003eec        0x0 /opt/arm/arm-gnu-toolchain-14.3.rel1-x86_64-arm-none-eabi/bin/../lib/gcc/arm-none-eabi/14.3.1/../../../../arm-none-eabi/lib/thumb/v7e-m+fp/softfp/libm.a(libm_a-kf_sin.o)
 .bss           0x20003eec        0x0 /opt/arm/arm-gnu-toolchain-14.3.rel1-x86_64-arm-none-eabi/bin/../lib/gcc/arm-none-eabi/14.3.1/../../../../arm-none-eabi/lib/thumb/v7e-m+fp/softfp/libm.a(libm_a-ef_log10.o)
 .bss           0x20003eec        0x0 /opt/arm/arm-gnu-toolchain-14.3.rel1-x86_64-arm-none-eabi/bin/../lib/gcc/arm-none-eabi/14.3.1/../../../../arm-none-eabi/lib/thumb/v7e-m+fp/softfp/libm.a(libm_a-ef_pow.o)
 .bss           0x20003eec        0x0 /opt/arm/arm-gnu-toolchain-14.3.rel1-x86_64-arm-none-eabi/bin/../lib/gcc/arm-none-eabi/14.3.1/../../../../arm-none-eabi/lib/thumb/v7e-m+fp/softfp/libm.a(libm_a-ef_rem_pio2.o)
 .bss           0x20003eec        0x0 /opt/arm/arm-gnu-toolchain-14.3.rel1-x86_64-arm-none-eabi/bin/../lib/gcc/arm-none-eabi/14.3.1/../../../../arm-none-eabi/lib/thumb/v7e-m+fp/softfp/libm.a(libm_a-sf_fabs.o)
 .bss           0x20003eec        0x0 /opt/arm/arm-gnu-toolchain-14.3.rel1-x86_64-arm-none-eabi/bin/../lib/gcc/arm-none-eabi/14.3.1/../../../../arm-none-eabi/lib/thumb/v7e-m+fp/softfp/libm.a(libm_a-s_scalbn.o)
 .bss           0x20003eec        0x0 /opt/arm/arm-gnu-toolchain-14.3.rel1-x86_64-arm-none-eabi/bin/../lib/gcc/arm-none-eabi/14.3.1/../../../../arm-none-eabi/lib/thumb/v7e-m+fp/softfp/libm.a(libm_a-math_err.o)
 .bss           0x20003eec        0x0 /opt/arm/arm-gnu-toolchain-14.3.rel1-x86_64-arm-none-eabi/bin/../lib/gcc/arm-none-eabi/14.3.1/../../../../arm-none-eabi/lib/thumb/v7e-m+fp/softfp/libm.a(libm_a-sf_scalbn.o)
 .bss           0x20003eec        0x0 /opt/arm/arm-gnu-toolchain-14.3.rel1-x86_64-arm-none-eabi/bin/../lib/gcc/arm-none-eabi/14.3.1/../../../../arm-none-eabi/lib/thumb/v7e-m+fp/softfp/libm.a(libm_a-math_errf.o)
 .bss           0x20003eec        0x0 /opt/arm/arm-gnu-toolchain-14.3.rel1-x86_64-arm-none-eabi/bin/../lib/gcc/arm-none-eabi/14.3.1/../../../../arm-none-eabi/lib/thumb/v7e-m+fp/softfp/libm.a(libm_a-e_sqrt.o)
 .bss           0x20003eec        0x0 /opt/arm/arm-gnu-toolchain-14.3.rel1-x86_64-arm-none-eabi/bin/../lib/gcc/arm-none-eabi/14.3.1/../../../../arm-none-eabi/lib/thumb/v7e-m+fp/softfp/libm.a(libm_a-e_log.o)
 .bss           0x20003eec        0x0 /opt/arm/arm-gnu-toolchain-14.3.rel1-x86_64-arm-none-eabi/bin/../lib/gcc/arm-none-eabi/14.3.1/../../../../arm-none-eabi/lib/thumb/v7e-m+fp/softfp/libm.a(libm_a-kf_rem_pio2.o)
 .bss           0x20003eec        0x0 /opt/arm/arm-gnu-toolchain-14.3.rel1-x86_64-arm-none-eabi/bin/../lib/gcc/arm-none-eabi/14.3.1/../../../../arm-none-eabi/lib/thumb/v7e-m+fp/softfp/libm.a(libm_a-ef_log.o)
 .bss           0x20003eec        0x0 /opt/arm/arm-gnu-toolchain-14.3.rel1-x86_64-arm-none-eabi/bin/../lib/gcc/arm-none-eabi/14.3.1/thumb/v7e-m+fp/softfp/libgcc.a(_arm_muldf3.o)
 .bss           0x20003eec        0x0 /opt/arm/arm-gnu-toolchain-14.3.rel1-x86_64-arm-none-eabi/bin/../lib/gcc/arm-none-eabi/14.3.1/thumb/v7e-m+fp/softfp/libgcc.a(_arm_mulsf3.o)
 .bss           0x20003eec        0x0 /opt/arm/arm-gnu-toolchain-14.3.rel1-x86_64-arm-none-eabi/bin/../lib/gcc/arm-none-eabi/14.3.1/thumb/v7e-m+fp/softfp/libgcc.a(_arm_addsubdf3.o)