Archive member included to satisfy reference by file (symbol)

lib/libstm32.a(io.o)          src/main.o (io_configure)
lib/libstm32.a(timer.o)       src/hardware.o (timer_start)
/opt/arm/arm-gnu-toolchain-14.3.rel1-x86_64-arm-none-eabi/bin/../lib/gcc/arm-none-eabi/14.3.1/../../../../arm-none-eabi/lib/thumb/v7e-m+fp/hard/libm.a(libm_a-w_log10.o)
                              lib/util.o (log10)
/opt/arm/arm-gnu-toolchain-14.3.rel1-x86_64-arm-none-eabi/bin/../lib/gcc/arm-none-eabi/14.3.1/../../../../arm-none-eabi/lib/thumb/v7e-m+fp/hard/libm.a(libm_a-w_pow.o)
                              lib/util.o (pow)
/opt/arm/arm-gnu-toolchain-14.3.rel1-x86_64-arm-none-eabi/bin/../lib/gcc/arm-none-eabi/14.3.1/../../../../arm-none-eabi/lib/thumb/v7e-m+fp/hard/libm.a(libm_a-s_finite.o)
                              /opt/arm/arm-gnu-toolchain-14.3.rel1-x86_64-arm-none-eabi/bin/../lib/gcc/arm-none-eabi/14.3.1/../../../../arm-none-eabi/lib/thumb/v7e-m+fp/hard/libm.a(libm_a-w_pow.o) (finite)
/opt/arm/arm-gnu-toolchain-14.3.rel1-x86_64-arm-none-eabi/bin/../lib/gcc/arm-none-eabi/14.3.1/../../../../arm-none-eabi/lib/thumb/v7e-m+fp/hard/libm.a(libm_a-s_nan.o)
                              /opt/arm/arm-gnu-toolchain-14.3.rel1-x86_64-arm-none-eabi/bin/../lib/gcc/arm-none-eabi/14.3.1/../../../../arm-none-eabi/lib/thumb/v7e-m+fp/hard/libm.a(libm_a-w_log10.o) (nan)
/opt/arm/arm-gnu-toolchain-14.3.rel1-x86_64-arm-none-eabi/bin/../lib/gcc/arm-none-eabi/14.3.1/../../../../arm-none-eabi/lib/thumb/v7e-m+fp/hard/libm.a(libm_a-e_log10.o)
                              /opt/arm/arm-gnu-toolchain-14.3.rel1-x86_64-arm-none-eabi/bin/../lib/gcc/arm-none-eabi/14.3.1/../../../../arm-none-eabi/lib/thumb/v7e-m+fp/hard/libm.a(libm_a-w_log10.o) (__ieee754_log10)
/opt/arm/arm-gnu-toolchain-14.3.rel1-x86_64-arm-none-eabi/bin/../lib/gcc/arm-none-eabi/14.3.1/../../../../arm-none-eabi/lib/thumb/v7e-m+fp/hard/libm.a(libm_a-e_pow.o)
                              /opt/arm/arm-gnu-toolchain-14.3.rel1-x86_64-arm-none-eabi/bin/../lib/gcc/arm-none-eabi/14.3.1/../../../../arm-none-eabi/lib/thumb/v7e-m+fp/hard/libm.a(libm_a-w_pow.o) (__ieee754_pow)
/opt/arm/arm-gnu-toolchain-14.3.rel1-x86_64-arm-none-eabi/bin/../lib/gcc/arm-none-eabi/14.3.1/../../../../arm-none-eabi/lib/thumb/v7e-m+fp/hard/libm.a(libm_a-s_fabs.o)
                              /opt/arm/arm-gnu-toolchain-14.3.rel1-x86_64-arm-none-eabi/bin/../lib/gcc/arm-none-eabi/14.3.1/../../../../arm-none-eabi/lib/thumb/v7e-m+fp/hard/libm.a(libm_a-e_pow.o) (fabs)
/opt/arm/arm-gnu-toolchain-14.3.rel1-x86_64-arm-none-eabi/bin/../lib/gcc/arm-none-eabi/14.3.1/../../../../arm-none-eabi/lib/thumb/v7e-m+fp/hard/libm.a(libm_a-s_scalbn.o)
                              /opt/arm/arm-gnu-toolchain-14.3.rel1-x86_64-arm-none-eabi/bin/../lib/gcc/arm-none-eabi/14.3.1/../../../../arm-none-eabi/lib/thumb/v7e-m+fp/hard/libm.a(libm_a-e_pow.o) (scalbn)
/opt/arm/arm-gnu-toolchain-14.3.rel1-x86_64-arm-none-eabi/bin/../lib/gcc/arm-none-eabi/14.3.1/../../../../arm-none-eabi/lib/thumb/v7e-m+fp/hard/libm.a(libm_a-math_err.o)
                              /opt/arm/arm-gnu-toolchain-14.3.rel1-x86_64-arm-none-eabi/bin/../lib/gcc/arm-none-eabi/14.3.1/../../../../arm-none-eabi/lib/thumb/v7e-m+fp/hard/libm.a(libm_a-e_pow.o) (__math_uflow)
/opt/arm/arm-gnu-toolchain-14.3.rel1-x86_64-arm-none-eabi/bin/../lib/gcc/arm-none-eabi/14.3.1/../../../../arm-none-eabi/lib/thumb/v7e-m+fp/hard/libm.a(libm_a-e_sqrt.o)
                              /opt/arm/arm-gnu-toolchain-14.3.rel1-x86_64-arm-none-eabi/bin/../lib/gcc/arm-none-eabi/14.3.1/../../../../arm-none-eabi/lib/thumb/v7e-m+fp/hard/libm.a(libm_a-e_pow.o) (__ieee754_sqrt)
/opt/arm/arm-gnu-toolchain-14.3.rel1-x86_64-arm-none-eabi/bin/../lib/gcc/arm-none-eabi/14.3.1/../../../../arm-none-eabi/lib/thumb/v7e-m+fp/hard/libm.a(libm_a-e_log.o)
                              /opt/arm/arm-gnu-toolchain-14.3.rel1-x86_64-arm-none-eabi/bin/../lib/gcc/arm-none-eabi/14.3.1/../../../../arm-none-eabi/lib/thumb/v7e-m+fp/hard/libm.a(libm_a-e_log10.o) (__ieee754_log)
/opt/arm/arm-gnu-toolchain-14.3.rel1-x86_64-arm-none-eabi/bin/../lib/gcc/arm-none-eabi/14.3.1/thumb/v7e-m+fp/hard/libgcc.a(_arm_muldf3.o)
                              lib/util.o (__aeabi_dmul)
/opt/arm/arm-gnu-toolchain-14.3.rel1-x86_64-arm-none-eabi/bin/../lib/gcc/arm-none-eabi/14.3.1/thumb/v7e-m+fp/hard/libgcc.a(_arm_addsubdf3.o)
                              lib/util.o (__aeabi_dsub)
/opt/arm/arm-gnu-toolchain-14.3.rel1-x86_64-arm-none-eabi/bin/../lib/gcc/arm-none-eabi/14.3.1/thumb/v7e-m+fp/hard/libgcc.a(_arm_muldivdf3.o)
                              lib/util.o (__aeabi_ddiv)
/opt/arm/arm-gnu-toolchain-14.3.rel1-x86_64-arm-none-eabi/bin/../lib/gcc/arm-none-eabi/14.3.1/thumb/v7e-m+fp/hard/libgcc.a(_arm_cmpdf2.o)
                              lib/util.o (__aeabi_dcmpeq)
/opt/arm/arm-gnu-toolchain-14.3.rel1-x86_64-arm-none-eabi/bin/../lib/gcc/arm-none-eabi/14.3.1/thumb/v7e-m+fp/hard/libgcc.a(_arm_unorddf2.o)
                              lib/util.o (__aeabi_dcmpun)
[...]
Memory Configuration

Name             Origin             Length             Attributes
FLASH            0x08000000         0x00080000         xr
RAM              0x20000000         0x00020000         xrw
*default*        0x00000000         0xffffffff

Linker script and memory map

LOAD /opt/arm/arm-gnu-toolchain-14.3.rel1-x86_64-arm-none-eabi/bin/../lib/gcc/arm-none-eabi/14.3.1/thumb/v7e-m+fp/hard/crti.o
LOAD /opt/arm/arm-gnu-toolchain-14.3.rel1-x86_64-arm-none-eabi/bin/../lib/gcc/arm-none-eabi/14.3.1/thumb/v7e-m+fp/hard/crtbegin.o
LOAD /opt/arm/arm-gnu-toolchain-14.3.rel1-x86_64-arm-none-eabi/bin/../lib/gcc/arm-none-eabi/14.3.1/../../../../arm-none-eabi/lib/thumb/v7e-m+fp/hard/crt0.o
LOAD startup/stm32f411_periph.o
LOAD startup/sys_handlers.o
LOAD startup/rcc.o
LOAD startup/system_stm32f4xx.o
LOAD src/main.o
LOAD src/hardware.o
LOAD lib/event.o
LOAD lib/term.o
LOAD lib/tick.o
LOAD lib/uart.o
LOAD lib/util.o
LOAD startup/SEGGER_RTT.o
LOAD startup/libc_syscalls.o
LOAD startup/startup_stm32f411xe.o
LOAD startup/SEGGER_RTT_ASM_ARMv7M.o
LOAD lib/libstm32.a
LOAD lib/libstm32.a
LOAD /opt/arm/arm-gnu-toolchain-14.3.rel1-x86_64-arm-none-eabi/bin/../lib/gcc/arm-none-eabi/14.3.1/../../../../arm-none-eabi/lib/thumb/v7e-m+fp/hard/libm.a
START GROUP
LOAD /opt/arm/arm-gnu-toolchain-14.3.rel1-x86_64-arm-none-eabi/bin/../lib/gcc/arm-none-eabi/14.3.1/thumb/v7e-m+fp/hard/libgcc.a
LOAD /opt/arm/arm-gnu-toolchain-14.3.rel1-x86_64-arm-none-eabi/bin/../lib/gcc/arm-none-eabi/14.3.1/../../../../arm-none-eabi/lib/thumb/v7e-m+fp/hard/libc.a
END GROUP
LOAD /opt/arm/arm-gnu-toolchain-14.3.rel1-x86_64-arm-none-eabi/bin/../lib/gcc/arm-none-eabi/14.3.1/thumb/v7e-m+fp/hard/crtend.o
LOAD /opt/arm/arm-gnu-toolchain-14.3.rel1-x86_64-arm-none-eabi/bin/../lib/gcc/arm-none-eabi/14.3.1/thumb/v7e-m+fp/hard/crtn.o
                0x20020000                        _estack = 0x20020000
                0x00000200                        _Min_Heap_Size = 0x200
                0x00000400                        _Min_Stack_Size = 0x400

.isr_vector     0x08000000      0x198
                0x08000000                        . = ALIGN (0x4)
 *(.isr_vector)
 .isr_vector    0x08000000      0x198 startup/startup_stm32f411xe.o
                0x08000000                g_pfnVectors
                0x08000198                        . = ALIGN (0x4)

.text           0x080001c0     0x91d0
                0x080001c0                        . = ALIGN (0x4)
 *(.text)
 .text          0x080001c0       0x66 startup/sys_handlers.o
                0x080001c0                NMI_Handler
                0x080001ce                HardFault_Handler
                0x080001d6                MemManage_Handler
                0x080001de                BusFault_Handler
                0x080001e6                UsageFault_Handler
                0x080001ee                SVC_Handler
                0x080001fc                DebugMon_Handler
                0x0800020a                PendSV_Handler
 *fill*         0x08000226        0x2 
 .text          0x08000228      0x504 startup/rcc.o
                0x08000494                rcc_sys_clk_cfg
                0x080006a8                rcc_i2s_clk_cfg
 .text          0x0800072c      0x210 startup/system_stm32f4xx.o
                0x0800072c                SystemInit
                0x0800082c                SystemCoreClockUpdate
 .text          0x0800093c      0x5e4 src/main.o
                0x0800093c                fc_cb
                0x08000958                measure_stepper_to_endstop
                0x08000a14                test_pwm_signals
                0x08000ab4                cmd_append_done
                0x08000b20                cmd_process
                0x08000e3c                main
 .text          0x08000f20      0x57c src/hardware.o
                0x08000f20                servo_init
                0x08000f70                servo_position
                0x08000fe4                solenoid_init
                0x08001004                solenoid
                0x080010ac                stepper_en
                0x080010e4                stepper_pos
                0x080010fc                stepper_pos_reset
                0x08001116                stepper_busy
                0x08001134                stepper_stop
                0x08001168                stepper_run
                0x08001200                stepper_init
                0x080012c4                stepper_pos_mm
                0x08001304                stepper_run_mm
                0x08001374                stepper_init_mm
 .text          0x0800149c      0x140 lib/event.o
                0x0800149c                push_event
                0x08001544                pop_event
 .text          0x080015dc     0x11e0 lib/term.o
                0x080015dc                term_in
                0x080015ec                term_out
                0x080016a0                term_clrscr
                0x080016d4                term_clreol
                0x080016e8                term_color
                0x08001764                term_gotoxy
                0x08001798                term_up
                0x080017c4                term_down
                0x080017f0                term_right
                0x08001824                term_left
                0x08001858                term_get_rows
                0x08001870                term_get_cols
                0x08001888                term_get_cx
                0x080018a0                term_get_cy
                0x080018b8                term_show_cursor
                0x080018e8                term_getc
                0x08001cfc                term_putc
                0x08001d50                term_puts
                0x08001d7a                term_printf
                0x08002234                term_readline
                0x08002758                term_init
 .text          0x080027bc      0x28c lib/tick.o
                0x08002810                SysTick_Handler
                0x0800284c                tick_init
                0x08002904                tick_start
                0x08002930                tick_stop
                0x08002954                ticks
                0x0800296c                delay_ms
                0x08002996                tick_delay
 .text          0x08002a48      0x88c lib/uart.o
                0x08002ad0                USART2_IRQHandler
                0x08002c1c                uart_enable_irq
                0x08002c42                uart_disable_irq
                0x08002cbc                uart_init
                0x08002de8                uart_getc
                0x08002e36                uart_getc_with_timeout
                0x08002ea2                uart_getchar
                0x08002ef8                uart_putc
                0x08002f66                uart_puts
                0x08002ff6                uart_printf
                0x0800319c                uart_read
                0x0800321a                uart_write
                0x080032ae                uart_tx_completed
 *fill*         0x080032d4        0x4 
 .text          0x080032d8      0x860 lib/util.o
                0x080032d8                num2str
                0x0800340c                float2str
                0x08003a70                str2num
 .text          0x08003b38      0x3a0 startup/libc_syscalls.o
                0x08003be8                _sbrk
                0x08003c38                _open
                0x08003c54                _close
                0x08003c6c                _read
                0x08003ce0                _write
                0x08003d2a                _lseek
                0x08003d46                _isatty
                0x08003d5c                _fstat
                0x08003d7c                _stat
                0x08003d9c                _link
                0x08003dc0                _unlink
                0x08003de4                _getpid
                0x08003df4                _kill
                0x08003e18                _fork
                0x08003e34                _wait
                0x08003e58                _execve
                0x08003e80                _gettimeofday
                0x08003ebe                _times
 .text          0x08003ed8      0xb00 lib/libstm32.a(io.o)
                0x08003f94                EXTI0_IRQHandler
                0x08003fbc                EXTI1_IRQHandler
                0x08003fe4                EXTI2_IRQHandler
                0x0800400c                EXTI3_IRQHandler
                0x08004034                EXTI4_IRQHandler
                0x0800405c                EXTI9_5_IRQHandler
                0x0800412c                EXTI15_10_IRQHandler
                0x0800422c                io_configure
                0x08004764                io_unset_irq
                0x0800490c                io_read
                0x0800492c                io_write
                0x08004964                io_write_n
                0x08004998                io_set
                0x080049b6                io_clear
 .text          0x080049d8     0x167c lib/libstm32.a(timer.o)
                0x08004a60                TIM1_BRK_TIM9_IRQHandler
                0x08004ae4                TIM1_UP_TIM10_IRQHandler
                0x08004b68                TIM1_TRG_COM_TIM11_IRQHandler
                0x08004bec                TIM2_IRQHandler
                0x08004c24                TIM3_IRQHandler
                0x08004c5c                TIM4_IRQHandler
                0x08004c94                TIM5_IRQHandler
                0x08004ccc                timer_wait_ms
                0x08004e6c                timer_wait_us
                0x08005004                timer_tick_init
                0x080052c8                timer_tick_init_us
                0x08005580                timer_tick_period
                0x080055ae                timer_count_init
                0x08005724                timer_start
                0x0800574a                timer_stop
                0x0800576a                timer_read
                0x08005782                pwm_init
                0x08005b64                pwm_get_freq_cfg
                0x08005d44                pwm_set_freq_cfg
                0x08005e30                pwm_channel_enable
                0x08005f34                pwm_channel_disable
                0x08005f62                pwm_channel_set
                0x08005fd0                pwm_channel_set_freq_duty
 .text          0x08006054      0x378 /opt/arm/arm-gnu-toolchain-14.3.rel1-x86_64-arm-none-eabi/bin/../lib/gcc/arm-none-eabi/14.3.1/thumb/v7e-m+fp/hard/libgcc.a(_arm_addsubdf3.o)
                0x08006054                __aeabi_drsub
                0x0800605c                __aeabi_dsub
                0x0800605c                __subdf3
                0x08006060                __adddf3
                0x08006060                __aeabi_dadd
                0x080062d8                __aeabi_ui2d
                0x080062d8                __floatunsidf
                0x080062f8                __floatsidf
                0x080062f8                __aeabi_i2d
                0x0800631c                __extendsfdf2
                0x0800631c                __aeabi_f2d
                0x08006360                __aeabi_ul2d
                0x08006360                __floatundidf
                0x08006370                __floatdidf
                0x08006370                __aeabi_l2d
 .text          0x080063cc      0x424 /opt/arm/arm-gnu-toolchain-14.3.rel1-x86_64-arm-none-eabi/bin/../lib/gcc/arm-none-eabi/14.3.1/thumb/v7e-m+fp/hard/libgcc.a(_arm_muldivdf3.o)
                0x080063cc                __aeabi_dmul
                0x080063cc                __muldf3
                0x08006620                __aeabi_ddiv
                0x08006620                __divdf3
 .text          0x080067f0      0x110 /opt/arm/arm-gnu-toolchain-14.3.rel1-x86_64-arm-none-eabi/bin/../lib/gcc/arm-none-eabi/14.3.1/thumb/v7e-m+fp/hard/libgcc.a(_arm_cmpdf2.o)
                0x080067f0                __gtdf2
                0x080067f0                __gedf2
                0x080067f8                __ltdf2
                0x080067f8                __ledf2
                0x08006800                __cmpdf2
                0x08006800                __eqdf2
                0x08006800                __nedf2
                0x0800687c                __aeabi_cdrcmple
                0x0800688c                __aeabi_cdcmple
                0x0800688c                __aeabi_cdcmpeq
                0x0800689c                __aeabi_dcmpeq
                0x080068b0                __aeabi_dcmplt
                0x080068c4                __aeabi_dcmple
                0x080068d8                __aeabi_dcmpge
                0x080068ec                __aeabi_dcmpgt
 .text          0x08006900       0x2c /opt/arm/arm-gnu-toolchain-14.3.rel1-x86_64-arm-none-eabi/bin/../lib/gcc/arm-none-eabi/14.3.1/thumb/v7e-m+fp/hard/libgcc.a(_arm_unorddf2.o)
                0x08006900                __aeabi_dcmpun
                0x08006900                __unorddf2
 .text          0x0800692c       0x50 /opt/arm/arm-gnu-toolchain-14.3.rel1-x86_64-arm-none-eabi/bin/../lib/gcc/arm-none-eabi/14.3.1/thumb/v7e-m+fp/hard/libgcc.a(_arm_fixdfsi.o)
                0x0800692c                __fixdfsi
                0x0800692c                __aeabi_d2iz
 .text          0x0800697c       0x30 /opt/arm/arm-gnu-toolchain-14.3.rel1-x86_64-arm-none-eabi/bin/../lib/gcc/arm-none-eabi/14.3.1/thumb/v7e-m+fp/hard/libgcc.a(_aeabi_uldivmod.o)
                0x0800697c                __aeabi_uldivmod
 .text          0x080069ac        0x4 /opt/arm/arm-gnu-toolchain-14.3.rel1-x86_64-arm-none-eabi/bin/../lib/gcc/arm-none-eabi/14.3.1/thumb/v7e-m+fp/hard/libgcc.a(_dvmd_tls.o)
                0x080069ac                __aeabi_ldiv0
                0x080069ac                __aeabi_idiv0
 *fill*         0x080069b0       0x10 
 .text          0x080069c0      0x2e0 /opt/arm/arm-gnu-toolchain-14.3.rel1-x86_64-arm-none-eabi/bin/../lib/gcc/arm-none-eabi/14.3.1/../../../../arm-none-eabi/lib/thumb/v7e-m+fp/hard/libc.a(libc_a-strcmp.o)
                0x080069c0                strcmp
 *fill*         0x08006ca0       0x20 
 .text          0x08006cc0       0xd8 /opt/arm/arm-gnu-toolchain-14.3.rel1-x86_64-arm-none-eabi/bin/../lib/gcc/arm-none-eabi/14.3.1/../../../../arm-none-eabi/lib/thumb/v7e-m+fp/hard/libc.a(libc_a-strlen.o)
                0x08006cc0                strlen
 *(.text*)
 .text.deregister_tm_clones
                0x08006d98       0x1c /opt/arm/arm-gnu-toolchain-14.3.rel1-x86_64-arm-none-eabi/bin/../lib/gcc/arm-none-eabi/14.3.1/thumb/v7e-m+fp/hard/crtbegin.o
 .text.register_tm_clones
                0x08006db4       0x24 /opt/arm/arm-gnu-toolchain-14.3.rel1-x86_64-arm-none-eabi/bin/../lib/gcc/arm-none-eabi/14.3.1/thumb/v7e-m+fp/hard/crtbegin.o
 .text.__do_global_dtors_aux
                0x08006dd8       0x28 /opt/arm/arm-gnu-toolchain-14.3.rel1-x86_64-arm-none-eabi/bin/../lib/gcc/arm-none-eabi/14.3.1/thumb/v7e-m+fp/hard/crtbegin.o
 .text.frame_dummy
                0x08006e00       0x24 /opt/arm/arm-gnu-toolchain-14.3.rel1-x86_64-arm-none-eabi/bin/../lib/gcc/arm-none-eabi/14.3.1/thumb/v7e-m+fp/hard/crtbegin.o
 .text.Reset_Handler
                0x08006e24       0x48 startup/startup_stm32f411xe.o
                0x08006e24                Reset_Handler
                0x08006e52                _exit
 .text.Default_Handler
                0x08006e6c        0x2 startup/startup_stm32f411xe.o
                0x08006e6c                RTC_Alarm_IRQHandler
                0x08006e6c                SPI4_IRQHandler
                0x08006e6c                TIM1_CC_IRQHandler
                0x08006e6c                DMA2_Stream5_IRQHandler
                0x08006e6c                DMA1_Stream5_IRQHandler
                0x08006e6c                PVD_IRQHandler
                0x08006e6c                SDIO_IRQHandler
                0x08006e6c                TAMP_STAMP_IRQHandler
                0x08006e6c                I2C3_ER_IRQHandler
                0x08006e6c                I2C2_EV_IRQHandler
                0x08006e6c                DMA1_Stream2_IRQHandler
                0x08006e6c                FPU_IRQHandler
                0x08006e6c                DMA2_Stream2_IRQHandler
                0x08006e6c                SPI1_IRQHandler
                0x08006e6c                DMA2_Stream3_IRQHandler
                0x08006e6c                USART6_IRQHandler
                0x08006e6c                DMA2_Stream0_IRQHandler
                0x08006e6c                I2C1_EV_IRQHandler
                0x08006e6c                DMA1_Stream6_IRQHandler
                0x08006e6c                DMA1_Stream1_IRQHandler
                0x08006e6c                RCC_IRQHandler
                0x08006e6c                Default_Handler
                0x08006e6c                ADC_IRQHandler
                0x08006e6c                DMA1_Stream7_IRQHandler
                0x08006e6c                SPI5_IRQHandler
                0x08006e6c                DMA2_Stream7_IRQHandler
                0x08006e6c                I2C3_EV_IRQHandler
                0x08006e6c                RTC_WKUP_IRQHandler
                0x08006e6c                SPI2_IRQHandler
                0x08006e6c                DMA1_Stream0_IRQHandler
                0x08006e6c                WWDG_IRQHandler
                0x08006e6c                OTG_FS_WKUP_IRQHandler
                0x08006e6c                I2C2_ER_IRQHandler
                0x08006e6c                DMA2_Stream1_IRQHandler
                0x08006e6c                FLASH_IRQHandler
                0x08006e6c                DMA2_Stream4_IRQHandler
                0x08006e6c                USART1_IRQHandler
                0x08006e6c                OTG_FS_IRQHandler
                0x08006e6c                SPI3_IRQHandler
                0x08006e6c                DMA1_Stream4_IRQHandler
                0x08006e6c                I2C1_ER_IRQHandler
                0x08006e6c                DMA2_Stream6_IRQHandler
                0x08006e6c                DMA1_Stream3_IRQHandler
 *fill*         0x08006e6e        0x2 
 .text.log10    0x08006e70       0x84 /opt/arm/arm-gnu-toolchain-14.3.rel1-x86_64-arm-none-eabi/bin/../lib/gcc/arm-none-eabi/14.3.1/../../../../arm-none-eabi/lib/thumb/v7e-m+fp/hard/libm.a(libm_a-w_log10.o)
                0x08006e70                log10
 *fill*         0x08006ef4        0x4 
 .text.pow      0x08006ef8       0xf0 /opt/arm/arm-gnu-toolchain-14.3.rel1-x86_64-arm-none-eabi/bin/../lib/gcc/arm-none-eabi/14.3.1/../../../../arm-none-eabi/lib/thumb/v7e-m+fp/hard/libm.a(libm_a-w_pow.o)
                0x08006ef8                pow
 .text.finite   0x08006fe8       0x18 /opt/arm/arm-gnu-toolchain-14.3.rel1-x86_64-arm-none-eabi/bin/../lib/gcc/arm-none-eabi/14.3.1/../../../../arm-none-eabi/lib/thumb/v7e-m+fp/hard/libm.a(libm_a-s_finite.o)
                0x08006fe8                finite
 .text.nan      0x08007000       0x10 /opt/arm/arm-gnu-toolchain-14.3.rel1-x86_64-arm-none-eabi/bin/../lib/gcc/arm-none-eabi/14.3.1/../../../../arm-none-eabi/lib/thumb/v7e-m+fp/hard/libm.a(libm_a-s_nan.o)
                0x08007000                nan
 .text.__ieee754_log10
                0x08007010      0x134 /opt/arm/arm-gnu-toolchain-14.3.rel1-x86_64-arm-none-eabi/bin/../lib/gcc/arm-none-eabi/14.3.1/../../../../arm-none-eabi/lib/thumb/v7e-m+fp/hard/libm.a(libm_a-e_log10.o)
                0x08007010                __ieee754_log10
 *fill*         0x08007144        0x4 
 .text.__ieee754_pow
                0x08007148      0xc7c /opt/arm/arm-gnu-toolchain-14.3.rel1-x86_64-arm-none-eabi/bin/../lib/gcc/arm-none-eabi/14.3.1/../../../../arm-none-eabi/lib/thumb/v7e-m+fp/hard/libm.a(libm_a-e_pow.o)
                0x08007148                __ieee754_pow
 .text.fabs     0x08007dc4       0x10 /opt/arm/arm-gnu-toolchain-14.3.rel1-x86_64-arm-none-eabi/bin/../lib/gcc/arm-none-eabi/14.3.1/../../../../arm-none-eabi/lib/thumb/v7e-m+fp/hard/libm.a(libm_a-s_fabs.o)
                0x08007dc4                fabs
 *fill*         0x08007dd4        0x4 
 .text.scalbn   0x08007dd8      0x114 /opt/arm/arm-gnu-toolchain-14.3.rel1-x86_64-arm-none-eabi/bin/../lib/gcc/arm-none-eabi/14.3.1/../../../../arm-none-eabi/lib/thumb/v7e-m+fp/hard/libm.a(libm_a-s_scalbn.o)
                0x08007dd8                scalbn
 .text.with_errno
                0x08007eec       0x24 /opt/arm/arm-gnu-toolchain-14.3.rel1-x86_64-arm-none-eabi/bin/../lib/gcc/arm-none-eabi/14.3.1/../../../../arm-none-eabi/lib/thumb/v7e-m+fp/hard/libm.a(libm_a-math_err.o)
 .text.xflow    0x08007f10       0x34 /opt/arm/arm-gnu-toolchain-14.3.rel1-x86_64-arm-none-eabi/bin/../lib/gcc/arm-none-eabi/14.3.1/../../../../arm-none-eabi/lib/thumb/v7e-m+fp/hard/libm.a(libm_a-math_err.o)
 *fill*         0x08007f44        0x4 
 .text.__math_uflow
                0x08007f48       0x10 /opt/arm/arm-gnu-toolchain-14.3.rel1-x86_64-arm-none-eabi/bin/../lib/gcc/arm-none-eabi/14.3.1/../../../../arm-none-eabi/lib/thumb/v7e-m+fp/hard/libm.a(libm_a-math_err.o)
                0x08007f48                __math_uflow
 .text.__math_oflow
                0x08007f58       0x10 /opt/arm/arm-gnu-toolchain-14.3.rel1-x86_64-arm-none-eabi/bin/../lib/gcc/arm-none-eabi/14.3.1/../../../../arm-none-eabi/lib/thumb/v7e-m+fp/hard/libm.a(libm_a-math_err.o)
                0x08007f58                __math_oflow
 .text.__ieee754_sqrt
                0x08007f68      0x1f0 /opt/arm/arm-gnu-toolchain-14.3.rel1-x86_64-arm-none-eabi/bin/../lib/gcc/arm-none-eabi/14.3.1/../../../../arm-none-eabi/lib/thumb/v7e-m+fp/hard/libm.a(libm_a-e_sqrt.o)
                0x08007f68                __ieee754_sqrt
 .text.__ieee754_log
                0x08008158      0x3b8 /opt/arm/arm-gnu-toolchain-14.3.rel1-x86_64-arm-none-eabi/bin/../lib/gcc/arm-none-eabi/14.3.1/../../../../arm-none-eabi/lib/thumb/v7e-m+fp/hard/libm.a(libm_a-e_log.o)
                0x08008158                __ieee754_log
 .text.__udivmoddi4
                0x08008510      0x2f8 /opt/arm/arm-gnu-toolchain-14.3.rel1-x86_64-arm-none-eabi/bin/../lib/gcc/arm-none-eabi/14.3.1/thumb/v7e-m+fp/hard/libgcc.a(_udivmoddi4.o)
                0x08008510                __udivmoddi4
 .text.malloc   0x08008808       0x10 /opt/arm/arm-gnu-toolchain-14.3.rel1-x86_64-arm-none-eabi/bin/../lib/gcc/arm-none-eabi/14.3.1/../../../../arm-none-eabi/lib/thumb/v7e-m+fp/hard/libc.a(libc_a-malloc.o)
                0x08008808                malloc
 .text._malloc_r
                0x08008818      0x598 /opt/arm/arm-gnu-toolchain-14.3.rel1-x86_64-arm-none-eabi/bin/../lib/gcc/arm-none-eabi/14.3.1/../../../../arm-none-eabi/lib/thumb/v7e-m+fp/hard/libc.a(libc_a-mallocr.o)
                0x08008818                _malloc_r
 .text.__malloc_lock
                0x08008db0        0xc /opt/arm/arm-gnu-toolchain-14.3.rel1-x86_64-arm-none-eabi/bin/../lib/gcc/arm-none-eabi/14.3.1/../../../../arm-none-eabi/lib/thumb/v7e-m+fp/hard/libc.a(libc_a-mlock.o)
                0x08008db0                __malloc_lock
 .text.__malloc_unlock
                0x08008dbc        0xc /opt/arm/arm-gnu-toolchain-14.3.rel1-x86_64-arm-none-eabi/bin/../lib/gcc/arm-none-eabi/14.3.1/../../../../arm-none-eabi/lib/thumb/v7e-m+fp/hard/libc.a(libc_a-mlock.o)
                0x08008dbc                __malloc_unlock
 .text.memmove  0x08008dc8      0x130 /opt/arm/arm-gnu-toolchain-14.3.rel1-x86_64-arm-none-eabi/bin/../lib/gcc/arm-none-eabi/14.3.1/../../../../arm-none-eabi/lib/thumb/v7e-m+fp/hard/libc.a(libc_a-memmove.o)
                0x08008dc8                memmove
 .text._sbrk_r  0x08008ef8       0x24 /opt/arm/arm-gnu-toolchain-14.3.rel1-x86_64-arm-none-eabi/bin/../lib/gcc/arm-none-eabi/14.3.1/../../../../arm-none-eabi/lib/thumb/v7e-m+fp/hard/libc.a(libc_a-sbrkr.o)
                0x08008ef8                _sbrk_r
 .text.__errno  0x08008f1c        0xc /opt/arm/arm-gnu-toolchain-14.3.rel1-x86_64-arm-none-eabi/bin/../lib/gcc/arm-none-eabi/14.3.1/../../../../arm-none-eabi/lib/thumb/v7e-m+fp/hard/libc.a(libc_a-errno.o)
                0x08008f1c                __errno
 .text.__retarget_lock_acquire_recursive
                0x08008f28        0x4 /opt/arm/arm-gnu-toolchain-14.3.rel1-x86_64-arm-none-eabi/bin/../lib/gcc/arm-none-eabi/14.3.1/../../../../arm-none-eabi/lib/thumb/v7e-m+fp/hard/libc.a(libc_a-lock.o)
                0x08008f28                __retarget_lock_acquire_recursive
 .text.__retarget_lock_release_recursive
                0x08008f2c        0x4 /opt/arm/arm-gnu-toolchain-14.3.rel1-x86_64-arm-none-eabi/bin/../lib/gcc/arm-none-eabi/14.3.1/../../../../arm-none-eabi/lib/thumb/v7e-m+fp/hard/libc.a(libc_a-lock.o)
                0x08008f2c                __retarget_lock_release_recursive
 .text.sysconf  0x08008f30       0x1c /opt/arm/arm-gnu-toolchain-14.3.rel1-x86_64-arm-none-eabi/bin/../lib/gcc/arm-none-eabi/14.3.1/../../../../arm-none-eabi/lib/thumb/v7e-m+fp/hard/libc.a(libc_a-sysconf.o)
                0x08008f30                sysconf
 .text.strcpy   0x08008f4c       0xbc /opt/arm/arm-gnu-toolchain-14.3.rel1-x86_64-arm-none-eabi/bin/../lib/gcc/arm-none-eabi/14.3.1/../../../../arm-none-eabi/lib/thumb/v7e-m+fp/hard/libc.a(libc_a-strcpy.o)
                0x08008f4c                strcpy
 .text.startup.register_fini
                0x08009008       0x14 /opt/arm/arm-gnu-toolchain-14.3.rel1-x86_64-arm-none-eabi/bin/../lib/gcc/arm-none-eabi/14.3.1/../../../../arm-none-eabi/lib/thumb/v7e-m+fp/hard/libc.a(libc_a-__call_atexit.o)
 .text.atexit   0x0800901c        0xc /opt/arm/arm-gnu-toolchain-14.3.rel1-x86_64-arm-none-eabi/bin/../lib/gcc/arm-none-eabi/14.3.1/../../../../arm-none-eabi/lib/thumb/v7e-m+fp/hard/libc.a(libc_a-atexit.o)
                0x0800901c                atexit
 .text._malloc_trim_r
                0x08009028       0xb8 /opt/arm/arm-gnu-toolchain-14.3.rel1-x86_64-arm-none-eabi/bin/../lib/gcc/arm-none-eabi/14.3.1/../../../../arm-none-eabi/lib/thumb/v7e-m+fp/hard/libc.a(libc_a-freer.o)
                0x08009028                _malloc_trim_r
 .text._free_r  0x080090e0      0x1f0 /opt/arm/arm-gnu-toolchain-14.3.rel1-x86_64-arm-none-eabi/bin/../lib/gcc/arm-none-eabi/14.3.1/../../../../arm-none-eabi/lib/thumb/v7e-m+fp/hard/libc.a(libc_a-freer.o)
                0x080090e0                _free_r
 .text.__libc_fini_array
                0x080092d0       0x28 /opt/arm/arm-gnu-toolchain-14.3.rel1-x86_64-arm-none-eabi/bin/../lib/gcc/arm-none-eabi/14.3.1/../../../../arm-none-eabi/lib/thumb/v7e-m+fp/hard/libc.a(libc_a-fini.o)
                0x080092d0                __libc_fini_array
 .text.__register_exitproc
                0x080092f8       0x80 /opt/arm/arm-gnu-toolchain-14.3.rel1-x86_64-arm-none-eabi/bin/../lib/gcc/arm-none-eabi/14.3.1/../../../../arm-none-eabi/lib/thumb/v7e-m+fp/hard/libc.a(libc_a-__atexit.o)
                0x080092f8                __register_exitproc
 *(.glue_7)
 .glue_7        0x08009378        0x0 linker stubs
 *(.glue_7t)
 .glue_7t       0x08009378        0x0 linker stubs
 *(.eh_frame)
 .eh_frame      0x08009378        0x0 /opt/arm/arm-gnu-toolchain-14.3.rel1-x86_64-arm-none-eabi/bin/../lib/gcc/arm-none-eabi/14.3.1/thumb/v7e-m+fp/hard/crtbegin.o
 *(.init)
 .init          0x08009378        0x4 /opt/arm/arm-gnu-toolchain-14.3.rel1-x86_64-arm-none-eabi/bin/../lib/gcc/arm-none-eabi/14.3.1/thumb/v7e-m+fp/hard/crti.o
                0x08009378                _init
 .init          0x0800937c        0x8 /opt/arm/arm-gnu-toolchain-14.3.rel1-x86_64-arm-none-eabi/bin/../lib/gcc/arm-none-eabi/14.3.1/thumb/v7e-m+fp/hard/crtn.o
 *(.fini)
 .fini          0x08009384        0x4 /opt/arm/arm-gnu-toolchain-14.3.rel1-x86_64-arm-none-eabi/bin/../lib/gcc/arm-none-eabi/14.3.1/thumb/v7e-m+fp/hard/crti.o
                0x08009384                _fini
 .fini          0x08009388        0x8 /opt/arm/arm-gnu-toolchain-14.3.rel1-x86_64-arm-none-eabi/bin/../lib/gcc/arm-none-eabi/14.3.1/thumb/v7e-m+fp/hard/crtn.o
                0x08009390                        . = ALIGN (0x4)
                0x08009390                        _etext = .

.vfp11_veneer   0x08009390        0x0
 .vfp11_veneer  0x08009390        0x0 linker stubs

.v4_bx          0x08009390        0x0
 .v4_bx         0x08009390        0x0 linker stubs

.iplt           0x08009390        0x0
 .iplt          0x08009390        0x0 /opt/arm/arm-gnu-toolchain-14.3.rel1-x86_64-arm-none-eabi/bin/../lib/gcc/arm-none-eabi/14.3.1/thumb/v7e-m+fp/hard/crtbegin.o

.rodata         0x08009390      0x730
                0x08009390                        . = ALIGN (0x4)
 *(.rodata)
 .rodata        0x08009390      0x114 startup/stm32f411_periph.o
                0x08009390                _SCnSCB
                0x08009394                _SCB
                0x08009398                _SysTick
                0x0800939c                _NVIC
                0x080093a0                _ITM
                0x080093a4                _DWT
                0x080093a8                _TPI
                0x080093ac                _CoreDebug
                0x080093b0                _MPU
                0x080093b4                _FPU
                0x080093b8                _TIM2
                0x080093bc                _TIM3
                0x080093c0                _TIM4
                0x080093c4                _TIM5
                0x080093c8                _RTC
                0x080093cc                _WWDG
                0x080093d0                _IWDG
                0x080093d4                _I2S2ext
                0x080093d8                _SPI2
                0x080093dc                _SPI3
                0x080093e0                _I2S3ext
                0x080093e4                _USART2
                0x080093e8                _I2C1
                0x080093ec                _I2C2
                0x080093f0                _I2C3
                0x080093f4                _PWR
                0x080093f8                _TIM1
                0x080093fc                _USART1
                0x08009400                _USART6
                0x08009404                _ADC1
                0x08009408                _ADC
                0x0800940c                _SDIO
                0x08009410                _SPI1
                0x08009414                _SPI4
                0x08009418                _SYSCFG
                0x0800941c                _EXTI
                0x08009420                _TIM9
                0x08009424                _TIM10
                0x08009428                _TIM11
                0x0800942c                _SPI5
                0x08009430                _GPIOA
                0x08009434                _GPIOB
                0x08009438                _GPIOC
                0x0800943c                _GPIOD
                0x08009440                _GPIOE
                0x08009444                _GPIOH
                0x08009448                _CRC
                0x0800944c                _RCC
                0x08009450                _FLASH
                0x08009454                _DMA1
                0x08009458                _DMA1_Stream0
                0x0800945c                _DMA1_Stream1
                0x08009460                _DMA1_Stream2
                0x08009464                _DMA1_Stream3
                0x08009468                _DMA1_Stream4
                0x0800946c                _DMA1_Stream5
                0x08009470                _DMA1_Stream6
                0x08009474                _DMA1_Stream7
                0x08009478                _DMA2
                0x0800947c                _DMA2_Stream0
                0x08009480                _DMA2_Stream1
                0x08009484                _DMA2_Stream2
                0x08009488                _DMA2_Stream3
                0x0800948c                _DMA2_Stream4
                0x08009490                _DMA2_Stream5
                0x08009494                _DMA2_Stream6
                0x08009498                _DMA2_Stream7
                0x0800949c                _DBGMCU
                0x080094a0                _USB_OTG_FS
 .rodata        0x080094a4       0x18 startup/system_stm32f4xx.o
                0x080094a4                AHBPrescTable
                0x080094b4                APBPrescTable
 .rodata        0x080094bc      0x3e9 src/main.o
 *fill*         0x080098a5        0x3 
 .rodata        0x080098a8       0x56 lib/term.o
 *fill*         0x080098fe        0x2 
 .rodata        0x08009900       0x42 lib/util.o
 *fill*         0x08009942        0x2 
 .rodata        0x08009944       0x17 startup/SEGGER_RTT.o
 *(.rodata*)
 *fill*         0x0800995b        0x1 
 .rodata.all_implied_fbits
                0x0800995c       0x24 /opt/arm/arm-gnu-toolchain-14.3.rel1-x86_64-arm-none-eabi/bin/../lib/gcc/arm-none-eabi/14.3.1/thumb/v7e-m+fp/hard/crtbegin.o
 .rodata.log10.str1.4
                0x08009980        0x1 /opt/arm/arm-gnu-toolchain-14.3.rel1-x86_64-arm-none-eabi/bin/../lib/gcc/arm-none-eabi/14.3.1/../../../../arm-none-eabi/lib/thumb/v7e-m+fp/hard/libm.a(libm_a-w_log10.o)
 *fill*         0x08009981        0x7 
 .rodata.tiny   0x08009988        0x8 /opt/arm/arm-gnu-toolchain-14.3.rel1-x86_64-arm-none-eabi/bin/../lib/gcc/arm-none-eabi/14.3.1/../../../../arm-none-eabi/lib/thumb/v7e-m+fp/hard/libm.a(libm_a-e_sqrt.o)
 .rodata.one    0x08009990        0x8 /opt/arm/arm-gnu-toolchain-14.3.rel1-x86_64-arm-none-eabi/bin/../lib/gcc/arm-none-eabi/14.3.1/../../../../arm-none-eabi/lib/thumb/v7e-m+fp/hard/libm.a(libm_a-e_sqrt.o)
 .rodata._ctype_
                0x08009998      0x101 /opt/arm/arm-gnu-toolchain-14.3.rel1-x86_64-arm-none-eabi/bin/../lib/gcc/arm-none-eabi/14.3.1/../../../../arm-none-eabi/lib/thumb/v7e-m+fp/hard/libc.a(libc_a-ctype_.o)
                0x08009998                _ctype_
 *fill*         0x08009a99        0x3 
 .rodata.all_implied_fbits
                0x08009a9c       0x24 /opt/arm/arm-gnu-toolchain-14.3.rel1-x86_64-arm-none-eabi/bin/../lib/gcc/arm-none-eabi/14.3.1/thumb/v7e-m+fp/hard/crtend.o
                0x08009ac0                        . = ALIGN (0x4)

.ARM.extab
 *(.ARM.extab* .gnu.linkonce.armextab.*)

.ARM            0x08009ac0        0x8
                0x08009ac0                        __exidx_start = .
 *(.ARM.exidx*)
 .ARM.exidx     0x08009ac0        0x8 /opt/arm/arm-gnu-toolchain-14.3.rel1-x86_64-arm-none-eabi/bin/../lib/gcc/arm-none-eabi/14.3.1/../../../../arm-none-eabi/lib/thumb/v7e-m+fp/hard/libc.a(libc_a-strcmp.o)
 .ARM.exidx     0x08009ac8        0x0 /opt/arm/arm-gnu-toolchain-14.3.rel1-x86_64-arm-none-eabi/bin/../lib/gcc/arm-none-eabi/14.3.1/../../../../arm-none-eabi/lib/thumb/v7e-m+fp/hard/libc.a(libc_a-strlen.o)
                                  0x8 (size before relaxing)
 .ARM.exidx.text.__udivmoddi4
                0x08009ac8        0x0 /opt/arm/arm-gnu-toolchain-14.3.rel1-x86_64-arm-none-eabi/bin/../lib/gcc/arm-none-eabi/14.3.1/thumb/v7e-m+fp/hard/libgcc.a(_udivmoddi4.o)
                                  0x8 (size before relaxing)
                0x08009ac8                        __exidx_end = .

.rel.dyn        0x08009ac8        0x0
 .rel.iplt      0x08009ac8        0x0 /opt/arm/arm-gnu-toolchain-14.3.rel1-x86_64-arm-none-eabi/bin/../lib/gcc/arm-none-eabi/14.3.1/thumb/v7e-m+fp/hard/crtbegin.o

.preinit_array  0x08009ac8        0x0
                0x08009ac8                        PROVIDE (__preinit_array_start = .)
 *(.preinit_array*)
                0x08009ac8                        PROVIDE (__preinit_array_end = .)

.init_array     0x08009ac8        0x8
                0x08009ac8                        PROVIDE (__init_array_start = .)
 *(SORT_BY_NAME(.init_array.*))
 .init_array.00000
                0x08009ac8        0x4 /opt/arm/arm-gnu-toolchain-14.3.rel1-x86_64-arm-none-eabi/bin/../lib/gcc/arm-none-eabi/14.3.1/../../../../arm-none-eabi/lib/thumb/v7e-m+fp/hard/libc.a(libc_a-__call_atexit.o)
 *(.init_array*)
 .init_array    0x08009acc        0x4 /opt/arm/arm-gnu-toolchain-14.3.rel1-x86_64-arm-none-eabi/bin/../lib/gcc/arm-none-eabi/14.3.1/thumb/v7e-m+fp/hard/crtbegin.o
                0x08009ad0                        PROVIDE (__init_array_end = .)

.fini_array     0x08009ad0        0x4
                0x08009ad0                        PROVIDE (__fini_array_start = .)
 *(SORT_BY_NAME(.fini_array.*))
 *(.fini_array*)
 .fini_array    0x08009ad0        0x4 /opt/arm/arm-gnu-toolchain-14.3.rel1-x86_64-arm-none-eabi/bin/../lib/gcc/arm-none-eabi/14.3.1/thumb/v7e-m+fp/hard/crtbegin.o
                0x08009ad4                        PROVIDE (__fini_array_end = .)
                0x08009ad4                        _sidata = LOADADDR (.data)

.data           0x20000000      0x734 load address 0x08009ad4
                0x20000000                        . = ALIGN (0x4)
                0x20000000                        _sdata = .
 *(.data)
 .data          0x20000000        0x0 /opt/arm/arm-gnu-toolchain-14.3.rel1-x86_64-arm-none-eabi/bin/../lib/gcc/arm-none-eabi/14.3.1/thumb/v7e-m+fp/hard/crti.o
 .data          0x20000000        0x0 /opt/arm/arm-gnu-toolchain-14.3.rel1-x86_64-arm-none-eabi/bin/../lib/gcc/arm-none-eabi/14.3.1/thumb/v7e-m+fp/hard/crtbegin.o
 .data          0x20000000        0x0 /opt/arm/arm-gnu-toolchain-14.3.rel1-x86_64-arm-none-eabi/bin/../lib/gcc/arm-none-eabi/14.3.1/../../../../arm-none-eabi/lib/thumb/v7e-m+fp/hard/crt0.o
 .data          0x20000000        0x0 startup/stm32f411_periph.o
 .data          0x20000000        0x0 startup/sys_handlers.o
 .data          0x20000000       0xa8 startup/rcc.o
 .data          0x200000a8        0x4 startup/system_stm32f4xx.o
                0x200000a8                SystemCoreClock
 .data          0x200000ac       0x54 src/main.o
                0x200000ac                stepper
                0x200000f4                speed_low
                0x200000f8                speed_high
                0x200000fc                accel
 .data          0x20000100        0x0 src/hardware.o
 .data          0x20000100        0x0 lib/event.o
 .data          0x20000100        0x0 lib/term.o
 .data          0x20000100        0x0 lib/tick.o
 .data          0x20000100        0x0 lib/uart.o
 .data          0x20000100        0x0 lib/util.o
 .data          0x20000100       0x10 startup/SEGGER_RTT.o
 .data          0x20000110        0x8 startup/libc_syscalls.o
                0x20000110                ITM_RxBuffer
 .data          0x20000118        0x0 startup/startup_stm32f411xe.o
 .data          0x20000118        0x0 startup/SEGGER_RTT_ASM_ARMv7M.o
 .data          0x20000118        0x0 lib/libstm32.a(io.o)
 .data          0x20000118        0x0 lib/libstm32.a(timer.o)
 .data          0x20000118        0x0 /opt/arm/arm-gnu-toolchain-14.3.rel1-x86_64-arm-none-eabi/bin/../lib/gcc/arm-none-eabi/14.3.1/../../../../arm-none-eabi/lib/thumb/v7e-m+fp/hard/libm.a(libm_a-w_log10.o)
 .data          0x20000118        0x0 /opt/arm/arm-gnu-toolchain-14.3.rel1-x86_64-arm-none-eabi/bin/../lib/gcc/arm-none-eabi/14.3.1/../../../../arm-none-eabi/lib/thumb/v7e-m+fp/hard/libm.a(libm_a-w_pow.o)
 .data          0x20000118        0x0 /opt/arm/arm-gnu-toolchain-14.3.rel1-x86_64-arm-none-eabi/bin/../lib/gcc/arm-none-eabi/14.3.1/../../../../arm-none-eabi/lib/thumb/v7e-m+fp/hard/libm.a(libm_a-s_finite.o)
 .data          0x20000118        0x0 /opt/arm/arm-gnu-toolchain-14.3.rel1-x86_64-arm-none-eabi/bin/../lib/gcc/arm-none-eabi/14.3.1/../../../../arm-none-eabi/lib/thumb/v7e-m+fp/hard/libm.a(libm_a-s_nan.o)
 .data          0x20000118        0x0 /opt/arm/arm-gnu-toolchain-14.3.rel1-x86_64-arm-none-eabi/bin/../lib/gcc/arm-none-eabi/14.3.1/../../../../arm-none-eabi/lib/thumb/v7e-m+fp/hard/libm.a(libm_a-e_log10.o)
 .data          0x20000118        0x0 /opt/arm/arm-gnu-toolchain-14.3.rel1-x86_64-arm-none-eabi/bin/../lib/gcc/arm-none-eabi/14.3.1/../../../../arm-none-eabi/lib/thumb/v7e-m+fp/hard/libm.a(libm_a-e_pow.o)
 .data          0x20000118        0x0 /opt/arm/arm-gnu-toolchain-14.3.rel1-x86_64-arm-none-eabi/bin/../lib/gcc/arm-none-eabi/14.3.1/../../../../arm-none-eabi/lib/thumb/v7e-m+fp/hard/libm.a(libm_a-s_fabs.o)
 .data          0x20000118        0x0 /opt/arm/arm-gnu-toolchain-14.3.rel1-x86_64-arm-none-eabi/bin/../lib/gcc/arm-none-eabi/14.3.1/../../../../arm-none-eabi/lib/thumb/v7e-m+fp/hard/libm.a(libm_a-s_scalbn.o)
 .data          0x20000118        0x0 /opt/arm/arm-gnu-toolchain-14.3.rel1-x86_64-arm-none-eabi/bin/../lib/gcc/arm-none-eabi/14.3.1/../../../../arm-none-eabi/lib/thumb/v7e-m+fp/hard/libm.a(libm_a-math_err.o)
 .data          0x20000118        0x0 /opt/arm/arm-gnu-toolchain-14.3.rel1-x86_64-arm-none-eabi/bin/../lib/gcc/arm-none-eabi/14.3.1/../../../../arm-none-eabi/lib/thumb/v7e-m+fp/hard/libm.a(libm_a-e_sqrt.o)
 .data          0x20000118        0x0 /opt/arm/arm-gnu-toolchain-14.3.rel1-x86_64-arm-none-eabi/bin/../lib/gcc/arm-none-eabi/14.3.1/../../../../arm-none-eabi/lib/thumb/v7e-m+fp/hard/libm.a(libm_a-e_log.o)
 .data          0x20000118        0x0 /opt/arm/arm-gnu-toolchain-14.3.rel1-x86_64-arm-none-eabi/bin/../lib/gcc/arm-none-eabi/14.3.1/thumb/v7e-m+fp/hard/libgcc.a(_arm_muldf3.o)
 .data          0x20000118        0x0 /opt/arm/arm-gnu-toolchain-14.3.rel1-x86_64-arm-none-eabi/bin/../lib/gcc/arm-none-eabi/14.3.1/thumb/v7e-m+fp/hard/libgcc.a(_arm_addsubdf3.o)
 .data          0x20000118        0x0 /opt/arm/arm-gnu-toolchain-14.3.rel1-x86_64-arm-none-eabi/bin/../lib/gcc/arm-none-eabi/14.3.1/thumb/v7e-m+fp/hard/libgcc.a(_arm_muldivdf3.o)
 .data          0x20000118        0x0 /opt/arm/arm-gnu-toolchain-14.3.rel1-x86_64-arm-none-eabi/bin/../lib/gcc/arm-none-eabi/14.3.1/thumb/v7e-m+fp/hard/libgcc.a(_arm_cmpdf2.o)
 .data          0x20000118        0x0 /opt/arm/arm-gnu-toolchain-14.3.rel1-x86_64-arm-none-eabi/bin/../lib/gcc/arm-none-eabi/14.3.1/thumb/v7e-m+fp/hard/libgcc.a(_arm_unorddf2.o)
 .data          0x20000118        0x0 /opt/arm/arm-gnu-toolchain-14.3.rel1-x86_64-arm-none-eabi/bin/../lib/gcc/arm-none-eabi/14.3.1/thumb/v7e-m+fp/hard/libgcc.a(_arm_fixdfsi.o)
 .data          0x20000118        0x0 /opt/arm/arm-gnu-toolchain-14.3.rel1-x86_64-arm-none-eabi/bin/../lib/gcc/arm-none-eabi/14.3.1/thumb/v7e-m+fp/hard/libgcc.a(_aeabi_uldivmod.o)
 .data          0x20000118        0x0 /opt/arm/arm-gnu-toolchain-14.3.rel1-x86_64-arm-none-eabi/bin/../lib/gcc/arm-none-eabi/14.3.1/thumb/v7e-m+fp/hard/libgcc.a(_udivmoddi4.o)
 .data          0x20000118        0x0 /opt/arm/arm-gnu-toolchain-14.3.rel1-x86_64-arm-none-eabi/bin/../lib/gcc/arm-none-eabi/14.3.1/thumb/v7e-m+fp/hard/libgcc.a(_dvmd_tls.o)
 .data          0x20000118        0x0 /opt/arm/arm-gnu-toolchain-14.3.rel1-x86_64-arm-none-eabi/bin/../lib/gcc/arm-none-eabi/14.3.1/../../../../arm-none-eabi/lib/thumb/v7e-m+fp/hard/libc.a(libc_a-exit.o)
 .data          0x20000118        0x0 /opt/arm/arm-gnu-toolchain-14.3.rel1-x86_64-arm-none-eabi/bin/../lib/gcc/arm-none-eabi/14.3.1/../../../../arm-none-eabi/lib/thumb/v7e-m+fp/hard/libc.a(libc_a-malloc.o)
 .data          0x20000118        0x0 /opt/arm/arm-gnu-toolchain-14.3.rel1-x86_64-arm-none-eabi/bin/../lib/gcc/arm-none-eabi/14.3.1/../../../../arm-none-eabi/lib/thumb/v7e-m+fp/hard/libc.a(libc_a-mallocr.o)
 .data          0x20000118        0x0 /opt/arm/arm-gnu-toolchain-14.3.rel1-x86_64-arm-none-eabi/bin/../lib/gcc/arm-none-eabi/14.3.1/../../../../arm-none-eabi/lib/thumb/v7e-m+fp/hard/libc.a(libc_a-mlock.o)
 .data          0x20000118        0x0 /opt/arm/arm-gnu-toolchain-14.3.rel1-x86_64-arm-none-eabi/bin/../lib/gcc/arm-none-eabi/14.3.1/../../../../arm-none-eabi/lib/thumb/v7e-m+fp/hard/libc.a(libc_a-ctype_.o)
 .data          0x20000118        0x0 /opt/arm/arm-gnu-toolchain-14.3.rel1-x86_64-arm-none-eabi/bin/../lib/gcc/arm-none-eabi/14.3.1/../../../../arm-none-eabi/lib/thumb/v7e-m+fp/hard/libc.a(libc_a-findfp.o)
 .data          0x20000118        0x0 /opt/arm/arm-gnu-toolchain-14.3.rel1-x86_64-arm-none-eabi/bin/../lib/gcc/arm-none-eabi/14.3.1/../../../../arm-none-eabi/lib/thumb/v7e-m+fp/hard/libc.a(libc_a-fwalk.o)
 .data          0x20000118        0x0 /opt/arm/arm-gnu-toolchain-14.3.rel1-x86_64-arm-none-eabi/bin/../lib/gcc/arm-none-eabi/14.3.1/../../../../arm-none-eabi/lib/thumb/v7e-m+fp/hard/libc.a(libc_a-stdio.o)
 .data          0x20000118        0x0 /opt/arm/arm-gnu-toolchain-14.3.rel1-x86_64-arm-none-eabi/bin/../lib/gcc/arm-none-eabi/14.3.1/../../../../arm-none-eabi/lib/thumb/v7e-m+fp/hard/libc.a(libc_a-memmove.o)
 .data          0x20000118        0x0 /opt/arm/arm-gnu-toolchain-14.3.rel1-x86_64-arm-none-eabi/bin/../lib/gcc/arm-none-eabi/14.3.1/../../../../arm-none-eabi/lib/thumb/v7e-m+fp/hard/libc.a(libc_a-memset.o)
 .data          0x20000118        0x0 /opt/arm/arm-gnu-toolchain-14.3.rel1-x86_64-arm-none-eabi/bin/../lib/gcc/arm-none-eabi/14.3.1/../../../../arm-none-eabi/lib/thumb/v7e-m+fp/hard/libc.a(libc_a-closer.o)
 .data          0x20000118        0x0 /opt/arm/arm-gnu-toolchain-14.3.rel1-x86_64-arm-none-eabi/bin/../lib/gcc/arm-none-eabi/14.3.1/../../../../arm-none-eabi/lib/thumb/v7e-m+fp/hard/libc.a(libc_a-reent.o)
 .data          0x20000118        0x0 /opt/arm/arm-gnu-toolchain-14.3.rel1-x86_64-arm-none-eabi/bin/../lib/gcc/arm-none-eabi/14.3.1/../../../../arm-none-eabi/lib/thumb/v7e-m+fp/hard/libc.a(libc_a-impure.o)
 .data          0x20000118        0x0 /opt/arm/arm-gnu-toolchain-14.3.rel1-x86_64-arm-none-eabi/bin/../lib/gcc/arm-none-eabi/14.3.1/../../../../arm-none-eabi/lib/thumb/v7e-m+fp/hard/libc.a(libc_a-lseekr.o)
 .data          0x20000118        0x0 /opt/arm/arm-gnu-toolchain-14.3.rel1-x86_64-arm-none-eabi/bin/../lib/gcc/arm-none-eabi/14.3.1/../../../../arm-none-eabi/lib/thumb/v7e-m+fp/hard/libc.a(libc_a-readr.o)
 .data          0x20000118        0x0 /opt/arm/arm-gnu-toolchain-14.3.rel1-x86_64-arm-none-eabi/bin/../lib/gcc/arm-none-eabi/14.3.1/../../../../arm-none-eabi/lib/thumb/v7e-m+fp/hard/libc.a(libc_a-sbrkr.o)
 .data          0x20000118        0x0 /opt/arm/arm-gnu-toolchain-14.3.rel1-x86_64-arm-none-eabi/bin/../lib/gcc/arm-none-eabi/14.3.1/../../../../arm-none-eabi/lib/thumb/v7e-m+fp/hard/libc.a(libc_a-writer.o)
 .data          0x20000118        0x0 /opt/arm/arm-gnu-toolchain-14.3.rel1-x86_64-arm-none-eabi/bin/../lib/gcc/arm-none-eabi/14.3.1/../../../../arm-none-eabi/lib/thumb/v7e-m+fp/hard/libc.a(libc_a-errno.o)
 .data          0x20000118        0x0 /opt/arm/arm-gnu-toolchain-14.3.rel1-x86_64-arm-none-eabi/bin/../lib/gcc/arm-none-eabi/14.3.1/../../../../arm-none-eabi/lib/thumb/v7e-m+fp/hard/libc.a(libc_a-init.o)
 .data          0x20000118        0x0 /opt/arm/arm-gnu-toolchain-14.3.rel1-x86_64-arm-none-eabi/bin/../lib/gcc/arm-none-eabi/14.3.1/../../../../arm-none-eabi/lib/thumb/v7e-m+fp/hard/libc.a(libc_a-lock.o)
 .data          0x20000118        0x0 /opt/arm/arm-gnu-toolchain-14.3.rel1-x86_64-arm-none-eabi/bin/../lib/gcc/arm-none-eabi/14.3.1/../../../../arm-none-eabi/lib/thumb/v7e-m+fp/hard/libc.a(libc_a-sysconf.o)
 .data          0x20000118        0x0 /opt/arm/arm-gnu-toolchain-14.3.rel1-x86_64-arm-none-eabi/bin/../lib/gcc/arm-none-eabi/14.3.1/../../../../arm-none-eabi/lib/thumb/v7e-m+fp/hard/libc.a(libc_a-strcmp.o)
 .data          0x20000118        0x0 /opt/arm/arm-gnu-toolchain-14.3.rel1-x86_64-arm-none-eabi/bin/../lib/gcc/arm-none-eabi/14.3.1/../../../../arm-none-eabi/lib/thumb/v7e-m+fp/hard/libc.a(libc_a-strcpy.o)
 .data          0x20000118        0x0 /opt/arm/arm-gnu-toolchain-14.3.rel1-x86_64-arm-none-eabi/bin/../lib/gcc/arm-none-eabi/14.3.1/../../../../arm-none-eabi/lib/thumb/v7e-m+fp/hard/libc.a(libc_a-memcpy.o)
 .data          0x20000118        0x0 /opt/arm/arm-gnu-toolchain-14.3.rel1-x86_64-arm-none-eabi/bin/../lib/gcc/arm-none-eabi/14.3.1/../../../../arm-none-eabi/lib/thumb/v7e-m+fp/hard/libc.a(libc_a-strlen.o)
 .data          0x20000118        0x0 /opt/arm/arm-gnu-toolchain-14.3.rel1-x86_64-arm-none-eabi/bin/../lib/gcc/arm-none-eabi/14.3.1/../../../../arm-none-eabi/lib/thumb/v7e-m+fp/hard/libc.a(libc_a-__call_atexit.o)
 .data          0x20000118        0x0 /opt/arm/arm-gnu-toolchain-14.3.rel1-x86_64-arm-none-eabi/bin/../lib/gcc/arm-none-eabi/14.3.1/../../../../arm-none-eabi/lib/thumb/v7e-m+fp/hard/libc.a(libc_a-atexit.o)
 .data          0x20000118        0x0 /opt/arm/arm-gnu-toolchain-14.3.rel1-x86_64-arm-none-eabi/bin/../lib/gcc/arm-none-eabi/14.3.1/../../../../arm-none-eabi/lib/thumb/v7e-m+fp/hard/libc.a(libc_a-freer.o)
 .data          0x20000118        0x0 /opt/arm/arm-gnu-toolchain-14.3.rel1-x86_64-arm-none-eabi/bin/../lib/gcc/arm-none-eabi/14.3.1/../../../../arm-none-eabi/lib/thumb/v7e-m+fp/hard/libc.a(libc_a-fclose.o)
 .data          0x20000118        0x0 /opt/arm/arm-gnu-toolchain-14.3.rel1-x86_64-arm-none-eabi/bin/../lib/gcc/arm-none-eabi/14.3.1/../../../../arm-none-eabi/lib/thumb/v7e-m+fp/hard/libc.a(libc_a-fflush.o)
 .data          0x20000118        0x0 /opt/arm/arm-gnu-toolchain-14.3.rel1-x86_64-arm-none-eabi/bin/../lib/gcc/arm-none-eabi/14.3.1/../../../../arm-none-eabi/lib/thumb/v7e-m+fp/hard/libc.a(libc_a-fini.o)
 .data          0x20000118        0x0 /opt/arm/arm-gnu-toolchain-14.3.rel1-x86_64-arm-none-eabi/bin/../lib/gcc/arm-none-eabi/14.3.1/../../../../arm-none-eabi/lib/thumb/v7e-m+fp/hard/libc.a(libc_a-__atexit.o)
 .data          0x20000118        0x0 /opt/arm/arm-gnu-toolchain-14.3.rel1-x86_64-arm-none-eabi/bin/../lib/gcc/arm-none-eabi/14.3.1/thumb/v7e-m+fp/hard/crtend.o
 .data          0x20000118        0x0 /opt/arm/arm-gnu-toolchain-14.3.rel1-x86_64-arm-none-eabi/bin/../lib/gcc/arm-none-eabi/14.3.1/thumb/v7e-m+fp/hard/crtn.o
 *(.data*)
 .data.__malloc_sbrk_base
                0x20000118        0x4 /opt/arm/arm-gnu-toolchain-14.3.rel1-x86_64-arm-none-eabi/bin/../lib/gcc/arm-none-eabi/14.3.1/../../../../arm-none-eabi/lib/thumb/v7e-m+fp/hard/libc.a(libc_a-mallocr.o)
                0x20000118                __malloc_sbrk_base
 .data.__malloc_trim_threshold
                0x2000011c        0x4 /opt/arm/arm-gnu-toolchain-14.3.rel1-x86_64-arm-none-eabi/bin/../lib/gcc/arm-none-eabi/14.3.1/../../../../arm-none-eabi/lib/thumb/v7e-m+fp/hard/libc.a(libc_a-mallocr.o)
                0x2000011c                __malloc_trim_threshold
 .data.__malloc_av_
                0x20000120      0x408 /opt/arm/arm-gnu-toolchain-14.3.rel1-x86_64-arm-none-eabi/bin/../lib/gcc/arm-none-eabi/14.3.1/../../../../arm-none-eabi/lib/thumb/v7e-m+fp/hard/libc.a(libc_a-mallocr.o)
                0x20000120                __malloc_av_
 .data._impure_ptr
                0x20000528        0x4 /opt/arm/arm-gnu-toolchain-14.3.rel1-x86_64-arm-none-eabi/bin/../lib/gcc/arm-none-eabi/14.3.1/../../../../arm-none-eabi/lib/thumb/v7e-m+fp/hard/libc.a(libc_a-impure.o)
                0x20000528                _impure_ptr
 *fill*         0x2000052c        0x4 
 .data._impure_data
                0x20000530      0x200 /opt/arm/arm-gnu-toolchain-14.3.rel1-x86_64-arm-none-eabi/bin/../lib/gcc/arm-none-eabi/14.3.1/../../../../arm-none-eabi/lib/thumb/v7e-m+fp/hard/libc.a(libc_a-impure.o)
                0x20000530                _impure_data
 .data.__atexit_recursive_mutex
                0x20000730        0x4 /opt/arm/arm-gnu-toolchain-14.3.rel1-x86_64-arm-none-eabi/bin/../lib/gcc/arm-none-eabi/14.3.1/../../../../arm-none-eabi/lib/thumb/v7e-m+fp/hard/libc.a(libc_a-__call_atexit.o)
                0x20000730                __atexit_recursive_mutex
                0x20000734                        . = ALIGN (0x4)
                0x20000734                        _edata = .

.tm_clone_table
                0x20000734        0x0 load address 0x0800a208
 .tm_clone_table
                0x20000734        0x0 /opt/arm/arm-gnu-toolchain-14.3.rel1-x86_64-arm-none-eabi/bin/../lib/gcc/arm-none-eabi/14.3.1/thumb/v7e-m+fp/hard/crtbegin.o
 .tm_clone_table
                0x20000734        0x0 /opt/arm/arm-gnu-toolchain-14.3.rel1-x86_64-arm-none-eabi/bin/../lib/gcc/arm-none-eabi/14.3.1/thumb/v7e-m+fp/hard/crtend.o

.igot.plt       0x20000734        0x0 load address 0x0800a208
 .igot.plt      0x20000734        0x0 /opt/arm/arm-gnu-toolchain-14.3.rel1-x86_64-arm-none-eabi/bin/../lib/gcc/arm-none-eabi/14.3.1/thumb/v7e-m+fp/hard/crtbegin.o
                0x20000734                        . = ALIGN (0x4)

.bss            0x20000734      0xec4 load address 0x0800a208
                0x20000734                        _sbss = .
                0x20000734                        __bss_start__ = _sbss
 *(.bss)
 .bss           0x20000734        0x0 /opt/arm/arm-gnu-toolchain-14.3.rel1-x86_64-arm-none-eabi/bin/../lib/gcc/arm-none-eabi/14.3.1/thumb/v7e-m+fp/hard/crti.o
 .bss           0x20000734        0x0 /opt/arm/arm-gnu-toolchain-14.3.rel1-x86_64-arm-none-eabi/bin/../lib/gcc/arm-none-eabi/14.3.1/thumb/v7e-m+fp/hard/crtbegin.o
 .bss           0x20000734        0x0 /opt/arm/arm-gnu-toolchain-14.3.rel1-x86_64-arm-none-eabi/bin/../lib/gcc/arm-none-eabi/14.3.1/../../../../arm-none-eabi/lib/thumb/v7e-m+fp/hard/crt0.o
 .bss           0x20000734        0x0 startup/stm32f411_periph.o
 .bss           0x20000734        0x0 startup/sys_handlers.o
 .bss           0x20000734       0x1c startup/rcc.o
                0x20000734                sysclks
 .bss           0x20000750        0x0 startup/system_stm32f4xx.o
 .bss           0x20000750       0x60 src/main.o
                0x20000750                app_state
                0x20000754                servo_state
 .bss           0x200007b0      0x4b0 src/hardware.o
 .bss           0x20000c60       0x58 lib/event.o
                0x20000c60                evq
                0x20000cb0                evq_rd
                0x20000cb4                evq_wr
 .bss           0x20000cb8       0x7c lib/term.o
 .bss           0x20000d34        0xc lib/tick.o
 .bss           0x20000d40       0x54 lib/uart.o
                0x20000d40                u2_ctx
 .bss           0x20000d94        0x0 lib/util.o
 .bss           0x20000d94      0x4b9 startup/SEGGER_RTT.o
                0x20000d94                _SEGGER_RTT
 .bss           0x2000124d        0x0 startup/libc_syscalls.o
 .bss           0x2000124d        0x0 startup/startup_stm32f411xe.o
 .bss           0x2000124d        0x0 startup/SEGGER_RTT_ASM_ARMv7M.o
 *fill*         0x2000124d        0x3 
 .bss           0x20001250       0x40 lib/libstm32.a(io.o)
 .bss           0x20001290       0x40 lib/libstm32.a(timer.o)
 .bss           0x200012d0        0x0 /opt/arm/arm-gnu-toolchain-14.3.rel1-x86_64-arm-none-eabi/bin/../lib/gcc/arm-none-eabi/14.3.1/../../../../arm-none-eabi/lib/thumb/v7e-m+fp/hard/libm.a(libm_a-w_log10.o)
 .bss           0x200012d0        0x0 /opt/arm/arm-gnu-toolchain-14.3.rel1-x86_64-arm-none-eabi/bin/../lib/gcc/arm-none-eabi/14.3.1/../../../../arm-none-eabi/lib/thumb/v7e-m+fp/hard/libm.a(libm_a-w_pow.o)
 .bss           0x200012d0        0x0 /opt/arm/arm-gnu-toolchain-14.3.rel1-x86_64-arm-none-eabi/bin/../lib/gcc/arm-none-eabi/14.3.1/../../../../arm-none-eabi/lib/thumb/v7e-m+fp/hard/libm.a(libm_a-s_finite.o)
 .bss           0x200012d0        0x0 /opt/arm/arm-gnu-toolchain-14.3.rel1-x86_64-arm-none-eabi/bin/../lib/gcc/arm-none-eabi/14.3.1/../../../../arm-none-eabi/lib/thumb/v7e-m+fp/hard/libm.a(libm_a-s_nan.o)
 .bss           0x200012d0        0x0 /opt/arm/arm-gnu-toolchain-14.3.rel1-x86_64-arm-none-eabi/bin/../lib/gcc/arm-none-eabi/14.3.1/../../../../arm-none-eabi/lib/thumb/v7e-m+fp/hard/libm.a(libm_a-e_log10.o)
 .bss           0x200012d0        0x0 /opt/arm/arm-gnu-toolchain-14.3.rel1-x86_64-arm-none-eabi/bin/../lib/gcc/arm-none-eabi/14.3.1/../../../../arm-none-eabi/lib/thumb/v7e-m+fp/hard/libm.a(libm_a-e_pow.o)
 .bss           0x200012d0        0x0 /opt/arm/arm-gnu-toolchain-14.3.rel1-x86_64-arm-none-eabi/bin/../lib/gcc/arm-none-eabi/14.3.1/../../../../arm-none-eabi/lib/thumb/v7e-m+fp/hard/libm.a(libm_a-s_fabs.o)
 .bss           0x200012d0        0x0 /opt/arm/arm-gnu-toolchain-14.3.rel1-x86_64-arm-none-eabi/bin/../lib/gcc/arm-none-eabi/14.3.1/../../../../arm-none-eabi/lib/thumb/v7e-m+fp/hard/libm.a(libm_a-s_scalbn.o)
 .bss           0x200012d0        0x0 /opt/arm/arm-gnu-toolchain-14.3.rel1-x86_64-arm-none-eabi/bin/../lib/gcc/arm-none-eabi/14.3.1/../../../../arm-none-eabi/lib/thumb/v7e-m+fp/hard/libm.a(libm_a-math_err.o)
 .bss           0x200012d0        0x0 /opt/arm/arm-gnu-toolchain-14.3.rel1-x86_64-arm-none-eabi/bin/../lib/gcc/arm-none-eabi/14.3.1/../../../../arm-none-eabi/lib/thumb/v7e-m+fp/hard/libm.a(libm_a-e_sqrt.o)
 .bss           0x200012d0        0x0 /opt/arm/arm-gnu-toolchain-14.3.rel1-x86_64-arm-none-eabi/bin/../lib/gcc/arm-none-eabi/14.3.1/../../../../arm-none-eabi/lib/thumb/v7e-m+fp/hard/libm.a(libm_a-e_log.o)
 .bss           0x200012d0        0x0 /opt/arm/arm-gnu-toolchain-14.3.rel1-x86_64-arm-none-eabi/bin/../lib/gcc/arm-none-eabi/14.3.1/thumb/v7e-m+fp/hard/libgcc.a(_arm_muldf3.o)
 .bss           0x200012d0        0x0 /opt/arm/arm-gnu-toolchain-14.3.rel1-x86_64-arm-none-eabi/bin/../lib/gcc/arm-none-eabi/14.3.1/thumb/v7e-m+fp/hard/libgcc.a(_arm_addsubdf3.o)
 .bss           0x200012d0        0x0 /opt/arm/arm-gnu-toolchain-14.3.rel1-x86_64-arm-none-eabi/bin/../lib/gcc/arm-none-eabi/14.3.1/thumb/v7e-m+fp/hard/libgcc.a(_arm_muldivdf3.o)
 .bss           0x200012d0        0x0 /opt/arm/arm-gnu-toolchain-14.3.rel1-x86_64-arm-none-eabi/bin/../lib/gcc/arm-none-eabi/14.3.1/thumb/v7e-m+fp/hard/libgcc.a(_arm_cmpdf2.o)
 .bss           0x200012d0        0x0 /opt/arm/arm-gnu-toolchain-14.3.rel1-x86_64-arm-none-eabi/bin/../lib/gcc/arm-none-eabi/14.3.1/thumb/v7e-m+fp/hard/libgcc.a(_arm_unorddf2.o)
 .bss           0x200012d0        0x0 /opt/arm/arm-gnu-toolchain-14.3.rel1-x86_64-arm-none-eabi/bin/../lib/gcc/arm-none-eabi/14.3.1/thumb/v7e-m+fp/hard/libgcc.a(_arm_fixdfsi.o)
 .bss           0x200012d0        0x0 /opt/arm/arm-gnu-toolchain-14.3.rel1-x86_64-arm-none-eabi/bin/../lib/gcc/arm-none-eabi/14.3.1/thumb/v7e-m+fp/hard/libgcc.a(_aeabi_uldivmod.o)
 .bss           0x200012d0        0x0 /opt/arm/arm-gnu-toolchain-14.3.rel1-x86_64-arm-none-eabi/bin/../lib/gcc/arm-none-eabi/14.3.1/thumb/v7e-m+fp/hard/libgcc.a(_udivmoddi4.o)
 .bss           0x200012d0        0x0 /opt/arm/arm-gnu-toolchain-14.3.rel1-x86_64-arm-none-eabi/bin/../lib/gcc/arm-none-eabi/14.3.1/thumb/v7e-m+fp/hard/libgcc.a(_dvmd_tls.o)
 .bss           0x200012d0        0x0 /opt/arm/arm-gnu-toolchain-14.3.rel1-x86_64-arm-none-eabi/bin/../lib/gcc/arm-none-eabi/14.3.1/../../../../arm-none-eabi/lib/thumb/v7e-m+fp/hard/libc.a(libc_a-exit.o)
 .bss           0x200012d0        0x0 /opt/arm/arm-gnu-toolchain-14.3.rel1-x86_64-arm-none-eabi/bin/../lib/gcc/arm-none-eabi/14.3.1/../../../../arm-none-eabi/lib/thumb/v7e-m+fp/hard/libc.a(libc_a-malloc.o)
 .bss           0x200012d0        0x0 /opt/arm/arm-gnu-toolchain-14.3.rel1-x86_64-arm-none-eabi/bin/../lib/gcc/arm-none-eabi/14.3.1/../../../../arm-none-eabi/lib/thumb/v7e-m+fp/hard/libc.a(libc_a-mallocr.o)
 .bss           0x200012d0        0x0 /opt/arm/arm-gnu-toolchain-14.3.rel1-x86_64-arm-none-eabi/bin/../lib/gcc/arm-none-eabi/14.3.1/../../../../arm-none-eabi/lib/thumb/v7e-m+fp/hard/libc.a(libc_a-mlock.o)
 .bss           0x200012d0        0x0 /opt/arm/arm-gnu-toolchain-14.3.rel1-x86_64-arm-none-eabi/bin/../lib/gcc/arm-none-eabi/14.3.1/../../../../arm-none-eabi/lib/thumb/v7e-m+fp/hard/libc.a(libc_a-ctype_.o)
 .bss           0x200012d0        0x0 /opt/arm/arm-gnu-toolchain-14.3.rel1-x86_64-arm-none-eabi/bin/../lib/gcc/arm-none-eabi/14.3.1/../../../../arm-none-eabi/lib/thumb/v7e-m+fp/hard/libc.a(libc_a-findfp.o)
 .bss           0x200012d0        0x0 /opt/arm/arm-gnu-toolchain-14.3.rel1-x86_64-arm-none-eabi/bin/../lib/gcc/arm-none-eabi/14.3.1/../../../../arm-none-eabi/lib/thumb/v7e-m+fp/hard/libc.a(libc_a-fwalk.o)
 .bss           0x200012d0        0x0 /opt/arm/arm-gnu-toolchain-14.3.rel1-x86_64-arm-none-eabi/bin/../lib/gcc/arm-none-eabi/14.3.1/../../../../arm-none-eabi/lib/thumb/v7e-m+fp/hard/libc.a(libc_a-stdio.o)
 .bss           0x200012d0        0x0 /opt/arm/arm-gnu-toolchain-14.3.rel1-x86_64-arm-none-eabi/bin/../lib/gcc/arm-none-eabi/14.3.1/../../../../arm-none-eabi/lib/thumb/v7e-m+fp/hard/libc.a(libc_a-memmove.o)
 .bss           0x200012d0        0x0 /opt/arm/arm-gnu-toolchain-14.3.rel1-x86_64-arm-none-eabi/bin/../lib/gcc/arm-none-eabi/14.3.1/../../../../arm-none-eabi/lib/thumb/v7e-m+fp/hard/libc.a(libc_a-memset.o)
 .bss           0x200012d0        0x0 /opt/arm/arm-gnu-toolchain-14.3.rel1-x86_64-arm-none-eabi/bin/../lib/gcc/arm-none-eabi/14.3.1/../../../../arm-none-eabi/lib/thumb/v7e-m+fp/hard/libc.a(libc_a-closer.o)
 .bss           0x200012d0        0x0 /opt/arm/arm-gnu-toolchain-14.3.rel1-x86_64-arm-none-eabi/bin/../lib/gcc/arm-none-eabi/14.3.1/../../../../arm-none-eabi/lib/thumb/v7e-m+fp/hard/libc.a(libc_a-reent.o)
 .bss           0x200012d0        0x0 /opt/arm/arm-gnu-toolchain-14.3.rel1-x86_64-arm-none-eabi/bin/../lib/gcc/arm-none-eabi/14.3.1/../../../../arm-none-eabi/lib/thumb/v7e-m+fp/hard/libc.a(libc_a-impure.o)
 .bss           0x200012d0        0x0 /opt/arm/arm-gnu-toolchain-14.3.rel1-x86_64-arm-none-eabi/bin/../lib/gcc/arm-none-eabi/14.3.1/../../../../arm-none-eabi/lib/thumb/v7e-m+fp/hard/libc.a(libc_a-lseekr.o)
 .bss           0x200012d0        0x0 /opt/arm/arm-gnu-toolchain-14.3.rel1-x86_64-arm-none-eabi/bin/../lib/gcc/arm-none-eabi/14.3.1/../../../../arm-none-eabi/lib/thumb/v7e-m+fp/hard/libc.a(libc_a-readr.o)
 .bss           0x200012d0        0x0 /opt/arm/arm-gnu-toolchain-14.3.rel1-x86_64-arm-none-eabi/bin/../lib/gcc/arm-none-eabi/14.3.1/../../../../arm-none-eabi/lib/thumb/v7e-m+fp/hard/libc.a(libc_a-sbrkr.o)
 .bss           0x200012d0        0x0 /opt/arm/arm-gnu-toolchain-14.3.rel1-x86_64-arm-none-eabi/bin/../lib/gcc/arm-none-eabi/14.3.1/../../../../arm-none-eabi/lib/thumb/v7e-m+fp/hard/libc.a(libc_a-writer.o)
 .bss           0x200012d0        0x0 /opt/arm/arm-gnu-toolchain-14.3.rel1-x86_64-arm-none-eabi/bin/../lib/gcc/arm-none-eabi/14.3.1/../../../../arm-none-eabi/lib/thumb/v7e-m+fp/hard/libc.a(libc_a-errno.o)
 .bss           0x200012d0        0x0 /opt/arm/arm-gnu-toolchain-14.3.rel1-x86_64-arm-none-eabi/bin/../lib/gcc/arm-none-eabi/14.3.1/../../../../arm-none-eabi/lib/thumb/v7e-m+fp/hard/libc.a(libc_a-init.o)
 .bss           0x200012d0        0x0 /opt/arm/arm-gnu-toolchain-14.3.rel1-x86_64-arm-none-eabi/bin/../lib/gcc/arm-none-eabi/14.3.1/../../../../arm-none-eabi/lib/thumb/v7e-m+fp/hard/libc.a(libc_a-lock.o)
 .bss           0x200012d0        0x0 /opt/arm/arm-gnu-toolchain-14.3.rel1-x86_64-arm-none-eabi/bin/../lib/gcc/arm-none-eabi/14.3.1/../../../../arm-none-eabi/lib/thumb/v7e-m+fp/hard/libc.a(libc_a-sysconf.o)
 .bss           0x200012d0        0x0 /opt/arm/arm-gnu-toolchain-14.3.rel1-x86_64-arm-none-eabi/bin/../lib/gcc/arm-none-eabi/14.3.1/../../../../arm-none-eabi/lib/thumb/v7e-m+fp/hard/libc.a(libc_a-strcmp.o)
 .bss           0x200012d0        0x0 /opt/arm/arm-gnu-toolchain-14.3.rel1-x86_64-arm-none-eabi/bin/../lib/gcc/arm-none-eabi/14.3.1/../../../../arm-none-eabi/lib/thumb/v7e-m+fp/hard/libc.a(libc_a-strcpy.o)
 .bss           0x200012d0        0x0 /opt/arm/arm-gnu-toolchain-14.3.rel1-x86_64-arm-none-eabi/bin/../lib/gcc/arm-none-eabi/14.3.1/../../../../arm-none-eabi/lib/thumb/v7e-m+fp/hard/libc.a(libc_a-memcpy.o)
 .bss           0x200012d0        0x0 /opt/arm/arm-gnu-toolchain-14.3.rel1-x86_64-arm-none-eabi/bin/../lib/gcc/arm-none-eabi/14.3.1/../../../../arm-none-eabi/lib/thumb/v7e-m+fp/hard/libc.a(libc_a-strlen.o)
 .bss           0x200012d0        0x0 /opt/arm/arm-gnu-toolchain-14.3.rel1-x86_64-arm-none-eabi/bin/../lib/gcc/arm-none-eabi/14.3.1/../../../../arm-none-eabi/lib/thumb/v7e-m+fp/hard/libc.a(libc_a-__call_atexit.o)
 .bss           0x200012d0        0x0 /opt/arm/arm-gnu-toolchain-14.3.rel1-x86_64-arm-none-eabi/bin/../lib/gcc/arm-none-eabi/14.3.1/../../../../arm-none-eabi/lib/thumb/v7e-m+fp/hard/libc.a(libc_a-atexit.o)
 .bss           0x200012d0        0x0 /opt/arm/arm-gnu-toolchain-14.3.rel1-x86_64-arm-none-eabi/bin/../lib/gcc/arm-none-eabi/14.3.1/../../../../arm-none-eabi/lib/thumb/v7e-m+fp/hard/libc.a(libc_a-freer.o)
 .bss           0x200012d0        0x0 /opt/arm/arm-gnu-toolchain-14.3.rel1-x86_64-arm-none-eabi/bin/../lib/gcc/arm-none-eabi/14.3.1/../../../../arm-none-eabi/lib/thumb/v7e-m+fp/hard/libc.a(libc_a-fclose.o)
 .bss           0x200012d0        0x0 /opt/arm/arm-gnu-toolchain-14.3.rel1-x86_64-arm-none-eabi/bin/../lib/gcc/arm-none-eabi/14.3.1/../../../../arm-none-eabi/lib/thumb/v7e-m+fp/hard/libc.a(libc_a-fflush.o)
 .bss           0x200012d0        0x0 /opt/arm/arm-gnu-toolchain-14.3.rel1-x86_64-arm-none-eabi/bin/../lib/gcc/arm-none-eabi/14.3.1/../../../../arm-none-eabi/lib/thumb/v7e-m+fp/hard/libc.a(libc_a-fini.o)
 .bss           0x200012d0        0x0 /opt/arm/arm-gnu-toolchain-14.3.rel1-x86_64-arm-none-eabi/bin/../lib/gcc/arm-none-eabi/14.3.1/../../../../arm-none-eabi/lib/thumb/v7e-m+fp/hard/libc.a(libc_a-__atexit.o)
 .bss           0x200012d0        0x0 /opt/arm/arm-gnu-toolchain-14.3.rel1-x86_64-arm-none-eabi/bin/../lib/gcc/arm-none-eabi/14.3.1/thumb/v7e-m+fp/hard/crtend.o
 .bss           0x200012d0        0x0 /opt/arm/arm-gnu-toolchain-14.3.rel1-x86_64-arm-none-eabi/bin/../lib/gcc/arm-none-eabi/14.3.1/thumb/v7e-m+fp/hard/crtn.o
 *(.bss*)
 .bss.completed.1
                0x200012d0        0x1 /opt/arm/arm-gnu-toolchain-14.3.rel1-x86_64-arm-none-eabi/bin/../lib/gcc/arm-none-eabi/14.3.1/thumb/v7e-m+fp/hard/crtbegin.o
 *fill*         0x200012d1        0x3 
 .bss.object.0  0x200012d4       0x18 /opt/arm/arm-gnu-toolchain-14.3.rel1-x86_64-arm-none-eabi/bin/../lib/gcc/arm-none-eabi/14.3.1/thumb/v7e-m+fp/hard/crtbegin.o
 .bss.__malloc_current_mallinfo
                0x200012ec       0x28 /opt/arm/arm-gnu-toolchain-14.3.rel1-x86_64-arm-none-eabi/bin/../lib/gcc/arm-none-eabi/14.3.1/../../../../arm-none-eabi/lib/thumb/v7e-m+fp/hard/libc.a(libc_a-mallocr.o)
                0x200012ec                __malloc_current_mallinfo
 .bss.__malloc_max_total_mem
                0x20001314        0x4 /opt/arm/arm-gnu-toolchain-14.3.rel1-x86_64-arm-none-eabi/bin/../lib/gcc/arm-none-eabi/14.3.1/../../../../arm-none-eabi/lib/thumb/v7e-m+fp/hard/libc.a(libc_a-mallocr.o)
                0x20001314                __malloc_max_total_mem
 .bss.__malloc_max_sbrked_mem
                0x20001318        0x4 /opt/arm/arm-gnu-toolchain-14.3.rel1-x86_64-arm-none-eabi/bin/../lib/gcc/arm-none-eabi/14.3.1/../../../../arm-none-eabi/lib/thumb/v7e-m+fp/hard/libc.a(libc_a-mallocr.o)
                0x20001318                __malloc_max_sbrked_mem
 .bss.__malloc_top_pad
                0x2000131c        0x4 /opt/arm/arm-gnu-toolchain-14.3.rel1-x86_64-arm-none-eabi/bin/../lib/gcc/arm-none-eabi/14.3.1/../../../../arm-none-eabi/lib/thumb/v7e-m+fp/hard/libc.a(libc_a-mallocr.o)
                0x2000131c                __malloc_top_pad
 .bss.__sf      0x20001320      0x138 /opt/arm/arm-gnu-toolchain-14.3.rel1-x86_64-arm-none-eabi/bin/../lib/gcc/arm-none-eabi/14.3.1/../../../../arm-none-eabi/lib/thumb/v7e-m+fp/hard/libc.a(libc_a-findfp.o)
                0x20001320                __sf
 .bss.errno     0x20001458        0x4 /opt/arm/arm-gnu-toolchain-14.3.rel1-x86_64-arm-none-eabi/bin/../lib/gcc/arm-none-eabi/14.3.1/../../../../arm-none-eabi/lib/thumb/v7e-m+fp/hard/libc.a(libc_a-reent.o)
                0x20001458                errno
 .bss.__lock___malloc_recursive_mutex
                0x2000145c        0x1 /opt/arm/arm-gnu-toolchain-14.3.rel1-x86_64-arm-none-eabi/bin/../lib/gcc/arm-none-eabi/14.3.1/../../../../arm-none-eabi/lib/thumb/v7e-m+fp/hard/libc.a(libc_a-lock.o)
                0x2000145c                __lock___malloc_recursive_mutex
 *fill*         0x2000145d        0x3 
 .bss.__lock___atexit_recursive_mutex
                0x20001460        0x1 /opt/arm/arm-gnu-toolchain-14.3.rel1-x86_64-arm-none-eabi/bin/../lib/gcc/arm-none-eabi/14.3.1/../../../../arm-none-eabi/lib/thumb/v7e-m+fp/hard/libc.a(libc_a-lock.o)
                0x20001460                __lock___atexit_recursive_mutex
 *fill*         0x20001461        0x3 
 .bss.__atexit  0x20001464        0x4 /opt/arm/arm-gnu-toolchain-14.3.rel1-x86_64-arm-none-eabi/bin/../lib/gcc/arm-none-eabi/14.3.1/../../../../arm-none-eabi/lib/thumb/v7e-m+fp/hard/libc.a(libc_a-__call_atexit.o)
                0x20001464                __atexit
 .bss.__atexit0
                0x20001468      0x190 /opt/arm/arm-gnu-toolchain-14.3.rel1-x86_64-arm-none-eabi/bin/../lib/gcc/arm-none-eabi/14.3.1/../../../../arm-none-eabi/lib/thumb/v7e-m+fp/hard/libc.a(libc_a-__atexit.o)
                0x20001468                __atexit0
 *(COMMON)
                0x200015f8                        . = ALIGN (0x4)
                0x200015f8                        _ebss = .
                0x200015f8                        __bss_end__ = _ebss

._user_heap_stack
                0x200015f8      0x600 load address 0x0800a208
                0x200015f8                        . = ALIGN (0x4)
                0x200015f8                        PROVIDE (end = .)
                [!provide]                        PROVIDE (_end = .)
                0x200017f8                        . = (. + _Min_Heap_Size)
 *fill*         0x200015f8      0x200 
                0x20001bf8                        . = (. + _Min_Stack_Size)
 *fill*         0x200017f8      0x400 
                0x20001bf8                        . = ALIGN (0x4)

/DISCARD/
 libc.a(*)
 libm.a(*)
 libgcc.a(*)

.ARM.attributes
                0x00000000       0x30
 *(.ARM.attributes)
 .ARM.attributes
                0x00000000       0x22 /opt/arm/arm-gnu-toolchain-14.3.rel1-x86_64-arm-none-eabi/bin/../lib/gcc/arm-none-eabi/14.3.1/thumb/v7e-m+fp/hard/crti.o
 .ARM.attributes
                0x00000022       0x34 /opt/arm/arm-gnu-toolchain-14.3.rel1-x86_64-arm-none-eabi/bin/../lib/gcc/arm-none-eabi/14.3.1/thumb/v7e-m+fp/hard/crtbegin.o
 .ARM.attributes
                0x00000056       0x20 /opt/arm/arm-gnu-toolchain-14.3.rel1-x86_64-arm-none-eabi/bin/../lib/gcc/arm-none-eabi/14.3.1/../../../../arm-none-eabi/lib/thumb/v7e-m+fp/hard/crt0.o
 .ARM.attributes
                0x00000076       0x34 startup/stm32f411_periph.o
 .ARM.attributes
                0x000000aa       0x34 startup/sys_handlers.o
 .ARM.attributes
                0x000000de       0x34 startup/rcc.o
 .ARM.attributes
                0x00000112       0x34 startup/system_stm32f4xx.o
 .ARM.attributes
                0x00000146       0x34 src/main.o
 .ARM.attributes
                0x0000017a       0x34 src/hardware.o
 .ARM.attributes
                0x000001ae       0x34 lib/event.o
 .ARM.attributes
                0x000001e2       0x34 lib/term.o
 .ARM.attributes
                0x00000216       0x34 lib/tick.o
 .ARM.attributes
                0x0000024a       0x34 lib/uart.o
 .ARM.attributes
                0x0000027e       0x34 lib/util.o
 .ARM.attributes
                0x000002b2       0x34 startup/SEGGER_RTT.o
 .ARM.attributes
                0x000002e6       0x34 startup/libc_syscalls.o
 .ARM.attributes
                0x0000031a       0x21 startup/startup_stm32f411xe.o
 .ARM.attributes
                0x0000033b       0x20 startup/SEGGER_RTT_ASM_ARMv7M.o
 .ARM.attributes
                0x0000035b       0x34 lib/libstm32.a(io.o)
 .ARM.attributes
                0x0000038f       0x34 lib/libstm32.a(timer.o)
 .ARM.attributes
                0x000003c3       0x34 /opt/arm/arm-gnu-toolchain-14.3.rel1-x86_64-arm-none-eabi/bin/../lib/gcc/arm-none-eabi/14.3.1/../../../../arm-none-eabi/lib/thumb/v7e-m+fp/hard/libm.a(libm_a-w_log10.o)
 .ARM.attributes
                0x000003f7       0x34 /opt/arm/arm-gnu-toolchain-14.3.rel1-x86_64-arm-none-eabi/bin/../lib/gcc/arm-none-eabi/14.3.1/../../../../arm-none-eabi/lib/thumb/v7e-m+fp/hard/libm.a(libm_a-w_pow.o)
 .ARM.attributes
                0x0000042b       0x34 /opt/arm/arm-gnu-toolchain-14.3.rel1-x86_64-arm-none-eabi/bin/../lib/gcc/arm-none-eabi/14.3.1/../../../../arm-none-eabi/lib/thumb/v7e-m+fp/hard/libm.a(libm_a-s_finite.o)
 .ARM.attributes
                0x0000045f       0x34 /opt/arm/arm-gnu-toolchain-14.3.rel1-x86_64-arm-none-eabi/bin/../lib/gcc/arm-none-eabi/14.3.1/../../../../arm-none-eabi/lib/thumb/v7e-m+fp/hard/libm.a(libm_a-s_nan.o)
 .ARM.attributes
                0x00000493       0x34 /opt/arm/arm-gnu-toolchain-14.3.rel1-x86_64-arm-none-eabi/bin/../lib/gcc/arm-none-eabi/14.3.1/../../../../arm-none-eabi/lib/thumb/v7e-m+fp/hard/libm.a(libm_a-e_log10.o)
 .ARM.attributes
                0x000004c7       0x34 /opt/arm/arm-gnu-toolchain-14.3.rel1-x86_64-arm-none-eabi/bin/../lib/gcc/arm-none-eabi/14.3.1/../../../../arm-none-eabi/lib/thumb/v7e-m+fp/hard/libm.a(libm_a-e_pow.o)
 .ARM.attributes
                0x000004fb       0x34 /opt/arm/arm-gnu-toolchain-14.3.rel1-x86_64-arm-none-eabi/bin/../lib/gcc/arm-none-eabi/14.3.1/../../../../arm-none-eabi/lib/thumb/v7e-m+fp/hard/libm.a(libm_a-s_fabs.o)
 .ARM.attributes
                0x0000052f       0x34 /opt/arm/arm-gnu-toolchain-14.3.rel1-x86_64-arm-none-eabi/bin/../lib/gcc/arm-none-eabi/14.3.1/../../../../arm-none-eabi/lib/thumb/v7e-m+fp/hard/libm.a(libm_a-s_scalbn.o)
 .ARM.attributes
                0x00000563       0x34 /opt/arm/arm-gnu-toolchain-14.3.rel1-x86_64-arm-none-eabi/bin/../lib/gcc/arm-none-eabi/14.3.1/../../../../arm-none-eabi/lib/thumb/v7e-m+fp/hard/libm.a(libm_a-math_err.o)
 .ARM.attributes
                0x00000597       0x34 /opt/arm/arm-gnu-toolchain-14.3.rel1-x86_64-arm-none-eabi/bin/../lib/gcc/arm-none-eabi/14.3.1/../../../../arm-none-eabi/lib/thumb/v7e-m+fp/hard/libm.a(libm_a-e_sqrt.o)
 .ARM.attributes
                0x000005cb       0x34 /opt/arm/arm-gnu-toolchain-14.3.rel1-x86_64-arm-none-eabi/bin/../lib/gcc/arm-none-eabi/14.3.1/../../../../arm-none-eabi/lib/thumb/v7e-m+fp/hard/libm.a(libm_a-e_log.o)
 .ARM.attributes
                0x000005ff       0x22 /opt/arm/arm-gnu-toolchain-14.3.rel1-x86_64-arm-none-eabi/bin/../lib/gcc/arm-none-eabi/14.3.1/thumb/v7e-m+fp/hard/libgcc.a(_arm_muldf3.o)
 .ARM.attributes
                0x00000621       0x22 /opt/arm/arm-gnu-toolchain-14.3.rel1-x86_64-arm-none-eabi/bin/../lib/gcc/arm-none-eabi/14.3.1/thumb/v7e-m+fp/hard/libgcc.a(_arm_addsubdf3.o)
 .ARM.attributes
                0x00000643       0x22 /opt/arm/arm-gnu-toolchain-14.3.rel1-x86_64-arm-none-eabi/bin/../lib/gcc/arm-none-eabi/14.3.1/thumb/v7e-m+fp/hard/libgcc.a(_arm_muldivdf3.o)
 .ARM.attributes
                0x00000665       0x22 /opt/arm/arm-gnu-toolchain-14.3.rel1-x86_64-arm-none-eabi/bin/../lib/gcc/arm-none-eabi/14.3.1/thumb/v7e-m+fp/hard/libgcc.a(_arm_cmpdf2.o)
 .ARM.attributes
                0x00000687       0x22 /opt/arm/arm-gnu-toolchain-14.3.rel1-x86_64-arm-none-eabi/bin/../lib/gcc/arm-none-eabi/14.3.1/thumb/v7e-m+fp/hard/libgcc.a(_arm_unorddf2.o)
 .ARM.attributes
                0x000006a9       0x22 /opt/arm/arm-gnu-toolchain-14.3.rel1-x86_64-arm-none-eabi/bin/../lib/gcc/arm-none-eabi/14.3.1/thumb/v7e-m+fp/hard/libgcc.a(_arm_fixdfsi.o)
 .ARM.attributes
                0x000006cb       0x22 /opt/arm/arm-gnu-toolchain-14.3.rel1-x86_64-arm-none-eabi/bin/../lib/gcc/arm-none-eabi/14.3.1/thumb/v7e-m+fp/hard/libgcc.a(_aeabi_uldivmod.o)
 .ARM.attributes
                0x000006ed       0x34 /opt/arm/arm-gnu-toolchain-14.3.rel1-x86_64-arm-none-eabi/bin/../lib/gcc/arm-none-eabi/14.3.1/thumb/v7e-m+fp/hard/libgcc.a(_udivmoddi4.o)
 .ARM.attributes
                0x00000721       0x22 /opt/arm/arm-gnu-toolchain-14.3.rel1-x86_64-arm-none-eabi/bin/../lib/gcc/arm-none-eabi/14.3.1/thumb/v7e-m+fp/hard/libgcc.a(_dvmd_tls.o)
 .ARM.attributes
                0x00000743       0x34 /opt/arm/arm-gnu-toolchain-14.3.rel1-x86_64-arm-none-eabi/bin/../lib/gcc/arm-none-eabi/14.3.1/../../../../arm-none-eabi/lib/thumb/v7e-m+fp/hard/libc.a(libc_a-exit.o)
 .ARM.attributes
                0x00000777       0x34 /opt/arm/arm-gnu-toolchain-14.3.rel1-x86_64-arm-none-eabi/bin/../lib/gcc/arm-none-eabi/14.3.1/../../../../arm-none-eabi/lib/thumb/v7e-m+fp/hard/libc.a(libc_a-malloc.o)
 .ARM.attributes
                0x000007ab       0x34 /opt/arm/arm-gnu-toolchain-14.3.rel1-x86_64-arm-none-eabi/bin/../lib/gcc/arm-none-eabi/14.3.1/../../../../arm-none-eabi/lib/thumb/v7e-m+fp/hard/libc.a(libc_a-mallocr.o)
 .ARM.attributes
                0x000007df       0x34 /opt/arm/arm-gnu-toolchain-14.3.rel1-x86_64-arm-none-eabi/bin/../lib/gcc/arm-none-eabi/14.3.1/../../../../arm-none-eabi/lib/thumb/v7e-m+fp/hard/libc.a(libc_a-mlock.o)
 .ARM.attributes
                0x00000813       0x34 /opt/arm/arm-gnu-toolchain-14.3.rel1-x86_64-arm-none-eabi/bin/../lib/gcc/arm-none-eabi/14.3.1/../../../../arm-none-eabi/lib/thumb/v7e-m+fp/hard/libc.a(libc_a-ctype_.o)
 .ARM.attributes
                0x00000847       0x34 /opt/arm/arm-gnu-toolchain-14.3.rel1-x86_64-arm-none-eabi/bin/../lib/gcc/arm-none-eabi/14.3.1/../../../../arm-none-eabi/lib/thumb/v7e-m+fp/hard/libc.a(libc_a-findfp.o)
 .ARM.attributes
                0x0000087b       0x34 /opt/arm/arm-gnu-toolchain-14.3.rel1-x86_64-arm-none-eabi/bin/../lib/gcc/arm-none-eabi/14.3.1/../../../../arm-none-eabi/lib/thumb/v7e-m+fp/hard/libc.a(libc_a-fwalk.o)
 .ARM.attributes
                0x000008af       0x34 /opt/arm/arm-gnu-toolchain-14.3.rel1-x86_64-arm-none-eabi/bin/../lib/gcc/arm-none-eabi/14.3.1/../../../../arm-none-eabi/lib/thumb/v7e-m+fp/hard/libc.a(libc_a-stdio.o)
 .ARM.attributes
                0x000008e3       0x34 /opt/arm/arm-gnu-toolchain-14.3.rel1-x86_64-arm-none-eabi/bin/../lib/gcc/arm-none-eabi/14.3.1/../../../../arm-none-eabi/lib/thumb/v7e-m+fp/hard/libc.a(libc_a-memmove.o)
 .ARM.attributes
                0x00000917       0x34 /opt/arm/arm-gnu-toolchain-14.3.rel1-x86_64-arm-none-eabi/bin/../lib/gcc/arm-none-eabi/14.3.1/../../../../arm-none-eabi/lib/thumb/v7e-m+fp/hard/libc.a(libc_a-memset.o)
 .ARM.attributes
                0x0000094b       0x34 /opt/arm/arm-gnu-toolchain-14.3.rel1-x86_64-arm-none-eabi/bin/../lib/gcc/arm-none-eabi/14.3.1/../../../../arm-none-eabi/lib/thumb/v7e-m+fp/hard/libc.a(libc_a-closer.o)
 .ARM.attributes
                0x0000097f       0x34 /opt/arm/arm-gnu-toolchain-14.3.rel1-x86_64-arm-none-eabi/bin/../lib/gcc/arm-none-eabi/14.3.1/../../../../arm-none-eabi/lib/thumb/v7e-m+fp/hard/libc.a(libc_a-reent.o)
 .ARM.attributes
                0x000009b3       0x34 /opt/arm/arm-gnu-toolchain-14.3.rel1-x86_64-arm-none-eabi/bin/../lib/gcc/arm-none-eabi/14.3.1/../../../../arm-none-eabi/lib/thumb/v7e-m+fp/hard/libc.a(libc_a-impure.o)
 .ARM.attributes
                0x000009e7       0x34 /opt/arm/arm-gnu-toolchain-14.3.rel1-x86_64-arm-none-eabi/bin/../lib/gcc/arm-none-eabi/14.3.1/../../../../arm-none-eabi/lib/thumb/v7e-m+fp/hard/libc.a(libc_a-lseekr.o)
 .ARM.attributes
                0x00000a1b       0x34 /opt/arm/arm-gnu-toolchain-14.3.rel1-x86_64-arm-none-eabi/bin/../lib/gcc/arm-none-eabi/14.3.1/../../../../arm-none-eabi/lib/thumb/v7e-m+fp/hard/libc.a(libc_a-readr.o)
 .ARM.attributes
                0x00000a4f       0x34 /opt/arm/arm-gnu-toolchain-14.3.rel1-x86_64-arm-none-eabi/bin/../lib/gcc/arm-none-eabi/14.3.1/../../../../arm-none-eabi/lib/thumb/v7e-m+fp/hard/libc.a(libc_a-sbrkr.o)
 .ARM.attributes
                0x00000a83       0x34 /opt/arm/arm-gnu-toolchain-14.3.rel1-x86_64-arm-none-eabi/bin/../lib/gcc/arm-none-eabi/14.3.1/../../../../arm-none-eabi/lib/thumb/v7e-m+fp/hard/libc.a(libc_a-writer.o)
 .ARM.attributes
                0x00000ab7       0x34 /opt/arm/arm-gnu-toolchain-14.3.rel1-x86_64-arm-none-eabi/bin/../lib/gcc/arm-none-eabi/14.3.1/../../../../arm-none-eabi/lib/thumb/v7e-m+fp/hard/libc.a(libc_a-errno.o)
 .ARM.attributes
                0x00000aeb       0x34 /opt/arm/arm-gnu-toolchain-14.3.rel1-x86_64-arm-none-eabi/bin/../lib/gcc/arm-none-eabi/14.3.1/../../../../arm-none-eabi/lib/thumb/v7e-m+fp/hard/libc.a(libc_a-init.o)
 .ARM.attributes
                0x00000b1f       0x34 /opt/arm/arm-gnu-toolchain-14.3.rel1-x86_64-arm-none-eabi/bin/../lib/gcc/arm-none-eabi/14.3.1/../../../../arm-none-eabi/lib/thumb/v7e-m+fp/hard/libc.a(libc_a-lock.o)
 .ARM.attributes
                0x00000b53       0x34 /opt/arm/arm-gnu-toolchain-14.3.rel1-x86_64-arm-none-eabi/bin/../lib/gcc/arm-none-eabi/14.3.1/../../../../arm-none-eabi/lib/thumb/v7e-m+fp/hard/libc.a(libc_a-sysconf.o)
 .ARM.attributes
                0x00000b87       0x20 /opt/arm/arm-gnu-toolchain-14.3.rel1-x86_64-arm-none-eabi/bin/../lib/gcc/arm-none-eabi/14.3.1/../../../../arm-none-eabi/lib/thumb/v7e-m+fp/hard/libc.a(libc_a-strcmp.o)
 .ARM.attributes
                0x00000ba7       0x34 /opt/arm/arm-gnu-toolchain-14.3.rel1-x86_64-arm-none-eabi/bin/../lib/gcc/arm-none-eabi/14.3.1/../../../../arm-none-eabi/lib/thumb/v7e-m+fp/hard/libc.a(libc_a-strcpy.o)
 .ARM.attributes
                0x00000bdb       0x20 /opt/arm/arm-gnu-toolchain-14.3.rel1-x86_64-arm-none-eabi/bin/../lib/gcc/arm-none-eabi/14.3.1/../../../../arm-none-eabi/lib/thumb/v7e-m+fp/hard/libc.a(libc_a-memcpy.o)
 .ARM.attributes
                0x00000bfb       0x1c /opt/arm/arm-gnu-toolchain-14.3.rel1-x86_64-arm-none-eabi/bin/../lib/gcc/arm-none-eabi/14.3.1/../../../../arm-none-eabi/lib/thumb/v7e-m+fp/hard/libc.a(libc_a-strlen.o)
 .ARM.attributes
                0x00000c17       0x34 /opt/arm/arm-gnu-toolchain-14.3.rel1-x86_64-arm-none-eabi/bin/../lib/gcc/arm-none-eabi/14.3.1/../../../../arm-none-eabi/lib/thumb/v7e-m+fp/hard/libc.a(libc_a-__call_atexit.o)
 .ARM.attributes
                0x00000c4b       0x34 /opt/arm/arm-gnu-toolchain-14.3.rel1-x86_64-arm-none-eabi/bin/../lib/gcc/arm-none-eabi/14.3.1/../../../../arm-none-eabi/lib/thumb/v7e-m+fp/hard/libc.a(libc_a-atexit.o)
 .ARM.attributes
                0x00000c7f       0x34 /opt/arm/arm-gnu-toolchain-14.3.rel1-x86_64-arm-none-eabi/bin/../lib/gcc/arm-none-eabi/14.3.1/../../../../arm-none-eabi/lib/thumb/v7e-m+fp/hard/libc.a(libc_a-freer.o)
 .ARM.attributes
                0x00000cb3       0x34 /opt/arm/arm-gnu-toolchain-14.3.rel1-x86_64-arm-none-eabi/bin/../lib/gcc/arm-none-eabi/14.3.1/../../../../arm-none-eabi/lib/thumb/v7e-m+fp/hard/libc.a(libc_a-fclose.o)
 .ARM.attributes
                0x00000ce7       0x34 /opt/arm/arm-gnu-toolchain-14.3.rel1-x86_64-arm-none-eabi/bin/../lib/gcc/arm-none-eabi/14.3.1/../../../../arm-none-eabi/lib/thumb/v7e-m+fp/hard/libc.a(libc_a-fflush.o)
 .ARM.attributes
                0x00000d1b       0x34 /opt/arm/arm-gnu-toolchain-14.3.rel1-x86_64-arm-none-eabi/bin/../lib/gcc/arm-none-eabi/14.3.1/../../../../arm-none-eabi/lib/thumb/v7e-m+fp/hard/libc.a(libc_a-fini.o)
 .ARM.attributes
                0x00000d4f       0x34 /opt/arm/arm-gnu-toolchain-14.3.rel1-x86_64-arm-none-eabi/bin/../lib/gcc/arm-none-eabi/14.3.1/../../../../arm-none-eabi/lib/thumb/v7e-m+fp/hard/libc.a(libc_a-__atexit.o)
 .ARM.attributes
                0x00000d83       0x34 /opt/arm/arm-gnu-toolchain-14.3.rel1-x86_64-arm-none-eabi/bin/../lib/gcc/arm-none-eabi/14.3.1/thumb/v7e-m+fp/hard/crtend.o
 .ARM.attributes
                0x00000db7       0x22 /opt/arm/arm-gnu-toolchain-14.3.rel1-x86_64-arm-none-eabi/bin/../lib/gcc/arm-none-eabi/14.3.1/thumb/v7e-m+fp/hard/crtn.o
OUTPUT(main.elf elf32-littlearm)
LOAD linker stubs
LOAD /opt/arm/arm-gnu-toolchain-14.3.rel1-x86_64-arm-none-eabi/bin/../lib/gcc/arm-none-eabi/14.3.1/../../../../arm-none-eabi/lib/thumb/v7e-m+fp/hard/libc.a
LOAD /opt/arm/arm-gnu-toolchain-14.3.rel1-x86_64-arm-none-eabi/bin/../lib/gcc/arm-none-eabi/14.3.1/../../../../arm-none-eabi/lib/thumb/v7e-m+fp/hard/libm.a
LOAD /opt/arm/arm-gnu-toolchain-14.3.rel1-x86_64-arm-none-eabi/bin/../lib/gcc/arm-none-eabi/14.3.1/thumb/v7e-m+fp/hard/libgcc.a

.debug_line_str
                0x00000000      0x2a4
 .debug_line_str
                0x00000000      0x2a4 /opt/arm/arm-gnu-toolchain-14.3.rel1-x86_64-arm-none-eabi/bin/../lib/gcc/arm-none-eabi/14.3.1/../../../../arm-none-eabi/lib/thumb/v7e-m+fp/hard/crt0.o
                                 0xcf (size before relaxing)
 .debug_line_str
                0x000002a4       0xc7 /opt/arm/arm-gnu-toolchain-14.3.rel1-x86_64-arm-none-eabi/bin/../lib/gcc/arm-none-eabi/14.3.1/thumb/v7e-m+fp/hard/libgcc.a(_arm_muldf3.o)
 .debug_line_str
                0x000002a4       0xc7 /opt/arm/arm-gnu-toolchain-14.3.rel1-x86_64-arm-none-eabi/bin/../lib/gcc/arm-none-eabi/14.3.1/thumb/v7e-m+fp/hard/libgcc.a(_arm_addsubdf3.o)
 .debug_line_str
                0x000002a4       0xc7 /opt/arm/arm-gnu-toolchain-14.3.rel1-x86_64-arm-none-eabi/bin/../lib/gcc/arm-none-eabi/14.3.1/thumb/v7e-m+fp/hard/libgcc.a(_arm_muldivdf3.o)
 .debug_line_str
                0x000002a4       0xc7 /opt/arm/arm-gnu-toolchain-14.3.rel1-x86_64-arm-none-eabi/bin/../lib/gcc/arm-none-eabi/14.3.1/thumb/v7e-m+fp/hard/libgcc.a(_arm_cmpdf2.o)
 .debug_line_str
                0x000002a4       0xc7 /opt/arm/arm-gnu-toolchain-14.3.rel1-x86_64-arm-none-eabi/bin/../lib/gcc/arm-none-eabi/14.3.1/thumb/v7e-m+fp/hard/libgcc.a(_arm_unorddf2.o)
 .debug_line_str
                0x000002a4       0xc7 /opt/arm/arm-gnu-toolchain-14.3.rel1-x86_64-arm-none-eabi/bin/../lib/gcc/arm-none-eabi/14.3.1/thumb/v7e-m+fp/hard/libgcc.a(_arm_fixdfsi.o)
 .debug_line_str
                0x000002a4       0xc2 /opt/arm/arm-gnu-toolchain-14.3.rel1-x86_64-arm-none-eabi/bin/../lib/gcc/arm-none-eabi/14.3.1/thumb/v7e-m+fp/hard/libgcc.a(_aeabi_uldivmod.o)
 .debug_line_str
                0x000002a4       0xc6 /opt/arm/arm-gnu-toolchain-14.3.rel1-x86_64-arm-none-eabi/bin/../lib/gcc/arm-none-eabi/14.3.1/thumb/v7e-m+fp/hard/libgcc.a(_dvmd_tls.o)
 .debug_line_str
                0x000002a4       0xdb /opt/arm/arm-gnu-toolchain-14.3.rel1-x86_64-arm-none-eabi/bin/../lib/gcc/arm-none-eabi/14.3.1/../../../../arm-none-eabi/lib/thumb/v7e-m+fp/hard/libc.a(libc_a-strcmp.o)
 .debug_line_str
                0x000002a4       0xdc /opt/arm/arm-gnu-toolchain-14.3.rel1-x86_64-arm-none-eabi/bin/../lib/gcc/arm-none-eabi/14.3.1/../../../../arm-none-eabi/lib/thumb/v7e-m+fp/hard/libc.a(libc_a-memcpy.o)
 .debug_line_str
                0x000002a4       0xdb /opt/arm/arm-gnu-toolchain-14.3.rel1-x86_64-arm-none-eabi/bin/../lib/gcc/arm-none-eabi/14.3.1/../../../../arm-none-eabi/lib/thumb/v7e-m+fp/hard/libc.a(libc_a-strlen.o)

.debug_info     0x00000000     0xa225
 .debug_info    0x00000000     0x209b startup/stm32f411_periph.o
 .debug_info    0x0000209b      0x104 startup/sys_handlers.o
 .debug_info    0x0000219f      0x652 startup/rcc.o
 .debug_info    0x000027f1      0x9cc startup/system_stm32f4xx.o
 .debug_info    0x000031bd      0x96a src/main.o
 .debug_info    0x00003b27      0x823 src/hardware.o
 .debug_info    0x0000434a      0x3a0 lib/event.o
 .debug_info    0x000046ea      0x874 lib/term.o
 .debug_info    0x00004f5e      0x75d lib/tick.o
 .debug_info    0x000056bb      0xf40 lib/uart.o
 .debug_info    0x000065fb      0x450 lib/util.o
 .debug_info    0x00006a4b      0xe42 startup/SEGGER_RTT.o
 .debug_info    0x0000788d      0xa7b startup/libc_syscalls.o
 .debug_info    0x00008308       0x3f startup/startup_stm32f411xe.o
 .debug_info    0x00008347       0x26 startup/SEGGER_RTT_ASM_ARMv7M.o
 .debug_info    0x0000836d      0xd59 lib/libstm32.a(io.o)
 .debug_info    0x000090c6     0x115f lib/libstm32.a(timer.o)

.debug_abbrev   0x00000000     0x20af
 .debug_abbrev  0x00000000      0x16c startup/stm32f411_periph.o
 .debug_abbrev  0x0000016c       0x45 startup/sys_handlers.o
 .debug_abbrev  0x000001b1      0x201 startup/rcc.o
 .debug_abbrev  0x000003b2      0x1cc startup/system_stm32f4xx.o
 .debug_abbrev  0x0000057e      0x2a4 src/main.o
 .debug_abbrev  0x00000822      0x22d src/hardware.o
 .debug_abbrev  0x00000a4f      0x21a lib/event.o
 .debug_abbrev  0x00000c69      0x29f lib/term.o
 .debug_abbrev  0x00000f08      0x260 lib/tick.o
 .debug_abbrev  0x00001168      0x336 lib/uart.o
 .debug_abbrev  0x0000149e      0x133 lib/util.o
 .debug_abbrev  0x000015d1      0x22c startup/SEGGER_RTT.o
 .debug_abbrev  0x000017fd      0x2c7 startup/libc_syscalls.o
 .debug_abbrev  0x00001ac4       0x1f startup/startup_stm32f411xe.o
 .debug_abbrev  0x00001ae3       0x14 startup/SEGGER_RTT_ASM_ARMv7M.o
 .debug_abbrev  0x00001af7      0x2bb lib/libstm32.a(io.o)
 .debug_abbrev  0x00001db2      0x2fd lib/libstm32.a(timer.o)

.debug_aranges  0x00000000      0x220
 .debug_aranges
                0x00000000       0x18 startup/stm32f411_periph.o
 .debug_aranges
                0x00000018       0x20 startup/sys_handlers.o
 .debug_aranges
                0x00000038       0x20 startup/rcc.o
 .debug_aranges
                0x00000058       0x20 startup/system_stm32f4xx.o
 .debug_aranges
                0x00000078       0x20 src/main.o
 .debug_aranges
                0x00000098       0x20 src/hardware.o
 .debug_aranges
                0x000000b8       0x20 lib/event.o
 .debug_aranges
                0x000000d8       0x20 lib/term.o
 .debug_aranges
                0x000000f8       0x20 lib/tick.o
 .debug_aranges
                0x00000118       0x20 lib/uart.o
 .debug_aranges
                0x00000138       0x20 lib/util.o
 .debug_aranges
                0x00000158       0x20 startup/SEGGER_RTT.o
 .debug_aranges
                0x00000178       0x20 startup/libc_syscalls.o
 .debug_aranges
                0x00000198       0x28 startup/startup_stm32f411xe.o
 .debug_aranges
                0x000001c0       0x20 startup/SEGGER_RTT_ASM_ARMv7M.o
 .debug_aranges
                0x000001e0       0x20 lib/libstm32.a(io.o)
 .debug_aranges
                0x00000200       0x20 lib/libstm32.a(timer.o)

.debug_line     0x00000000     0x473a
 .debug_line    0x00000000      0x14c startup/stm32f411_periph.o
 .debug_line    0x0000014c       0x73 startup/sys_handlers.o
 .debug_line    0x000001bf      0x476 startup/rcc.o
 .debug_line    0x00000635      0x253 startup/system_stm32f4xx.o
 .debug_line    0x00000888      0x312 src/main.o
 .debug_line    0x00000b9a      0x334 src/hardware.o
 .debug_line    0x00000ece      0x1eb lib/event.o
 .debug_line    0x000010b9      0x8dd lib/term.o
 .debug_line    0x00001996      0x2a4 lib/tick.o
 .debug_line    0x00001c3a      0x67a lib/uart.o
 .debug_line    0x000022b4      0x58c lib/util.o
 .debug_line    0x00002840      0x722 startup/SEGGER_RTT.o
 .debug_line    0x00002f62      0x389 startup/libc_syscalls.o
 .debug_line    0x000032eb       0x77 startup/startup_stm32f411xe.o
 .debug_line    0x00003362       0x87 startup/SEGGER_RTT_ASM_ARMv7M.o
 .debug_line    0x000033e9      0x78b lib/libstm32.a(io.o)
 .debug_line    0x00003b74      0xbc6 lib/libstm32.a(timer.o)

.debug_str      0x00000000     0x243d
 .debug_str     0x00000000     0x243d startup/stm32f411_periph.o
                                0xb31 (size before relaxing)
 .debug_str     0x0000243d      0x1e3 startup/sys_handlers.o
 .debug_str     0x0000243d      0x4f8 startup/rcc.o
 .debug_str     0x0000243d      0x56d startup/system_stm32f4xx.o
 .debug_str     0x0000243d      0x52b src/main.o
 .debug_str     0x0000243d      0x445 src/hardware.o
 .debug_str     0x0000243d      0x25d lib/event.o
 .debug_str     0x0000243d      0x3e0 lib/term.o
 .debug_str     0x0000243d      0x6fd lib/tick.o
 .debug_str     0x0000243d      0x948 lib/uart.o
 .debug_str     0x0000243d      0x1d5 lib/util.o
 .debug_str     0x0000243d      0x571 startup/SEGGER_RTT.o
 .debug_str     0x0000243d      0x506 startup/libc_syscalls.o
 .debug_str     0x0000243d       0x65 startup/startup_stm32f411xe.o
 .debug_str     0x0000243d       0x53 startup/SEGGER_RTT_ASM_ARMv7M.o
 .debug_str     0x0000243d      0x8f6 lib/libstm32.a(io.o)
 .debug_str     0x0000243d      0xab5 lib/libstm32.a(timer.o)

.comment        0x00000000       0x46
 .comment       0x00000000       0x46 startup/stm32f411_periph.o
                                 0x47 (size before relaxing)
 .comment       0x00000046       0x47 startup/sys_handlers.o
 .comment       0x00000046       0x47 startup/rcc.o
 .comment       0x00000046       0x47 startup/system_stm32f4xx.o
 .comment       0x00000046       0x47 src/main.o
 .comment       0x00000046       0x47 src/hardware.o
 .comment       0x00000046       0x47 lib/event.o
 .comment       0x00000046       0x47 lib/term.o
 .comment       0x00000046       0x47 lib/tick.o
 .comment       0x00000046       0x47 lib/uart.o
 .comment       0x00000046       0x47 lib/util.o
 .comment       0x00000046       0x47 startup/SEGGER_RTT.o
 .comment       0x00000046       0x47 startup/libc_syscalls.o
 .comment       0x00000046       0x47 lib/libstm32.a(io.o)
 .comment       0x00000046       0x47 lib/libstm32.a(timer.o)

.debug_frame    0x00000000     0x29f4
 .debug_frame   0x00000000      0x110 startup/sys_handlers.o
 .debug_frame   0x00000110       0xd0 startup/rcc.o
 .debug_frame   0x000001e0       0x54 startup/system_stm32f4xx.o
 .debug_frame   0x00000234       0xd8 src/main.o
 .debug_frame   0x0000030c      0x230 src/hardware.o
 .debug_frame   0x0000053c       0x60 lib/event.o
 .debug_frame   0x0000059c      0x37c lib/term.o
 .debug_frame   0x00000918      0x124 lib/tick.o
 .debug_frame   0x00000a3c      0x284 lib/uart.o
 .debug_frame   0x00000cc0       0x8c lib/util.o
 .debug_frame   0x00000d4c      0x454 startup/SEGGER_RTT.o
 .debug_frame   0x000011a0      0x344 startup/libc_syscalls.o
 .debug_frame   0x000014e4      0x260 lib/libstm32.a(io.o)
 .debug_frame   0x00001744      0x3b8 lib/libstm32.a(timer.o)
 .debug_frame   0x00001afc       0x4c /opt/arm/arm-gnu-toolchain-14.3.rel1-x86_64-arm-none-eabi/bin/../lib/gcc/arm-none-eabi/14.3.1/../../../../arm-none-eabi/lib/thumb/v7e-m+fp/hard/libm.a(libm_a-w_log10.o)
 .debug_frame   0x00001b48       0x44 /opt/arm/arm-gnu-toolchain-14.3.rel1-x86_64-arm-none-eabi/bin/../lib/gcc/arm-none-eabi/14.3.1/../../../../arm-none-eabi/lib/thumb/v7e-m+fp/hard/libm.a(libm_a-w_pow.o)
 .debug_frame   0x00001b8c       0x28 /opt/arm/arm-gnu-toolchain-14.3.rel1-x86_64-arm-none-eabi/bin/../lib/gcc/arm-none-eabi/14.3.1/../../../../arm-none-eabi/lib/thumb/v7e-m+fp/hard/libm.a(libm_a-s_finite.o)
 .debug_frame   0x00001bb4       0x20 /opt/arm/arm-gnu-toolchain-14.3.rel1-x86_64-arm-none-eabi/bin/../lib/gcc/arm-none-eabi/14.3.1/../../../../arm-none-eabi/lib/thumb/v7e-m+fp/hard/libm.a(libm_a-s_nan.o)
 .debug_frame   0x00001bd4       0x58 /opt/arm/arm-gnu-toolchain-14.3.rel1-x86_64-arm-none-eabi/bin/../lib/gcc/arm-none-eabi/14.3.1/../../../../arm-none-eabi/lib/thumb/v7e-m+fp/hard/libm.a(libm_a-e_log10.o)
 .debug_frame   0x00001c2c       0x80 /opt/arm/arm-gnu-toolchain-14.3.rel1-x86_64-arm-none-eabi/bin/../lib/gcc/arm-none-eabi/14.3.1/../../../../arm-none-eabi/lib/thumb/v7e-m+fp/hard/libm.a(libm_a-e_pow.o)
 .debug_frame   0x00001cac       0x20 /opt/arm/arm-gnu-toolchain-14.3.rel1-x86_64-arm-none-eabi/bin/../lib/gcc/arm-none-eabi/14.3.1/../../../../arm-none-eabi/lib/thumb/v7e-m+fp/hard/libm.a(libm_a-s_fabs.o)
 .debug_frame   0x00001ccc       0x2c /opt/arm/arm-gnu-toolchain-14.3.rel1-x86_64-arm-none-eabi/bin/../lib/gcc/arm-none-eabi/14.3.1/../../../../arm-none-eabi/lib/thumb/v7e-m+fp/hard/libm.a(libm_a-s_scalbn.o)
 .debug_frame   0x00001cf8      0x14c /opt/arm/arm-gnu-toolchain-14.3.rel1-x86_64-arm-none-eabi/bin/../lib/gcc/arm-none-eabi/14.3.1/../../../../arm-none-eabi/lib/thumb/v7e-m+fp/hard/libm.a(libm_a-math_err.o)