Archive member included to satisfy reference by file (symbol)

lib/libstm32.a(io.o)          src/main.o (io_configure)
lib/libstm32.a(timer.o)       src/hardware.o (timer_start)
/opt/arm/arm-gnu-toolchain-14.3.rel1-x86_64-arm-none-eabi/bin/../lib/gcc/arm-none-eabi/14.3.1/../../../../arm-none-eabi/lib/thumb/v7e-m+fp/hard/libm.a(libm_a-w_log10.o)
                              lib/util.o (log10)
/opt/arm/arm-gnu-toolchain-14.3.rel1-x86_64-arm-none-eabi/bin/../lib/gcc/arm-none-eabi/14.3.1/../../../../arm-none-eabi/lib/thumb/v7e-m+fp/hard/libm.a(libm_a-w_pow.o)
                              lib/util.o (pow)
/opt/arm/arm-gnu-toolchain-14.3.rel1-x86_64-arm-none-eabi/bin/../lib/gcc/arm-none-eabi/14.3.1/../../../../arm-none-eabi/lib/thumb/v7e-m+fp/hard/libm.a(libm_a-s_finite.o)
                              /opt/arm/arm-gnu-toolchain-14.3.rel1-x86_64-arm-none-eabi/bin/../lib/gcc/arm-none-eabi/14.3.1/../../../../arm-none-eabi/lib/thumb/v7e-m+fp/hard/libm.a(libm_a-w_pow.o) (finite)
/opt/arm/arm-gnu-toolchain-14.3.rel1-x86_64-arm-none-eabi/bin/../lib/gcc/arm-none-eabi/14.3.1/../../../../arm-none-eabi/lib/thumb/v7e-m+fp/hard/libm.a(libm_a-s_nan.o)
                              /opt/arm/arm-gnu-toolchain-14.3.rel1-x86_64-arm-none-eabi/bin/../lib/gcc/arm-none-eabi/14.3.1/../../../../arm-none-eabi/lib/thumb/v7e-m+fp/hard/libm.a(libm_a-w_log10.o) (nan)
/opt/arm/arm-gnu-toolchain-14.3.rel1-x86_64-arm-none-eabi/bin/../lib/gcc/arm-none-eabi/14.3.1/../../../../arm-none-eabi/lib/thumb/v7e-m+fp/hard/libm.a(libm_a-e_log10.o)
                              /opt/arm/arm-gnu-toolchain-14.3.rel1-x86_64-arm-none-eabi/bin/../lib/gcc/arm-none-eabi/14.3.1/../../../../arm-none-eabi/lib/thumb/v7e-m+fp/hard/libm.a(libm_a-w_log10.o) (__ieee754_log10)
/opt/arm/arm-gnu-toolchain-14.3.rel1-x86_64-arm-none-eabi/bin/../lib/gcc/arm-none-eabi/14.3.1/../../../../arm-none-eabi/lib/thumb/v7e-m+fp/hard/libm.a(libm_a-e_pow.o)
                              /opt/arm/arm-gnu-toolchain-14.3.rel1-x86_64-arm-none-eabi/bin/../lib/gcc/arm-none-eabi/14.3.1/../../../../arm-none-eabi/lib/thumb/v7e-m+fp/hard/libm.a(libm_a-w_pow.o) (__ieee754_pow)
/opt/arm/arm-gnu-toolchain-14.3.rel1-x86_64-arm-none-eabi/bin/../lib/gcc/arm-none-eabi/14.3.1/../../../../arm-none-eabi/lib/thumb/v7e-m+fp/hard/libm.a(libm_a-s_fabs.o)
                              /opt/arm/arm-gnu-toolchain-14.3.rel1-x86_64-arm-none-eabi/bin/../lib/gcc/arm-none-eabi/14.3.1/../../../../arm-none-eabi/lib/thumb/v7e-m+fp/hard/libm.a(libm_a-e_pow.o) (fabs)
/opt/arm/arm-gnu-toolchain-14.3.rel1-x86_64-arm-none-eabi/bin/../lib/gcc/arm-none-eabi/14.3.1/../../../../arm-none-eabi/lib/thumb/v7e-m+fp/hard/libm.a(libm_a-s_scalbn.o)
                              /opt/arm/arm-gnu-toolchain-14.3.rel1-x86_64-arm-none-eabi/bin/../lib/gcc/arm-none-eabi/14.3.1/../../../../arm-none-eabi/lib/thumb/v7e-m+fp/hard/libm.a(libm_a-e_pow.o) (scalbn)
/opt/arm/arm-gnu-toolchain-14.3.rel1-x86_64-arm-none-eabi/bin/../lib/gcc/arm-none-eabi/14.3.1/../../../../arm-none-eabi/lib/thumb/v7e-m+fp/hard/libm.a(libm_a-math_err.o)
                              /opt/arm/arm-gnu-toolchain-14.3.rel1-x86_64-arm-none-eabi/bin/../lib/gcc/arm-none-eabi/14.3.1/../../../../arm-none-eabi/lib/thumb/v7e-m+fp/hard/libm.a(libm_a-e_pow.o) (__math_uflow)
/opt/arm/arm-gnu-toolchain-14.3.rel1-x86_64-arm-none-eabi/bin/../lib/gcc/arm-none-eabi/14.3.1/../../../../arm-none-eabi/lib/thumb/v7e-m+fp/hard/libm.a(libm_a-e_sqrt.o)
                              /opt/arm/arm-gnu-toolchain-14.3.rel1-x86_64-arm-none-eabi/bin/../lib/gcc/arm-none-eabi/14.3.1/../../../../arm-none-eabi/lib/thumb/v7e-m+fp/hard/libm.a(libm_a-e_pow.o) (__ieee754_sqrt)
/opt/arm/arm-gnu-toolchain-14.3.rel1-x86_64-arm-none-eabi/bin/../lib/gcc/arm-none-eabi/14.3.1/../../../../arm-none-eabi/lib/thumb/v7e-m+fp/hard/libm.a(libm_a-e_log.o)
                              /opt/arm/arm-gnu-toolchain-14.3.rel1-x86_64-arm-none-eabi/bin/../lib/gcc/arm-none-eabi/14.3.1/../../../../arm-none-eabi/lib/thumb/v7e-m+fp/hard/libm.a(libm_a-e_log10.o) (__ieee754_log)
/opt/arm/arm-gnu-toolchain-14.3.rel1-x86_64-arm-none-eabi/bin/../lib/gcc/arm-none-eabi/14.3.1/thumb/v7e-m+fp/hard/libgcc.a(_arm_muldf3.o)
                              lib/util.o (__aeabi_dmul)
/opt/arm/arm-gnu-toolchain-14.3.rel1-x86_64-arm-none-eabi/bin/../lib/gcc/arm-none-eabi/14.3.1/thumb/v7e-m+fp/hard/libgcc.a(_arm_addsubdf3.o)
                              lib/util.o (__aeabi_dsub)
/opt/arm/arm-gnu-toolchain-14.3.rel1-x86_64-arm-none-eabi/bin/../lib/gcc/arm-none-eabi/14.3.1/thumb/v7e-m+fp/hard/libgcc.a(_arm_muldivdf3.o)
                              lib/util.o (__aeabi_ddiv)
/opt/arm/arm-gnu-toolchain-14.3.rel1-x86_64-arm-none-eabi/bin/../lib/gcc/arm-none-eabi/14.3.1/thumb/v7e-m+fp/hard/libgcc.a(_arm_cmpdf2.o)
                              lib/util.o (__aeabi_dcmpeq)
/opt/arm/arm-gnu-toolchain-14.3.rel1-x86_64-arm-none-eabi/bin/../lib/gcc/arm-none-eabi/14.3.1/thumb/v7e-m+fp/hard/libgcc.a(_arm_unorddf2.o)
                              lib/util.o (__aeabi_dcmpun)
[...]
Memory Configuration

Name             Origin             Length             Attributes
FLASH            0x08000000         0x00080000         xr
RAM              0x20000000         0x00020000         xrw
*default*        0x00000000         0xffffffff

Linker script and memory map

LOAD /opt/arm/arm-gnu-toolchain-14.3.rel1-x86_64-arm-none-eabi/bin/../lib/gcc/arm-none-eabi/14.3.1/thumb/v7e-m+fp/hard/crti.o
LOAD /opt/arm/arm-gnu-toolchain-14.3.rel1-x86_64-arm-none-eabi/bin/../lib/gcc/arm-none-eabi/14.3.1/thumb/v7e-m+fp/hard/crtbegin.o
LOAD /opt/arm/arm-gnu-toolchain-14.3.rel1-x86_64-arm-none-eabi/bin/../lib/gcc/arm-none-eabi/14.3.1/../../../../arm-none-eabi/lib/thumb/v7e-m+fp/hard/crt0.o
LOAD startup/stm32f411_periph.o
LOAD startup/sys_handlers.o
LOAD startup/rcc.o
LOAD startup/system_stm32f4xx.o
LOAD src/main.o
LOAD src/hardware.o
LOAD lib/event.o
LOAD lib/term.o
LOAD lib/tick.o
LOAD lib/uart.o
LOAD lib/util.o
LOAD startup/SEGGER_RTT.o
LOAD startup/libc_syscalls.o
LOAD startup/startup_stm32f411xe.o
LOAD startup/SEGGER_RTT_ASM_ARMv7M.o
LOAD lib/libstm32.a
LOAD lib/libstm32.a
LOAD /opt/arm/arm-gnu-toolchain-14.3.rel1-x86_64-arm-none-eabi/bin/../lib/gcc/arm-none-eabi/14.3.1/../../../../arm-none-eabi/lib/thumb/v7e-m+fp/hard/libm.a
START GROUP
LOAD /opt/arm/arm-gnu-toolchain-14.3.rel1-x86_64-arm-none-eabi/bin/../lib/gcc/arm-none-eabi/14.3.1/thumb/v7e-m+fp/hard/libgcc.a
LOAD /opt/arm/arm-gnu-toolchain-14.3.rel1-x86_64-arm-none-eabi/bin/../lib/gcc/arm-none-eabi/14.3.1/../../../../arm-none-eabi/lib/thumb/v7e-m+fp/hard/libc.a
END GROUP
LOAD /opt/arm/arm-gnu-toolchain-14.3.rel1-x86_64-arm-none-eabi/bin/../lib/gcc/arm-none-eabi/14.3.1/thumb/v7e-m+fp/hard/crtend.o
LOAD /opt/arm/arm-gnu-toolchain-14.3.rel1-x86_64-arm-none-eabi/bin/../lib/gcc/arm-none-eabi/14.3.1/thumb/v7e-m+fp/hard/crtn.o
                0x20020000                        _estack = 0x20020000
                0x00000200                        _Min_Heap_Size = 0x200
                0x00000400                        _Min_Stack_Size = 0x400

.isr_vector     0x08000000      0x198
                0x08000000                        . = ALIGN (0x4)
 *(.isr_vector)
 .isr_vector    0x08000000      0x198 startup/startup_stm32f411xe.o
                0x08000000                g_pfnVectors
                0x08000198                        . = ALIGN (0x4)

.text           0x080001c0     0x8b90
                0x080001c0                        . = ALIGN (0x4)
 *(.text)
 .text          0x080001c0       0x66 startup/sys_handlers.o
                0x080001c0                NMI_Handler
                0x080001ce                HardFault_Handler
                0x080001d6                MemManage_Handler
                0x080001de                BusFault_Handler
                0x080001e6                UsageFault_Handler
                0x080001ee                SVC_Handler
                0x080001fc                DebugMon_Handler
                0x0800020a                PendSV_Handler
 *fill*         0x08000226        0x2 
 .text          0x08000228      0x504 startup/rcc.o
                0x08000494                rcc_sys_clk_cfg
                0x080006a8                rcc_i2s_clk_cfg
 .text          0x0800072c      0x210 startup/system_stm32f4xx.o
                0x0800072c                SystemInit
                0x0800082c                SystemCoreClockUpdate
 .text          0x0800093c      0x22c src/main.o
                0x0800093c                fc_cb
                0x0800094a                cmd_append_done
                0x080009b8                cmd_process
                0x08000a88                main
 .text          0x08000b68      0x358 src/hardware.o
                0x08000b68                servo_init
                0x08000bb4                servo_position
                0x08000c18                solenoid_init
                0x08000c38                solenoid
                0x08000c88                stepper_en
                0x08000cc0                stepper_pos
                0x08000cd8                stepper_pos_reset
                0x08000cf2                stepper_busy
                0x08000d10                stepper_stop
                0x08000d44                stepper_run
                0x08000d5e                stepper_init
                0x08000df8                stepper_pos_mm
                0x08000e38                stepper_run_mm
                0x08000e66                stepper_init_mm
 .text          0x08000ec0      0x140 lib/event.o
                0x08000ec0                push_event
                0x08000f68                pop_event
 .text          0x08001000     0x11e0 lib/term.o
                0x08001000                term_in
                0x08001010                term_out
                0x080010c4                term_clrscr
                0x080010f8                term_clreol
                0x0800110c                term_color
                0x08001188                term_gotoxy
                0x080011bc                term_up
                0x080011e8                term_down
                0x08001214                term_right
                0x08001248                term_left
                0x0800127c                term_get_rows
                0x08001294                term_get_cols
                0x080012ac                term_get_cx
                0x080012c4                term_get_cy
                0x080012dc                term_show_cursor
                0x0800130c                term_getc
                0x08001720                term_putc
                0x08001774                term_puts
                0x0800179e                term_printf
                0x08001c58                term_readline
                0x0800217c                term_init
 .text          0x080021e0      0x28c lib/tick.o
                0x08002234                SysTick_Handler
                0x08002270                tick_init
                0x08002328                tick_start
                0x08002354                tick_stop
                0x08002378                ticks
                0x08002390                delay_ms
                0x080023ba                tick_delay
 .text          0x0800246c      0x88c lib/uart.o
                0x080024f4                USART2_IRQHandler
                0x08002640                uart_enable_irq
                0x08002666                uart_disable_irq
                0x080026e0                uart_init
                0x0800280c                uart_getc
                0x0800285a                uart_getc_with_timeout
                0x080028c6                uart_getchar
                0x0800291c                uart_putc
                0x0800298a                uart_puts
                0x08002a1a                uart_printf
                0x08002bc0                uart_read
                0x08002c3e                uart_write
                0x08002cd2                uart_tx_completed
 .text          0x08002cf8      0x860 lib/util.o
                0x08002cf8                num2str
                0x08002e2c                float2str
                0x08003490                str2num
 .text          0x08003558      0x3a0 startup/libc_syscalls.o
                0x08003608                _sbrk
                0x08003658                _open
                0x08003674                _close
                0x0800368c                _read
                0x08003700                _write
                0x0800374a                _lseek
                0x08003766                _isatty
                0x0800377c                _fstat
                0x0800379c                _stat
                0x080037bc                _link
                0x080037e0                _unlink
                0x08003804                _getpid
                0x08003814                _kill
                0x08003838                _fork
                0x08003854                _wait
                0x08003878                _execve
                0x080038a0                _gettimeofday
                0x080038de                _times
 .text          0x080038f8      0xb00 lib/libstm32.a(io.o)
                0x080039b4                EXTI0_IRQHandler
                0x080039dc                EXTI1_IRQHandler
                0x08003a04                EXTI2_IRQHandler
                0x08003a2c                EXTI3_IRQHandler
                0x08003a54                EXTI4_IRQHandler
                0x08003a7c                EXTI9_5_IRQHandler
                0x08003b4c                EXTI15_10_IRQHandler
                0x08003c4c                io_configure
                0x08004184                io_unset_irq
                0x0800432c                io_read
                0x0800434c                io_write
                0x08004384                io_write_n
                0x080043b8                io_set
                0x080043d6                io_clear
 .text          0x080043f8     0x1638 lib/libstm32.a(timer.o)
                0x08004480                TIM1_BRK_TIM9_IRQHandler
                0x08004504                TIM1_UP_TIM10_IRQHandler
                0x08004588                TIM1_TRG_COM_TIM11_IRQHandler
                0x0800460c                TIM2_IRQHandler
                0x08004644                TIM3_IRQHandler
                0x0800467c                TIM4_IRQHandler
                0x080046b4                TIM5_IRQHandler
                0x080046ec                timer_wait_ms
                0x0800488c                timer_wait_us
                0x08004a24                timer_tick_init
                0x08004ce8                timer_tick_init_us
                0x08004fa0                timer_tick_period
                0x08004fce                timer_count_init
                0x08005144                timer_start
                0x0800516a                timer_stop
                0x0800518a                timer_read
                0x080051a2                pwm_init
                0x08005584                pwm_get_freq_cfg
                0x08005764                pwm_set_freq_cfg
                0x08005890                pwm_channel_enable
                0x08005994                pwm_channel_disable
                0x080059c2                pwm_channel_set
 .text          0x08005a30      0x378 /opt/arm/arm-gnu-toolchain-14.3.rel1-x86_64-arm-none-eabi/bin/../lib/gcc/arm-none-eabi/14.3.1/thumb/v7e-m+fp/hard/libgcc.a(_arm_addsubdf3.o)
                0x08005a30                __aeabi_drsub
                0x08005a38                __aeabi_dsub
                0x08005a38                __subdf3
                0x08005a3c                __adddf3
                0x08005a3c                __aeabi_dadd
                0x08005cb4                __aeabi_ui2d
                0x08005cb4                __floatunsidf
                0x08005cd4                __floatsidf
                0x08005cd4                __aeabi_i2d
                0x08005cf8                __extendsfdf2
                0x08005cf8                __aeabi_f2d
                0x08005d3c                __aeabi_ul2d
                0x08005d3c                __floatundidf
                0x08005d4c                __floatdidf
                0x08005d4c                __aeabi_l2d
 .text          0x08005da8      0x424 /opt/arm/arm-gnu-toolchain-14.3.rel1-x86_64-arm-none-eabi/bin/../lib/gcc/arm-none-eabi/14.3.1/thumb/v7e-m+fp/hard/libgcc.a(_arm_muldivdf3.o)
                0x08005da8                __aeabi_dmul
                0x08005da8                __muldf3
                0x08005ffc                __aeabi_ddiv
                0x08005ffc                __divdf3
 .text          0x080061cc      0x110 /opt/arm/arm-gnu-toolchain-14.3.rel1-x86_64-arm-none-eabi/bin/../lib/gcc/arm-none-eabi/14.3.1/thumb/v7e-m+fp/hard/libgcc.a(_arm_cmpdf2.o)
                0x080061cc                __gtdf2
                0x080061cc                __gedf2
                0x080061d4                __ltdf2
                0x080061d4                __ledf2
                0x080061dc                __cmpdf2
                0x080061dc                __eqdf2
                0x080061dc                __nedf2
                0x08006258                __aeabi_cdrcmple
                0x08006268                __aeabi_cdcmple
                0x08006268                __aeabi_cdcmpeq
                0x08006278                __aeabi_dcmpeq
                0x0800628c                __aeabi_dcmplt
                0x080062a0                __aeabi_dcmple
                0x080062b4                __aeabi_dcmpge
                0x080062c8                __aeabi_dcmpgt
 .text          0x080062dc       0x2c /opt/arm/arm-gnu-toolchain-14.3.rel1-x86_64-arm-none-eabi/bin/../lib/gcc/arm-none-eabi/14.3.1/thumb/v7e-m+fp/hard/libgcc.a(_arm_unorddf2.o)
                0x080062dc                __aeabi_dcmpun
                0x080062dc                __unorddf2
 .text          0x08006308       0x50 /opt/arm/arm-gnu-toolchain-14.3.rel1-x86_64-arm-none-eabi/bin/../lib/gcc/arm-none-eabi/14.3.1/thumb/v7e-m+fp/hard/libgcc.a(_arm_fixdfsi.o)
                0x08006308                __fixdfsi
                0x08006308                __aeabi_d2iz
 .text          0x08006358       0x30 /opt/arm/arm-gnu-toolchain-14.3.rel1-x86_64-arm-none-eabi/bin/../lib/gcc/arm-none-eabi/14.3.1/thumb/v7e-m+fp/hard/libgcc.a(_aeabi_uldivmod.o)
                0x08006358                __aeabi_uldivmod
 .text          0x08006388        0x4 /opt/arm/arm-gnu-toolchain-14.3.rel1-x86_64-arm-none-eabi/bin/../lib/gcc/arm-none-eabi/14.3.1/thumb/v7e-m+fp/hard/libgcc.a(_dvmd_tls.o)
                0x08006388                __aeabi_ldiv0
                0x08006388                __aeabi_idiv0
 *fill*         0x0800638c       0x14 
 .text          0x080063a0      0x2e0 /opt/arm/arm-gnu-toolchain-14.3.rel1-x86_64-arm-none-eabi/bin/../lib/gcc/arm-none-eabi/14.3.1/../../../../arm-none-eabi/lib/thumb/v7e-m+fp/hard/libc.a(libc_a-strcmp.o)
                0x080063a0                strcmp
 .text          0x08006680       0xd8 /opt/arm/arm-gnu-toolchain-14.3.rel1-x86_64-arm-none-eabi/bin/../lib/gcc/arm-none-eabi/14.3.1/../../../../arm-none-eabi/lib/thumb/v7e-m+fp/hard/libc.a(libc_a-strlen.o)
                0x08006680                strlen
 *(.text*)
 .text.deregister_tm_clones
                0x08006758       0x1c /opt/arm/arm-gnu-toolchain-14.3.rel1-x86_64-arm-none-eabi/bin/../lib/gcc/arm-none-eabi/14.3.1/thumb/v7e-m+fp/hard/crtbegin.o
 .text.register_tm_clones
                0x08006774       0x24 /opt/arm/arm-gnu-toolchain-14.3.rel1-x86_64-arm-none-eabi/bin/../lib/gcc/arm-none-eabi/14.3.1/thumb/v7e-m+fp/hard/crtbegin.o
 .text.__do_global_dtors_aux
                0x08006798       0x28 /opt/arm/arm-gnu-toolchain-14.3.rel1-x86_64-arm-none-eabi/bin/../lib/gcc/arm-none-eabi/14.3.1/thumb/v7e-m+fp/hard/crtbegin.o
 .text.frame_dummy
                0x080067c0       0x24 /opt/arm/arm-gnu-toolchain-14.3.rel1-x86_64-arm-none-eabi/bin/../lib/gcc/arm-none-eabi/14.3.1/thumb/v7e-m+fp/hard/crtbegin.o
 .text.Reset_Handler
                0x080067e4       0x48 startup/startup_stm32f411xe.o
                0x080067e4                Reset_Handler
                0x08006812                _exit
 .text.Default_Handler
                0x0800682c        0x2 startup/startup_stm32f411xe.o
                0x0800682c                RTC_Alarm_IRQHandler
                0x0800682c                SPI4_IRQHandler
                0x0800682c                TIM1_CC_IRQHandler
                0x0800682c                DMA2_Stream5_IRQHandler
                0x0800682c                DMA1_Stream5_IRQHandler
                0x0800682c                PVD_IRQHandler
                0x0800682c                SDIO_IRQHandler
                0x0800682c                TAMP_STAMP_IRQHandler
                0x0800682c                I2C3_ER_IRQHandler
                0x0800682c                I2C2_EV_IRQHandler
                0x0800682c                DMA1_Stream2_IRQHandler
                0x0800682c                FPU_IRQHandler
                0x0800682c                DMA2_Stream2_IRQHandler
                0x0800682c                SPI1_IRQHandler
                0x0800682c                DMA2_Stream3_IRQHandler
                0x0800682c                USART6_IRQHandler
                0x0800682c                DMA2_Stream0_IRQHandler
                0x0800682c                I2C1_EV_IRQHandler
                0x0800682c                DMA1_Stream6_IRQHandler
                0x0800682c                DMA1_Stream1_IRQHandler
                0x0800682c                RCC_IRQHandler
                0x0800682c                Default_Handler
                0x0800682c                ADC_IRQHandler
                0x0800682c                DMA1_Stream7_IRQHandler
                0x0800682c                SPI5_IRQHandler
                0x0800682c                DMA2_Stream7_IRQHandler
                0x0800682c                I2C3_EV_IRQHandler
                0x0800682c                RTC_WKUP_IRQHandler
                0x0800682c                SPI2_IRQHandler
                0x0800682c                DMA1_Stream0_IRQHandler
                0x0800682c                WWDG_IRQHandler
                0x0800682c                OTG_FS_WKUP_IRQHandler
                0x0800682c                I2C2_ER_IRQHandler
                0x0800682c                DMA2_Stream1_IRQHandler
                0x0800682c                FLASH_IRQHandler
                0x0800682c                DMA2_Stream4_IRQHandler
                0x0800682c                USART1_IRQHandler
                0x0800682c                OTG_FS_IRQHandler
                0x0800682c                SPI3_IRQHandler
                0x0800682c                DMA1_Stream4_IRQHandler
                0x0800682c                I2C1_ER_IRQHandler
                0x0800682c                DMA2_Stream6_IRQHandler
                0x0800682c                DMA1_Stream3_IRQHandler
 *fill*         0x0800682e        0x2 
 .text.log10    0x08006830       0x84 /opt/arm/arm-gnu-toolchain-14.3.rel1-x86_64-arm-none-eabi/bin/../lib/gcc/arm-none-eabi/14.3.1/../../../../arm-none-eabi/lib/thumb/v7e-m+fp/hard/libm.a(libm_a-w_log10.o)
                0x08006830                log10
 *fill*         0x080068b4        0x4 
 .text.pow      0x080068b8       0xf0 /opt/arm/arm-gnu-toolchain-14.3.rel1-x86_64-arm-none-eabi/bin/../lib/gcc/arm-none-eabi/14.3.1/../../../../arm-none-eabi/lib/thumb/v7e-m+fp/hard/libm.a(libm_a-w_pow.o)
                0x080068b8                pow
 .text.finite   0x080069a8       0x18 /opt/arm/arm-gnu-toolchain-14.3.rel1-x86_64-arm-none-eabi/bin/../lib/gcc/arm-none-eabi/14.3.1/../../../../arm-none-eabi/lib/thumb/v7e-m+fp/hard/libm.a(libm_a-s_finite.o)
                0x080069a8                finite
 .text.nan      0x080069c0       0x10 /opt/arm/arm-gnu-toolchain-14.3.rel1-x86_64-arm-none-eabi/bin/../lib/gcc/arm-none-eabi/14.3.1/../../../../arm-none-eabi/lib/thumb/v7e-m+fp/hard/libm.a(libm_a-s_nan.o)
                0x080069c0                nan
 .text.__ieee754_log10
                0x080069d0      0x134 /opt/arm/arm-gnu-toolchain-14.3.rel1-x86_64-arm-none-eabi/bin/../lib/gcc/arm-none-eabi/14.3.1/../../../../arm-none-eabi/lib/thumb/v7e-m+fp/hard/libm.a(libm_a-e_log10.o)
                0x080069d0                __ieee754_log10
 *fill*         0x08006b04        0x4 
 .text.__ieee754_pow
                0x08006b08      0xc7c /opt/arm/arm-gnu-toolchain-14.3.rel1-x86_64-arm-none-eabi/bin/../lib/gcc/arm-none-eabi/14.3.1/../../../../arm-none-eabi/lib/thumb/v7e-m+fp/hard/libm.a(libm_a-e_pow.o)
                0x08006b08                __ieee754_pow
 .text.fabs     0x08007784       0x10 /opt/arm/arm-gnu-toolchain-14.3.rel1-x86_64-arm-none-eabi/bin/../lib/gcc/arm-none-eabi/14.3.1/../../../../arm-none-eabi/lib/thumb/v7e-m+fp/hard/libm.a(libm_a-s_fabs.o)
                0x08007784                fabs
 *fill*         0x08007794        0x4 
 .text.scalbn   0x08007798      0x114 /opt/arm/arm-gnu-toolchain-14.3.rel1-x86_64-arm-none-eabi/bin/../lib/gcc/arm-none-eabi/14.3.1/../../../../arm-none-eabi/lib/thumb/v7e-m+fp/hard/libm.a(libm_a-s_scalbn.o)
                0x08007798                scalbn
 .text.with_errno
                0x080078ac       0x24 /opt/arm/arm-gnu-toolchain-14.3.rel1-x86_64-arm-none-eabi/bin/../lib/gcc/arm-none-eabi/14.3.1/../../../../arm-none-eabi/lib/thumb/v7e-m+fp/hard/libm.a(libm_a-math_err.o)
 .text.xflow    0x080078d0       0x34 /opt/arm/arm-gnu-toolchain-14.3.rel1-x86_64-arm-none-eabi/bin/../lib/gcc/arm-none-eabi/14.3.1/../../../../arm-none-eabi/lib/thumb/v7e-m+fp/hard/libm.a(libm_a-math_err.o)
 *fill*         0x08007904        0x4 
 .text.__math_uflow
                0x08007908       0x10 /opt/arm/arm-gnu-toolchain-14.3.rel1-x86_64-arm-none-eabi/bin/../lib/gcc/arm-none-eabi/14.3.1/../../../../arm-none-eabi/lib/thumb/v7e-m+fp/hard/libm.a(libm_a-math_err.o)
                0x08007908                __math_uflow
 .text.__math_oflow
                0x08007918       0x10 /opt/arm/arm-gnu-toolchain-14.3.rel1-x86_64-arm-none-eabi/bin/../lib/gcc/arm-none-eabi/14.3.1/../../../../arm-none-eabi/lib/thumb/v7e-m+fp/hard/libm.a(libm_a-math_err.o)
                0x08007918                __math_oflow
 .text.__ieee754_sqrt
                0x08007928      0x1f0 /opt/arm/arm-gnu-toolchain-14.3.rel1-x86_64-arm-none-eabi/bin/../lib/gcc/arm-none-eabi/14.3.1/../../../../arm-none-eabi/lib/thumb/v7e-m+fp/hard/libm.a(libm_a-e_sqrt.o)
                0x08007928                __ieee754_sqrt
 .text.__ieee754_log
                0x08007b18      0x3b8 /opt/arm/arm-gnu-toolchain-14.3.rel1-x86_64-arm-none-eabi/bin/../lib/gcc/arm-none-eabi/14.3.1/../../../../arm-none-eabi/lib/thumb/v7e-m+fp/hard/libm.a(libm_a-e_log.o)
                0x08007b18                __ieee754_log
 .text.__udivmoddi4
                0x08007ed0      0x2f8 /opt/arm/arm-gnu-toolchain-14.3.rel1-x86_64-arm-none-eabi/bin/../lib/gcc/arm-none-eabi/14.3.1/thumb/v7e-m+fp/hard/libgcc.a(_udivmoddi4.o)
                0x08007ed0                __udivmoddi4
 .text.malloc   0x080081c8       0x10 /opt/arm/arm-gnu-toolchain-14.3.rel1-x86_64-arm-none-eabi/bin/../lib/gcc/arm-none-eabi/14.3.1/../../../../arm-none-eabi/lib/thumb/v7e-m+fp/hard/libc.a(libc_a-malloc.o)
                0x080081c8                malloc
 .text._malloc_r
                0x080081d8      0x598 /opt/arm/arm-gnu-toolchain-14.3.rel1-x86_64-arm-none-eabi/bin/../lib/gcc/arm-none-eabi/14.3.1/../../../../arm-none-eabi/lib/thumb/v7e-m+fp/hard/libc.a(libc_a-mallocr.o)
                0x080081d8                _malloc_r
 .text.__malloc_lock
                0x08008770        0xc /opt/arm/arm-gnu-toolchain-14.3.rel1-x86_64-arm-none-eabi/bin/../lib/gcc/arm-none-eabi/14.3.1/../../../../arm-none-eabi/lib/thumb/v7e-m+fp/hard/libc.a(libc_a-mlock.o)
                0x08008770                __malloc_lock
 .text.__malloc_unlock
                0x0800877c        0xc /opt/arm/arm-gnu-toolchain-14.3.rel1-x86_64-arm-none-eabi/bin/../lib/gcc/arm-none-eabi/14.3.1/../../../../arm-none-eabi/lib/thumb/v7e-m+fp/hard/libc.a(libc_a-mlock.o)
                0x0800877c                __malloc_unlock
 .text.memmove  0x08008788      0x130 /opt/arm/arm-gnu-toolchain-14.3.rel1-x86_64-arm-none-eabi/bin/../lib/gcc/arm-none-eabi/14.3.1/../../../../arm-none-eabi/lib/thumb/v7e-m+fp/hard/libc.a(libc_a-memmove.o)
                0x08008788                memmove
 .text._sbrk_r  0x080088b8       0x24 /opt/arm/arm-gnu-toolchain-14.3.rel1-x86_64-arm-none-eabi/bin/../lib/gcc/arm-none-eabi/14.3.1/../../../../arm-none-eabi/lib/thumb/v7e-m+fp/hard/libc.a(libc_a-sbrkr.o)
                0x080088b8                _sbrk_r
 .text.__errno  0x080088dc        0xc /opt/arm/arm-gnu-toolchain-14.3.rel1-x86_64-arm-none-eabi/bin/../lib/gcc/arm-none-eabi/14.3.1/../../../../arm-none-eabi/lib/thumb/v7e-m+fp/hard/libc.a(libc_a-errno.o)
                0x080088dc                __errno
 .text.__retarget_lock_acquire_recursive
                0x080088e8        0x4 /opt/arm/arm-gnu-toolchain-14.3.rel1-x86_64-arm-none-eabi/bin/../lib/gcc/arm-none-eabi/14.3.1/../../../../arm-none-eabi/lib/thumb/v7e-m+fp/hard/libc.a(libc_a-lock.o)
                0x080088e8                __retarget_lock_acquire_recursive
 .text.__retarget_lock_release_recursive
                0x080088ec        0x4 /opt/arm/arm-gnu-toolchain-14.3.rel1-x86_64-arm-none-eabi/bin/../lib/gcc/arm-none-eabi/14.3.1/../../../../arm-none-eabi/lib/thumb/v7e-m+fp/hard/libc.a(libc_a-lock.o)
                0x080088ec                __retarget_lock_release_recursive
 .text.sysconf  0x080088f0       0x1c /opt/arm/arm-gnu-toolchain-14.3.rel1-x86_64-arm-none-eabi/bin/../lib/gcc/arm-none-eabi/14.3.1/../../../../arm-none-eabi/lib/thumb/v7e-m+fp/hard/libc.a(libc_a-sysconf.o)
                0x080088f0                sysconf
 .text.strcpy   0x0800890c       0xbc /opt/arm/arm-gnu-toolchain-14.3.rel1-x86_64-arm-none-eabi/bin/../lib/gcc/arm-none-eabi/14.3.1/../../../../arm-none-eabi/lib/thumb/v7e-m+fp/hard/libc.a(libc_a-strcpy.o)
                0x0800890c                strcpy
 .text.startup.register_fini
                0x080089c8       0x14 /opt/arm/arm-gnu-toolchain-14.3.rel1-x86_64-arm-none-eabi/bin/../lib/gcc/arm-none-eabi/14.3.1/../../../../arm-none-eabi/lib/thumb/v7e-m+fp/hard/libc.a(libc_a-__call_atexit.o)
 .text.atexit   0x080089dc        0xc /opt/arm/arm-gnu-toolchain-14.3.rel1-x86_64-arm-none-eabi/bin/../lib/gcc/arm-none-eabi/14.3.1/../../../../arm-none-eabi/lib/thumb/v7e-m+fp/hard/libc.a(libc_a-atexit.o)
                0x080089dc                atexit
 .text._malloc_trim_r
                0x080089e8       0xb8 /opt/arm/arm-gnu-toolchain-14.3.rel1-x86_64-arm-none-eabi/bin/../lib/gcc/arm-none-eabi/14.3.1/../../../../arm-none-eabi/lib/thumb/v7e-m+fp/hard/libc.a(libc_a-freer.o)
                0x080089e8                _malloc_trim_r
 .text._free_r  0x08008aa0      0x1f0 /opt/arm/arm-gnu-toolchain-14.3.rel1-x86_64-arm-none-eabi/bin/../lib/gcc/arm-none-eabi/14.3.1/../../../../arm-none-eabi/lib/thumb/v7e-m+fp/hard/libc.a(libc_a-freer.o)
                0x08008aa0                _free_r
 .text.__libc_fini_array
                0x08008c90       0x28 /opt/arm/arm-gnu-toolchain-14.3.rel1-x86_64-arm-none-eabi/bin/../lib/gcc/arm-none-eabi/14.3.1/../../../../arm-none-eabi/lib/thumb/v7e-m+fp/hard/libc.a(libc_a-fini.o)
                0x08008c90                __libc_fini_array
 .text.__register_exitproc
                0x08008cb8       0x80 /opt/arm/arm-gnu-toolchain-14.3.rel1-x86_64-arm-none-eabi/bin/../lib/gcc/arm-none-eabi/14.3.1/../../../../arm-none-eabi/lib/thumb/v7e-m+fp/hard/libc.a(libc_a-__atexit.o)
                0x08008cb8                __register_exitproc
 *(.glue_7)
 .glue_7        0x08008d38        0x0 linker stubs
 *(.glue_7t)
 .glue_7t       0x08008d38        0x0 linker stubs
 *(.eh_frame)
 .eh_frame      0x08008d38        0x0 /opt/arm/arm-gnu-toolchain-14.3.rel1-x86_64-arm-none-eabi/bin/../lib/gcc/arm-none-eabi/14.3.1/thumb/v7e-m+fp/hard/crtbegin.o
 *(.init)
 .init          0x08008d38        0x4 /opt/arm/arm-gnu-toolchain-14.3.rel1-x86_64-arm-none-eabi/bin/../lib/gcc/arm-none-eabi/14.3.1/thumb/v7e-m+fp/hard/crti.o
                0x08008d38                _init
 .init          0x08008d3c        0x8 /opt/arm/arm-gnu-toolchain-14.3.rel1-x86_64-arm-none-eabi/bin/../lib/gcc/arm-none-eabi/14.3.1/thumb/v7e-m+fp/hard/crtn.o
 *(.fini)
 .fini          0x08008d44        0x4 /opt/arm/arm-gnu-toolchain-14.3.rel1-x86_64-arm-none-eabi/bin/../lib/gcc/arm-none-eabi/14.3.1/thumb/v7e-m+fp/hard/crti.o
                0x08008d44                _fini
 .fini          0x08008d48        0x8 /opt/arm/arm-gnu-toolchain-14.3.rel1-x86_64-arm-none-eabi/bin/../lib/gcc/arm-none-eabi/14.3.1/thumb/v7e-m+fp/hard/crtn.o
                0x08008d50                        . = ALIGN (0x4)
                0x08008d50                        _etext = .

.vfp11_veneer   0x08008d50        0x0
 .vfp11_veneer  0x08008d50        0x0 linker stubs

.v4_bx          0x08008d50        0x0
 .v4_bx         0x08008d50        0x0 linker stubs

.iplt           0x08008d50        0x0
 .iplt          0x08008d50        0x0 /opt/arm/arm-gnu-toolchain-14.3.rel1-x86_64-arm-none-eabi/bin/../lib/gcc/arm-none-eabi/14.3.1/thumb/v7e-m+fp/hard/crtbegin.o

.rodata         0x08008d50      0x410
                0x08008d50                        . = ALIGN (0x4)
 *(.rodata)
 .rodata        0x08008d50      0x114 startup/stm32f411_periph.o
                0x08008d50                _SCnSCB
                0x08008d54                _SCB
                0x08008d58                _SysTick
                0x08008d5c                _NVIC
                0x08008d60                _ITM
                0x08008d64                _DWT
                0x08008d68                _TPI
                0x08008d6c                _CoreDebug
                0x08008d70                _MPU
                0x08008d74                _FPU
                0x08008d78                _TIM2
                0x08008d7c                _TIM3
                0x08008d80                _TIM4
                0x08008d84                _TIM5
                0x08008d88                _RTC
                0x08008d8c                _WWDG
                0x08008d90                _IWDG
                0x08008d94                _I2S2ext
                0x08008d98                _SPI2
                0x08008d9c                _SPI3
                0x08008da0                _I2S3ext
                0x08008da4                _USART2
                0x08008da8                _I2C1
                0x08008dac                _I2C2
                0x08008db0                _I2C3
                0x08008db4                _PWR
                0x08008db8                _TIM1
                0x08008dbc                _USART1
                0x08008dc0                _USART6
                0x08008dc4                _ADC1
                0x08008dc8                _ADC
                0x08008dcc                _SDIO
                0x08008dd0                _SPI1
                0x08008dd4                _SPI4
                0x08008dd8                _SYSCFG
                0x08008ddc                _EXTI
                0x08008de0                _TIM9
                0x08008de4                _TIM10
                0x08008de8                _TIM11
                0x08008dec                _SPI5
                0x08008df0                _GPIOA
                0x08008df4                _GPIOB
                0x08008df8                _GPIOC
                0x08008dfc                _GPIOD
                0x08008e00                _GPIOE
                0x08008e04                _GPIOH
                0x08008e08                _CRC
                0x08008e0c                _RCC
                0x08008e10                _FLASH
                0x08008e14                _DMA1
                0x08008e18                _DMA1_Stream0
                0x08008e1c                _DMA1_Stream1
                0x08008e20                _DMA1_Stream2
                0x08008e24                _DMA1_Stream3
                0x08008e28                _DMA1_Stream4
                0x08008e2c                _DMA1_Stream5
                0x08008e30                _DMA1_Stream6
                0x08008e34                _DMA1_Stream7
                0x08008e38                _DMA2
                0x08008e3c                _DMA2_Stream0
                0x08008e40                _DMA2_Stream1
                0x08008e44                _DMA2_Stream2
                0x08008e48                _DMA2_Stream3
                0x08008e4c                _DMA2_Stream4
                0x08008e50                _DMA2_Stream5
                0x08008e54                _DMA2_Stream6
                0x08008e58                _DMA2_Stream7
                0x08008e5c                _DBGMCU
                0x08008e60                _USB_OTG_FS
 .rodata        0x08008e64       0x18 startup/system_stm32f4xx.o
                0x08008e64                AHBPrescTable
                0x08008e74                APBPrescTable
 .rodata        0x08008e7c       0xc1 src/main.o
 *fill*         0x08008f3d        0x3 
 .rodata        0x08008f40        0xc src/hardware.o
 .rodata        0x08008f4c       0x56 lib/term.o
 *fill*         0x08008fa2        0x2 
 .rodata        0x08008fa4       0x42 lib/util.o
 *fill*         0x08008fe6        0x2 
 .rodata        0x08008fe8       0x17 startup/SEGGER_RTT.o
 *(.rodata*)
 *fill*         0x08008fff        0x1 
 .rodata.all_implied_fbits
                0x08009000       0x24 /opt/arm/arm-gnu-toolchain-14.3.rel1-x86_64-arm-none-eabi/bin/../lib/gcc/arm-none-eabi/14.3.1/thumb/v7e-m+fp/hard/crtbegin.o
 .rodata.log10.str1.4
                0x08009024        0x1 /opt/arm/arm-gnu-toolchain-14.3.rel1-x86_64-arm-none-eabi/bin/../lib/gcc/arm-none-eabi/14.3.1/../../../../arm-none-eabi/lib/thumb/v7e-m+fp/hard/libm.a(libm_a-w_log10.o)
 *fill*         0x08009025        0x3 
 .rodata.tiny   0x08009028        0x8 /opt/arm/arm-gnu-toolchain-14.3.rel1-x86_64-arm-none-eabi/bin/../lib/gcc/arm-none-eabi/14.3.1/../../../../arm-none-eabi/lib/thumb/v7e-m+fp/hard/libm.a(libm_a-e_sqrt.o)
 .rodata.one    0x08009030        0x8 /opt/arm/arm-gnu-toolchain-14.3.rel1-x86_64-arm-none-eabi/bin/../lib/gcc/arm-none-eabi/14.3.1/../../../../arm-none-eabi/lib/thumb/v7e-m+fp/hard/libm.a(libm_a-e_sqrt.o)
 .rodata._ctype_
                0x08009038      0x101 /opt/arm/arm-gnu-toolchain-14.3.rel1-x86_64-arm-none-eabi/bin/../lib/gcc/arm-none-eabi/14.3.1/../../../../arm-none-eabi/lib/thumb/v7e-m+fp/hard/libc.a(libc_a-ctype_.o)
                0x08009038                _ctype_
 *fill*         0x08009139        0x3 
 .rodata.all_implied_fbits
                0x0800913c       0x24 /opt/arm/arm-gnu-toolchain-14.3.rel1-x86_64-arm-none-eabi/bin/../lib/gcc/arm-none-eabi/14.3.1/thumb/v7e-m+fp/hard/crtend.o
                0x08009160                        . = ALIGN (0x4)

.ARM.extab
 *(.ARM.extab* .gnu.linkonce.armextab.*)

.ARM            0x08009160        0x8
                0x08009160                        __exidx_start = .
 *(.ARM.exidx*)
 .ARM.exidx     0x08009160        0x8 /opt/arm/arm-gnu-toolchain-14.3.rel1-x86_64-arm-none-eabi/bin/../lib/gcc/arm-none-eabi/14.3.1/../../../../arm-none-eabi/lib/thumb/v7e-m+fp/hard/libc.a(libc_a-strcmp.o)
 .ARM.exidx     0x08009168        0x0 /opt/arm/arm-gnu-toolchain-14.3.rel1-x86_64-arm-none-eabi/bin/../lib/gcc/arm-none-eabi/14.3.1/../../../../arm-none-eabi/lib/thumb/v7e-m+fp/hard/libc.a(libc_a-strlen.o)
                                  0x8 (size before relaxing)
 .ARM.exidx.text.__udivmoddi4
                0x08009168        0x0 /opt/arm/arm-gnu-toolchain-14.3.rel1-x86_64-arm-none-eabi/bin/../lib/gcc/arm-none-eabi/14.3.1/thumb/v7e-m+fp/hard/libgcc.a(_udivmoddi4.o)
                                  0x8 (size before relaxing)
                0x08009168                        __exidx_end = .

.rel.dyn        0x08009168        0x0
 .rel.iplt      0x08009168        0x0 /opt/arm/arm-gnu-toolchain-14.3.rel1-x86_64-arm-none-eabi/bin/../lib/gcc/arm-none-eabi/14.3.1/thumb/v7e-m+fp/hard/crtbegin.o

.preinit_array  0x08009168        0x0
                0x08009168                        PROVIDE (__preinit_array_start = .)
 *(.preinit_array*)
                0x08009168                        PROVIDE (__preinit_array_end = .)

.init_array     0x08009168        0x8
                0x08009168                        PROVIDE (__init_array_start = .)
 *(SORT_BY_NAME(.init_array.*))
 .init_array.00000
                0x08009168        0x4 /opt/arm/arm-gnu-toolchain-14.3.rel1-x86_64-arm-none-eabi/bin/../lib/gcc/arm-none-eabi/14.3.1/../../../../arm-none-eabi/lib/thumb/v7e-m+fp/hard/libc.a(libc_a-__call_atexit.o)
 *(.init_array*)
 .init_array    0x0800916c        0x4 /opt/arm/arm-gnu-toolchain-14.3.rel1-x86_64-arm-none-eabi/bin/../lib/gcc/arm-none-eabi/14.3.1/thumb/v7e-m+fp/hard/crtbegin.o
                0x08009170                        PROVIDE (__init_array_end = .)

.fini_array     0x08009170        0x4
                0x08009170                        PROVIDE (__fini_array_start = .)
 *(SORT_BY_NAME(.fini_array.*))
 *(.fini_array*)
 .fini_array    0x08009170        0x4 /opt/arm/arm-gnu-toolchain-14.3.rel1-x86_64-arm-none-eabi/bin/../lib/gcc/arm-none-eabi/14.3.1/thumb/v7e-m+fp/hard/crtbegin.o
                0x08009174                        PROVIDE (__fini_array_end = .)
                0x08009174                        _sidata = LOADADDR (.data)

.data           0x20000000      0x734 load address 0x08009174
                0x20000000                        . = ALIGN (0x4)
                0x20000000                        _sdata = .
 *(.data)
 .data          0x20000000        0x0 /opt/arm/arm-gnu-toolchain-14.3.rel1-x86_64-arm-none-eabi/bin/../lib/gcc/arm-none-eabi/14.3.1/thumb/v7e-m+fp/hard/crti.o
 .data          0x20000000        0x0 /opt/arm/arm-gnu-toolchain-14.3.rel1-x86_64-arm-none-eabi/bin/../lib/gcc/arm-none-eabi/14.3.1/thumb/v7e-m+fp/hard/crtbegin.o
 .data          0x20000000        0x0 /opt/arm/arm-gnu-toolchain-14.3.rel1-x86_64-arm-none-eabi/bin/../lib/gcc/arm-none-eabi/14.3.1/../../../../arm-none-eabi/lib/thumb/v7e-m+fp/hard/crt0.o
 .data          0x20000000        0x0 startup/stm32f411_periph.o
 .data          0x20000000        0x0 startup/sys_handlers.o
 .data          0x20000000       0xa8 startup/rcc.o
 .data          0x200000a8        0x4 startup/system_stm32f4xx.o
                0x200000a8                SystemCoreClock
 .data          0x200000ac       0x54 src/main.o
                0x200000ac                stepper
                0x200000f4                speed_low
                0x200000f8                speed_high
                0x200000fc                accel
 .data          0x20000100        0x0 src/hardware.o
 .data          0x20000100        0x0 lib/event.o
 .data          0x20000100        0x0 lib/term.o
 .data          0x20000100        0x0 lib/tick.o
 .data          0x20000100        0x0 lib/uart.o
 .data          0x20000100        0x0 lib/util.o
 .data          0x20000100       0x10 startup/SEGGER_RTT.o
 .data          0x20000110        0x8 startup/libc_syscalls.o
                0x20000110                ITM_RxBuffer
 .data          0x20000118        0x0 startup/startup_stm32f411xe.o
 .data          0x20000118        0x0 startup/SEGGER_RTT_ASM_ARMv7M.o
 .data          0x20000118        0x0 lib/libstm32.a(io.o)
 .data          0x20000118        0x0 lib/libstm32.a(timer.o)
 .data          0x20000118        0x0 /opt/arm/arm-gnu-toolchain-14.3.rel1-x86_64-arm-none-eabi/bin/../lib/gcc/arm-none-eabi/14.3.1/../../../../arm-none-eabi/lib/thumb/v7e-m+fp/hard/libm.a(libm_a-w_log10.o)
 .data          0x20000118        0x0 /opt/arm/arm-gnu-toolchain-14.3.rel1-x86_64-arm-none-eabi/bin/../lib/gcc/arm-none-eabi/14.3.1/../../../../arm-none-eabi/lib/thumb/v7e-m+fp/hard/libm.a(libm_a-w_pow.o)
 .data          0x20000118        0x0 /opt/arm/arm-gnu-toolchain-14.3.rel1-x86_64-arm-none-eabi/bin/../lib/gcc/arm-none-eabi/14.3.1/../../../../arm-none-eabi/lib/thumb/v7e-m+fp/hard/libm.a(libm_a-s_finite.o)
 .data          0x20000118        0x0 /opt/arm/arm-gnu-toolchain-14.3.rel1-x86_64-arm-none-eabi/bin/../lib/gcc/arm-none-eabi/14.3.1/../../../../arm-none-eabi/lib/thumb/v7e-m+fp/hard/libm.a(libm_a-s_nan.o)
 .data          0x20000118        0x0 /opt/arm/arm-gnu-toolchain-14.3.rel1-x86_64-arm-none-eabi/bin/../lib/gcc/arm-none-eabi/14.3.1/../../../../arm-none-eabi/lib/thumb/v7e-m+fp/hard/libm.a(libm_a-e_log10.o)
 .data          0x20000118        0x0 /opt/arm/arm-gnu-toolchain-14.3.rel1-x86_64-arm-none-eabi/bin/../lib/gcc/arm-none-eabi/14.3.1/../../../../arm-none-eabi/lib/thumb/v7e-m+fp/hard/libm.a(libm_a-e_pow.o)
 .data          0x20000118        0x0 /opt/arm/arm-gnu-toolchain-14.3.rel1-x86_64-arm-none-eabi/bin/../lib/gcc/arm-none-eabi/14.3.1/../../../../arm-none-eabi/lib/thumb/v7e-m+fp/hard/libm.a(libm_a-s_fabs.o)
 .data          0x20000118        0x0 /opt/arm/arm-gnu-toolchain-14.3.rel1-x86_64-arm-none-eabi/bin/../lib/gcc/arm-none-eabi/14.3.1/../../../../arm-none-eabi/lib/thumb/v7e-m+fp/hard/libm.a(libm_a-s_scalbn.o)
 .data          0x20000118        0x0 /opt/arm/arm-gnu-toolchain-14.3.rel1-x86_64-arm-none-eabi/bin/../lib/gcc/arm-none-eabi/14.3.1/../../../../arm-none-eabi/lib/thumb/v7e-m+fp/hard/libm.a(libm_a-math_err.o)
 .data          0x20000118        0x0 /opt/arm/arm-gnu-toolchain-14.3.rel1-x86_64-arm-none-eabi/bin/../lib/gcc/arm-none-eabi/14.3.1/../../../../arm-none-eabi/lib/thumb/v7e-m+fp/hard/libm.a(libm_a-e_sqrt.o)
 .data          0x20000118        0x0 /opt/arm/arm-gnu-toolchain-14.3.rel1-x86_64-arm-none-eabi/bin/../lib/gcc/arm-none-eabi/14.3.1/../../../../arm-none-eabi/lib/thumb/v7e-m+fp/hard/libm.a(libm_a-e_log.o)
 .data          0x20000118        0x0 /opt/arm/arm-gnu-toolchain-14.3.rel1-x86_64-arm-none-eabi/bin/../lib/gcc/arm-none-eabi/14.3.1/thumb/v7e-m+fp/hard/libgcc.a(_arm_muldf3.o)
 .data          0x20000118        0x0 /opt/arm/arm-gnu-toolchain-14.3.rel1-x86_64-arm-none-eabi/bin/../lib/gcc/arm-none-eabi/14.3.1/thumb/v7e-m+fp/hard/libgcc.a(_arm_addsubdf3.o)
 .data          0x20000118        0x0 /opt/arm/arm-gnu-toolchain-14.3.rel1-x86_64-arm-none-eabi/bin/../lib/gcc/arm-none-eabi/14.3.1/thumb/v7e-m+fp/hard/libgcc.a(_arm_muldivdf3.o)
 .data          0x20000118        0x0 /opt/arm/arm-gnu-toolchain-14.3.rel1-x86_64-arm-none-eabi/bin/../lib/gcc/arm-none-eabi/14.3.1/thumb/v7e-m+fp/hard/libgcc.a(_arm_cmpdf2.o)
 .data          0x20000118        0x0 /opt/arm/arm-gnu-toolchain-14.3.rel1-x86_64-arm-none-eabi/bin/../lib/gcc/arm-none-eabi/14.3.1/thumb/v7e-m+fp/hard/libgcc.a(_arm_unorddf2.o)
 .data          0x20000118        0x0 /opt/arm/arm-gnu-toolchain-14.3.rel1-x86_64-arm-none-eabi/bin/../lib/gcc/arm-none-eabi/14.3.1/thumb/v7e-m+fp/hard/libgcc.a(_arm_fixdfsi.o)
 .data          0x20000118        0x0 /opt/arm/arm-gnu-toolchain-14.3.rel1-x86_64-arm-none-eabi/bin/../lib/gcc/arm-none-eabi/14.3.1/thumb/v7e-m+fp/hard/libgcc.a(_aeabi_uldivmod.o)
 .data          0x20000118        0x0 /opt/arm/arm-gnu-toolchain-14.3.rel1-x86_64-arm-none-eabi/bin/../lib/gcc/arm-none-eabi/14.3.1/thumb/v7e-m+fp/hard/libgcc.a(_udivmoddi4.o)
 .data          0x20000118        0x0 /opt/arm/arm-gnu-toolchain-14.3.rel1-x86_64-arm-none-eabi/bin/../lib/gcc/arm-none-eabi/14.3.1/thumb/v7e-m+fp/hard/libgcc.a(_dvmd_tls.o)
 .data          0x20000118        0x0 /opt/arm/arm-gnu-toolchain-14.3.rel1-x86_64-arm-none-eabi/bin/../lib/gcc/arm-none-eabi/14.3.1/../../../../arm-none-eabi/lib/thumb/v7e-m+fp/hard/libc.a(libc_a-exit.o)
 .data          0x20000118        0x0 /opt/arm/arm-gnu-toolchain-14.3.rel1-x86_64-arm-none-eabi/bin/../lib/gcc/arm-none-eabi/14.3.1/../../../../arm-none-eabi/lib/thumb/v7e-m+fp/hard/libc.a(libc_a-malloc.o)
 .data          0x20000118        0x0 /opt/arm/arm-gnu-toolchain-14.3.rel1-x86_64-arm-none-eabi/bin/../lib/gcc/arm-none-eabi/14.3.1/../../../../arm-none-eabi/lib/thumb/v7e-m+fp/hard/libc.a(libc_a-mallocr.o)
 .data          0x20000118        0x0 /opt/arm/arm-gnu-toolchain-14.3.rel1-x86_64-arm-none-eabi/bin/../lib/gcc/arm-none-eabi/14.3.1/../../../../arm-none-eabi/lib/thumb/v7e-m+fp/hard/libc.a(libc_a-mlock.o)
 .data          0x20000118        0x0 /opt/arm/arm-gnu-toolchain-14.3.rel1-x86_64-arm-none-eabi/bin/../lib/gcc/arm-none-eabi/14.3.1/../../../../arm-none-eabi/lib/thumb/v7e-m+fp/hard/libc.a(libc_a-ctype_.o)
 .data          0x20000118        0x0 /opt/arm/arm-gnu-toolchain-14.3.rel1-x86_64-arm-none-eabi/bin/../lib/gcc/arm-none-eabi/14.3.1/../../../../arm-none-eabi/lib/thumb/v7e-m+fp/hard/libc.a(libc_a-findfp.o)
 .data          0x20000118        0x0 /opt/arm/arm-gnu-toolchain-14.3.rel1-x86_64-arm-none-eabi/bin/../lib/gcc/arm-none-eabi/14.3.1/../../../../arm-none-eabi/lib/thumb/v7e-m+fp/hard/libc.a(libc_a-fwalk.o)
 .data          0x20000118        0x0 /opt/arm/arm-gnu-toolchain-14.3.rel1-x86_64-arm-none-eabi/bin/../lib/gcc/arm-none-eabi/14.3.1/../../../../arm-none-eabi/lib/thumb/v7e-m+fp/hard/libc.a(libc_a-stdio.o)
 .data          0x20000118        0x0 /opt/arm/arm-gnu-toolchain-14.3.rel1-x86_64-arm-none-eabi/bin/../lib/gcc/arm-none-eabi/14.3.1/../../../../arm-none-eabi/lib/thumb/v7e-m+fp/hard/libc.a(libc_a-memmove.o)
 .data          0x20000118        0x0 /opt/arm/arm-gnu-toolchain-14.3.rel1-x86_64-arm-none-eabi/bin/../lib/gcc/arm-none-eabi/14.3.1/../../../../arm-none-eabi/lib/thumb/v7e-m+fp/hard/libc.a(libc_a-memset.o)
 .data          0x20000118        0x0 /opt/arm/arm-gnu-toolchain-14.3.rel1-x86_64-arm-none-eabi/bin/../lib/gcc/arm-none-eabi/14.3.1/../../../../arm-none-eabi/lib/thumb/v7e-m+fp/hard/libc.a(libc_a-closer.o)
 .data          0x20000118        0x0 /opt/arm/arm-gnu-toolchain-14.3.rel1-x86_64-arm-none-eabi/bin/../lib/gcc/arm-none-eabi/14.3.1/../../../../arm-none-eabi/lib/thumb/v7e-m+fp/hard/libc.a(libc_a-reent.o)
 .data          0x20000118        0x0 /opt/arm/arm-gnu-toolchain-14.3.rel1-x86_64-arm-none-eabi/bin/../lib/gcc/arm-none-eabi/14.3.1/../../../../arm-none-eabi/lib/thumb/v7e-m+fp/hard/libc.a(libc_a-impure.o)
 .data          0x20000118        0x0 /opt/arm/arm-gnu-toolchain-14.3.rel1-x86_64-arm-none-eabi/bin/../lib/gcc/arm-none-eabi/14.3.1/../../../../arm-none-eabi/lib/thumb/v7e-m+fp/hard/libc.a(libc_a-lseekr.o)
 .data          0x20000118        0x0 /opt/arm/arm-gnu-toolchain-14.3.rel1-x86_64-arm-none-eabi/bin/../lib/gcc/arm-none-eabi/14.3.1/../../../../arm-none-eabi/lib/thumb/v7e-m+fp/hard/libc.a(libc_a-readr.o)
 .data          0x20000118        0x0 /opt/arm/arm-gnu-toolchain-14.3.rel1-x86_64-arm-none-eabi/bin/../lib/gcc/arm-none-eabi/14.3.1/../../../../arm-none-eabi/lib/thumb/v7e-m+fp/hard/libc.a(libc_a-sbrkr.o)
 .data          0x20000118        0x0 /opt/arm/arm-gnu-toolchain-14.3.rel1-x86_64-arm-none-eabi/bin/../lib/gcc/arm-none-eabi/14.3.1/../../../../arm-none-eabi/lib/thumb/v7e-m+fp/hard/libc.a(libc_a-writer.o)
 .data          0x20000118        0x0 /opt/arm/arm-gnu-toolchain-14.3.rel1-x86_64-arm-none-eabi/bin/../lib/gcc/arm-none-eabi/14.3.1/../../../../arm-none-eabi/lib/thumb/v7e-m+fp/hard/libc.a(libc_a-errno.o)
 .data          0x20000118        0x0 /opt/arm/arm-gnu-toolchain-14.3.rel1-x86_64-arm-none-eabi/bin/../lib/gcc/arm-none-eabi/14.3.1/../../../../arm-none-eabi/lib/thumb/v7e-m+fp/hard/libc.a(libc_a-init.o)
 .data          0x20000118        0x0 /opt/arm/arm-gnu-toolchain-14.3.rel1-x86_64-arm-none-eabi/bin/../lib/gcc/arm-none-eabi/14.3.1/../../../../arm-none-eabi/lib/thumb/v7e-m+fp/hard/libc.a(libc_a-lock.o)
 .data          0x20000118        0x0 /opt/arm/arm-gnu-toolchain-14.3.rel1-x86_64-arm-none-eabi/bin/../lib/gcc/arm-none-eabi/14.3.1/../../../../arm-none-eabi/lib/thumb/v7e-m+fp/hard/libc.a(libc_a-sysconf.o)
 .data          0x20000118        0x0 /opt/arm/arm-gnu-toolchain-14.3.rel1-x86_64-arm-none-eabi/bin/../lib/gcc/arm-none-eabi/14.3.1/../../../../arm-none-eabi/lib/thumb/v7e-m+fp/hard/libc.a(libc_a-strcmp.o)
 .data          0x20000118        0x0 /opt/arm/arm-gnu-toolchain-14.3.rel1-x86_64-arm-none-eabi/bin/../lib/gcc/arm-none-eabi/14.3.1/../../../../arm-none-eabi/lib/thumb/v7e-m+fp/hard/libc.a(libc_a-strcpy.o)
 .data          0x20000118        0x0 /opt/arm/arm-gnu-toolchain-14.3.rel1-x86_64-arm-none-eabi/bin/../lib/gcc/arm-none-eabi/14.3.1/../../../../arm-none-eabi/lib/thumb/v7e-m+fp/hard/libc.a(libc_a-memcpy.o)
 .data          0x20000118        0x0 /opt/arm/arm-gnu-toolchain-14.3.rel1-x86_64-arm-none-eabi/bin/../lib/gcc/arm-none-eabi/14.3.1/../../../../arm-none-eabi/lib/thumb/v7e-m+fp/hard/libc.a(libc_a-strlen.o)
 .data          0x20000118        0x0 /opt/arm/arm-gnu-toolchain-14.3.rel1-x86_64-arm-none-eabi/bin/../lib/gcc/arm-none-eabi/14.3.1/../../../../arm-none-eabi/lib/thumb/v7e-m+fp/hard/libc.a(libc_a-__call_atexit.o)
 .data          0x20000118        0x0 /opt/arm/arm-gnu-toolchain-14.3.rel1-x86_64-arm-none-eabi/bin/../lib/gcc/arm-none-eabi/14.3.1/../../../../arm-none-eabi/lib/thumb/v7e-m+fp/hard/libc.a(libc_a-atexit.o)
 .data          0x20000118        0x0 /opt/arm/arm-gnu-toolchain-14.3.rel1-x86_64-arm-none-eabi/bin/../lib/gcc/arm-none-eabi/14.3.1/../../../../arm-none-eabi/lib/thumb/v7e-m+fp/hard/libc.a(libc_a-freer.o)
 .data          0x20000118        0x0 /opt/arm/arm-gnu-toolchain-14.3.rel1-x86_64-arm-none-eabi/bin/../lib/gcc/arm-none-eabi/14.3.1/../../../../arm-none-eabi/lib/thumb/v7e-m+fp/hard/libc.a(libc_a-fclose.o)
 .data          0x20000118        0x0 /opt/arm/arm-gnu-toolchain-14.3.rel1-x86_64-arm-none-eabi/bin/../lib/gcc/arm-none-eabi/14.3.1/../../../../arm-none-eabi/lib/thumb/v7e-m+fp/hard/libc.a(libc_a-fflush.o)
 .data          0x20000118        0x0 /opt/arm/arm-gnu-toolchain-14.3.rel1-x86_64-arm-none-eabi/bin/../lib/gcc/arm-none-eabi/14.3.1/../../../../arm-none-eabi/lib/thumb/v7e-m+fp/hard/libc.a(libc_a-fini.o)
 .data          0x20000118        0x0 /opt/arm/arm-gnu-toolchain-14.3.rel1-x86_64-arm-none-eabi/bin/../lib/gcc/arm-none-eabi/14.3.1/../../../../arm-none-eabi/lib/thumb/v7e-m+fp/hard/libc.a(libc_a-__atexit.o)
 .data          0x20000118        0x0 /opt/arm/arm-gnu-toolchain-14.3.rel1-x86_64-arm-none-eabi/bin/../lib/gcc/arm-none-eabi/14.3.1/thumb/v7e-m+fp/hard/crtend.o
 .data          0x20000118        0x0 /opt/arm/arm-gnu-toolchain-14.3.rel1-x86_64-arm-none-eabi/bin/../lib/gcc/arm-none-eabi/14.3.1/thumb/v7e-m+fp/hard/crtn.o
 *(.data*)
 .data.__malloc_sbrk_base
                0x20000118        0x4 /opt/arm/arm-gnu-toolchain-14.3.rel1-x86_64-arm-none-eabi/bin/../lib/gcc/arm-none-eabi/14.3.1/../../../../arm-none-eabi/lib/thumb/v7e-m+fp/hard/libc.a(libc_a-mallocr.o)
                0x20000118                __malloc_sbrk_base
 .data.__malloc_trim_threshold
                0x2000011c        0x4 /opt/arm/arm-gnu-toolchain-14.3.rel1-x86_64-arm-none-eabi/bin/../lib/gcc/arm-none-eabi/14.3.1/../../../../arm-none-eabi/lib/thumb/v7e-m+fp/hard/libc.a(libc_a-mallocr.o)
                0x2000011c                __malloc_trim_threshold
 .data.__malloc_av_
                0x20000120      0x408 /opt/arm/arm-gnu-toolchain-14.3.rel1-x86_64-arm-none-eabi/bin/../lib/gcc/arm-none-eabi/14.3.1/../../../../arm-none-eabi/lib/thumb/v7e-m+fp/hard/libc.a(libc_a-mallocr.o)
                0x20000120                __malloc_av_
 .data._impure_ptr
                0x20000528        0x4 /opt/arm/arm-gnu-toolchain-14.3.rel1-x86_64-arm-none-eabi/bin/../lib/gcc/arm-none-eabi/14.3.1/../../../../arm-none-eabi/lib/thumb/v7e-m+fp/hard/libc.a(libc_a-impure.o)
                0x20000528                _impure_ptr
 *fill*         0x2000052c        0x4 
 .data._impure_data
                0x20000530      0x200 /opt/arm/arm-gnu-toolchain-14.3.rel1-x86_64-arm-none-eabi/bin/../lib/gcc/arm-none-eabi/14.3.1/../../../../arm-none-eabi/lib/thumb/v7e-m+fp/hard/libc.a(libc_a-impure.o)
                0x20000530                _impure_data
 .data.__atexit_recursive_mutex
                0x20000730        0x4 /opt/arm/arm-gnu-toolchain-14.3.rel1-x86_64-arm-none-eabi/bin/../lib/gcc/arm-none-eabi/14.3.1/../../../../arm-none-eabi/lib/thumb/v7e-m+fp/hard/libc.a(libc_a-__call_atexit.o)
                0x20000730                __atexit_recursive_mutex
                0x20000734                        . = ALIGN (0x4)
                0x20000734                        _edata = .

.tm_clone_table
                0x20000734        0x0 load address 0x080098a8
 .tm_clone_table
                0x20000734        0x0 /opt/arm/arm-gnu-toolchain-14.3.rel1-x86_64-arm-none-eabi/bin/../lib/gcc/arm-none-eabi/14.3.1/thumb/v7e-m+fp/hard/crtbegin.o
 .tm_clone_table
                0x20000734        0x0 /opt/arm/arm-gnu-toolchain-14.3.rel1-x86_64-arm-none-eabi/bin/../lib/gcc/arm-none-eabi/14.3.1/thumb/v7e-m+fp/hard/crtend.o

.igot.plt       0x20000734        0x0 load address 0x080098a8
 .igot.plt      0x20000734        0x0 /opt/arm/arm-gnu-toolchain-14.3.rel1-x86_64-arm-none-eabi/bin/../lib/gcc/arm-none-eabi/14.3.1/thumb/v7e-m+fp/hard/crtbegin.o
                0x20000734                        . = ALIGN (0x4)

.bss            0x20000734      0xec0 load address 0x080098a8
                0x20000734                        _sbss = .
                0x20000734                        __bss_start__ = _sbss
 *(.bss)
 .bss           0x20000734        0x0 /opt/arm/arm-gnu-toolchain-14.3.rel1-x86_64-arm-none-eabi/bin/../lib/gcc/arm-none-eabi/14.3.1/thumb/v7e-m+fp/hard/crti.o
 .bss           0x20000734        0x0 /opt/arm/arm-gnu-toolchain-14.3.rel1-x86_64-arm-none-eabi/bin/../lib/gcc/arm-none-eabi/14.3.1/thumb/v7e-m+fp/hard/crtbegin.o
 .bss           0x20000734        0x0 /opt/arm/arm-gnu-toolchain-14.3.rel1-x86_64-arm-none-eabi/bin/../lib/gcc/arm-none-eabi/14.3.1/../../../../arm-none-eabi/lib/thumb/v7e-m+fp/hard/crt0.o
 .bss           0x20000734        0x0 startup/stm32f411_periph.o
 .bss           0x20000734        0x0 startup/sys_handlers.o
 .bss           0x20000734       0x1c startup/rcc.o
                0x20000734                sysclks
 .bss           0x20000750        0x0 startup/system_stm32f4xx.o
 .bss           0x20000750       0x5c src/main.o
                0x20000750                app_state
                0x20000754                servo_state
 .bss           0x200007ac      0x4b0 src/hardware.o
 .bss           0x20000c5c       0x58 lib/event.o
                0x20000c5c                evq
                0x20000cac                evq_rd
                0x20000cb0                evq_wr
 .bss           0x20000cb4       0x7c lib/term.o
 .bss           0x20000d30        0xc lib/tick.o
 .bss           0x20000d3c       0x54 lib/uart.o
                0x20000d3c                u2_ctx
 .bss           0x20000d90        0x0 lib/util.o
 .bss           0x20000d90      0x4b9 startup/SEGGER_RTT.o
                0x20000d90                _SEGGER_RTT
 .bss           0x20001249        0x0 startup/libc_syscalls.o
 .bss           0x20001249        0x0 startup/startup_stm32f411xe.o
 .bss           0x20001249        0x0 startup/SEGGER_RTT_ASM_ARMv7M.o
 *fill*         0x20001249        0x3 
 .bss           0x2000124c       0x40 lib/libstm32.a(io.o)
 .bss           0x2000128c       0x40 lib/libstm32.a(timer.o)
 .bss           0x200012cc        0x0 /opt/arm/arm-gnu-toolchain-14.3.rel1-x86_64-arm-none-eabi/bin/../lib/gcc/arm-none-eabi/14.3.1/../../../../arm-none-eabi/lib/thumb/v7e-m+fp/hard/libm.a(libm_a-w_log10.o)
 .bss           0x200012cc        0x0 /opt/arm/arm-gnu-toolchain-14.3.rel1-x86_64-arm-none-eabi/bin/../lib/gcc/arm-none-eabi/14.3.1/../../../../arm-none-eabi/lib/thumb/v7e-m+fp/hard/libm.a(libm_a-w_pow.o)
 .bss           0x200012cc        0x0 /opt/arm/arm-gnu-toolchain-14.3.rel1-x86_64-arm-none-eabi/bin/../lib/gcc/arm-none-eabi/14.3.1/../../../../arm-none-eabi/lib/thumb/v7e-m+fp/hard/libm.a(libm_a-s_finite.o)
 .bss           0x200012cc        0x0 /opt/arm/arm-gnu-toolchain-14.3.rel1-x86_64-arm-none-eabi/bin/../lib/gcc/arm-none-eabi/14.3.1/../../../../arm-none-eabi/lib/thumb/v7e-m+fp/hard/libm.a(libm_a-s_nan.o)
 .bss           0x200012cc        0x0 /opt/arm/arm-gnu-toolchain-14.3.rel1-x86_64-arm-none-eabi/bin/../lib/gcc/arm-none-eabi/14.3.1/../../../../arm-none-eabi/lib/thumb/v7e-m+fp/hard/libm.a(libm_a-e_log10.o)
 .bss           0x200012cc        0x0 /opt/arm/arm-gnu-toolchain-14.3.rel1-x86_64-arm-none-eabi/bin/../lib/gcc/arm-none-eabi/14.3.1/../../../../arm-none-eabi/lib/thumb/v7e-m+fp/hard/libm.a(libm_a-e_pow.o)
 .bss           0x200012cc        0x0 /opt/arm/arm-gnu-toolchain-14.3.rel1-x86_64-arm-none-eabi/bin/../lib/gcc/arm-none-eabi/14.3.1/../../../../arm-none-eabi/lib/thumb/v7e-m+fp/hard/libm.a(libm_a-s_fabs.o)
 .bss           0x200012cc        0x0 /opt/arm/arm-gnu-toolchain-14.3.rel1-x86_64-arm-none-eabi/bin/../lib/gcc/arm-none-eabi/14.3.1/../../../../arm-none-eabi/lib/thumb/v7e-m+fp/hard/libm.a(libm_a-s_scalbn.o)
 .bss           0x200012cc        0x0 /opt/arm/arm-gnu-toolchain-14.3.rel1-x86_64-arm-none-eabi/bin/../lib/gcc/arm-none-eabi/14.3.1/../../../../arm-none-eabi/lib/thumb/v7e-m+fp/hard/libm.a(libm_a-math_err.o)
 .bss           0x200012cc        0x0 /opt/arm/arm-gnu-toolchain-14.3.rel1-x86_64-arm-none-eabi/bin/../lib/gcc/arm-none-eabi/14.3.1/../../../../arm-none-eabi/lib/thumb/v7e-m+fp/hard/libm.a(libm_a-e_sqrt.o)
 .bss           0x200012cc        0x0 /opt/arm/arm-gnu-toolchain-14.3.rel1-x86_64-arm-none-eabi/bin/../lib/gcc/arm-none-eabi/14.3.1/../../../../arm-none-eabi/lib/thumb/v7e-m+fp/hard/libm.a(libm_a-e_log.o)
 .bss           0x200012cc        0x0 /opt/arm/arm-gnu-toolchain-14.3.rel1-x86_64-arm-none-eabi/bin/../lib/gcc/arm-none-eabi/14.3.1/thumb/v7e-m+fp/hard/libgcc.a(_arm_muldf3.o)
 .bss           0x200012cc        0x0 /opt/arm/arm-gnu-toolchain-14.3.rel1-x86_64-arm-none-eabi/bin/../lib/gcc/arm-none-eabi/14.3.1/thumb/v7e-m+fp/hard/libgcc.a(_arm_addsubdf3.o)
 .bss           0x200012cc        0x0 /opt/arm/arm-gnu-toolchain-14.3.rel1-x86_64-arm-none-eabi/bin/../lib/gcc/arm-none-eabi/14.3.1/thumb/v7e-m+fp/hard/libgcc.a(_arm_muldivdf3.o)
 .bss           0x200012cc        0x0 /opt/arm/arm-gnu-toolchain-14.3.rel1-x86_64-arm-none-eabi/bin/../lib/gcc/arm-none-eabi/14.3.1/thumb/v7e-m+fp/hard/libgcc.a(_arm_cmpdf2.o)
 .bss           0x200012cc        0x0 /opt/arm/arm-gnu-toolchain-14.3.rel1-x86_64-arm-none-eabi/bin/../lib/gcc/arm-none-eabi/14.3.1/thumb/v7e-m+fp/hard/libgcc.a(_arm_unorddf2.o)
 .bss           0x200012cc        0x0 /opt/arm/arm-gnu-toolchain-14.3.rel1-x86_64-arm-none-eabi/bin/../lib/gcc/arm-none-eabi/14.3.1/thumb/v7e-m+fp/hard/libgcc.a(_arm_fixdfsi.o)
 .bss           0x200012cc        0x0 /opt/arm/arm-gnu-toolchain-14.3.rel1-x86_64-arm-none-eabi/bin/../lib/gcc/arm-none-eabi/14.3.1/thumb/v7e-m+fp/hard/libgcc.a(_aeabi_uldivmod.o)
 .bss           0x200012cc        0x0 /opt/arm/arm-gnu-toolchain-14.3.rel1-x86_64-arm-none-eabi/bin/../lib/gcc/arm-none-eabi/14.3.1/thumb/v7e-m+fp/hard/libgcc.a(_udivmoddi4.o)
 .bss           0x200012cc        0x0 /opt/arm/arm-gnu-toolchain-14.3.rel1-x86_64-arm-none-eabi/bin/../lib/gcc/arm-none-eabi/14.3.1/thumb/v7e-m+fp/hard/libgcc.a(_dvmd_tls.o)
 .bss           0x200012cc        0x0 /opt/arm/arm-gnu-toolchain-14.3.rel1-x86_64-arm-none-eabi/bin/../lib/gcc/arm-none-eabi/14.3.1/../../../../arm-none-eabi/lib/thumb/v7e-m+fp/hard/libc.a(libc_a-exit.o)
 .bss           0x200012cc        0x0 /opt/arm/arm-gnu-toolchain-14.3.rel1-x86_64-arm-none-eabi/bin/../lib/gcc/arm-none-eabi/14.3.1/../../../../arm-none-eabi/lib/thumb/v7e-m+fp/hard/libc.a(libc_a-malloc.o)
 .bss           0x200012cc        0x0 /opt/arm/arm-gnu-toolchain-14.3.rel1-x86_64-arm-none-eabi/bin/../lib/gcc/arm-none-eabi/14.3.1/../../../../arm-none-eabi/lib/thumb/v7e-m+fp/hard/libc.a(libc_a-mallocr.o)
 .bss           0x200012cc        0x0 /opt/arm/arm-gnu-toolchain-14.3.rel1-x86_64-arm-none-eabi/bin/../lib/gcc/arm-none-eabi/14.3.1/../../../../arm-none-eabi/lib/thumb/v7e-m+fp/hard/libc.a(libc_a-mlock.o)
 .bss           0x200012cc        0x0 /opt/arm/arm-gnu-toolchain-14.3.rel1-x86_64-arm-none-eabi/bin/../lib/gcc/arm-none-eabi/14.3.1/../../../../arm-none-eabi/lib/thumb/v7e-m+fp/hard/libc.a(libc_a-ctype_.o)
 .bss           0x200012cc        0x0 /opt/arm/arm-gnu-toolchain-14.3.rel1-x86_64-arm-none-eabi/bin/../lib/gcc/arm-none-eabi/14.3.1/../../../../arm-none-eabi/lib/thumb/v7e-m+fp/hard/libc.a(libc_a-findfp.o)
 .bss           0x200012cc        0x0 /opt/arm/arm-gnu-toolchain-14.3.rel1-x86_64-arm-none-eabi/bin/../lib/gcc/arm-none-eabi/14.3.1/../../../../arm-none-eabi/lib/thumb/v7e-m+fp/hard/libc.a(libc_a-fwalk.o)
 .bss           0x200012cc        0x0 /opt/arm/arm-gnu-toolchain-14.3.rel1-x86_64-arm-none-eabi/bin/../lib/gcc/arm-none-eabi/14.3.1/../../../../arm-none-eabi/lib/thumb/v7e-m+fp/hard/libc.a(libc_a-stdio.o)
 .bss           0x200012cc        0x0 /opt/arm/arm-gnu-toolchain-14.3.rel1-x86_64-arm-none-eabi/bin/../lib/gcc/arm-none-eabi/14.3.1/../../../../arm-none-eabi/lib/thumb/v7e-m+fp/hard/libc.a(libc_a-memmove.o)
 .bss           0x200012cc        0x0 /opt/arm/arm-gnu-toolchain-14.3.rel1-x86_64-arm-none-eabi/bin/../lib/gcc/arm-none-eabi/14.3.1/../../../../arm-none-eabi/lib/thumb/v7e-m+fp/hard/libc.a(libc_a-memset.o)
 .bss           0x200012cc        0x0 /opt/arm/arm-gnu-toolchain-14.3.rel1-x86_64-arm-none-eabi/bin/../lib/gcc/arm-none-eabi/14.3.1/../../../../arm-none-eabi/lib/thumb/v7e-m+fp/hard/libc.a(libc_a-closer.o)
 .bss           0x200012cc        0x0 /opt/arm/arm-gnu-toolchain-14.3.rel1-x86_64-arm-none-eabi/bin/../lib/gcc/arm-none-eabi/14.3.1/../../../../arm-none-eabi/lib/thumb/v7e-m+fp/hard/libc.a(libc_a-reent.o)
 .bss           0x200012cc        0x0 /opt/arm/arm-gnu-toolchain-14.3.rel1-x86_64-arm-none-eabi/bin/../lib/gcc/arm-none-eabi/14.3.1/../../../../arm-none-eabi/lib/thumb/v7e-m+fp/hard/libc.a(libc_a-impure.o)
 .bss           0x200012cc        0x0 /opt/arm/arm-gnu-toolchain-14.3.rel1-x86_64-arm-none-eabi/bin/../lib/gcc/arm-none-eabi/14.3.1/../../../../arm-none-eabi/lib/thumb/v7e-m+fp/hard/libc.a(libc_a-lseekr.o)
 .bss           0x200012cc        0x0 /opt/arm/arm-gnu-toolchain-14.3.rel1-x86_64-arm-none-eabi/bin/../lib/gcc/arm-none-eabi/14.3.1/../../../../arm-none-eabi/lib/thumb/v7e-m+fp/hard/libc.a(libc_a-readr.o)
 .bss           0x200012cc        0x0 /opt/arm/arm-gnu-toolchain-14.3.rel1-x86_64-arm-none-eabi/bin/../lib/gcc/arm-none-eabi/14.3.1/../../../../arm-none-eabi/lib/thumb/v7e-m+fp/hard/libc.a(libc_a-sbrkr.o)
 .bss           0x200012cc        0x0 /opt/arm/arm-gnu-toolchain-14.3.rel1-x86_64-arm-none-eabi/bin/../lib/gcc/arm-none-eabi/14.3.1/../../../../arm-none-eabi/lib/thumb/v7e-m+fp/hard/libc.a(libc_a-writer.o)
 .bss           0x200012cc        0x0 /opt/arm/arm-gnu-toolchain-14.3.rel1-x86_64-arm-none-eabi/bin/../lib/gcc/arm-none-eabi/14.3.1/../../../../arm-none-eabi/lib/thumb/v7e-m+fp/hard/libc.a(libc_a-errno.o)
 .bss           0x200012cc        0x0 /opt/arm/arm-gnu-toolchain-14.3.rel1-x86_64-arm-none-eabi/bin/../lib/gcc/arm-none-eabi/14.3.1/../../../../arm-none-eabi/lib/thumb/v7e-m+fp/hard/libc.a(libc_a-init.o)
 .bss           0x200012cc        0x0 /opt/arm/arm-gnu-toolchain-14.3.rel1-x86_64-arm-none-eabi/bin/../lib/gcc/arm-none-eabi/14.3.1/../../../../arm-none-eabi/lib/thumb/v7e-m+fp/hard/libc.a(libc_a-lock.o)
 .bss           0x200012cc        0x0 /opt/arm/arm-gnu-toolchain-14.3.rel1-x86_64-arm-none-eabi/bin/../lib/gcc/arm-none-eabi/14.3.1/../../../../arm-none-eabi/lib/thumb/v7e-m+fp/hard/libc.a(libc_a-sysconf.o)
 .bss           0x200012cc        0x0 /opt/arm/arm-gnu-toolchain-14.3.rel1-x86_64-arm-none-eabi/bin/../lib/gcc/arm-none-eabi/14.3.1/../../../../arm-none-eabi/lib/thumb/v7e-m+fp/hard/libc.a(libc_a-strcmp.o)
 .bss           0x200012cc        0x0 /opt/arm/arm-gnu-toolchain-14.3.rel1-x86_64-arm-none-eabi/bin/../lib/gcc/arm-none-eabi/14.3.1/../../../../arm-none-eabi/lib/thumb/v7e-m+fp/hard/libc.a(libc_a-strcpy.o)
 .bss           0x200012cc        0x0 /opt/arm/arm-gnu-toolchain-14.3.rel1-x86_64-arm-none-eabi/bin/../lib/gcc/arm-none-eabi/14.3.1/../../../../arm-none-eabi/lib/thumb/v7e-m+fp/hard/libc.a(libc_a-memcpy.o)
 .bss           0x200012cc        0x0 /opt/arm/arm-gnu-toolchain-14.3.rel1-x86_64-arm-none-eabi/bin/../lib/gcc/arm-none-eabi/14.3.1/../../../../arm-none-eabi/lib/thumb/v7e-m+fp/hard/libc.a(libc_a-strlen.o)
 .bss           0x200012cc        0x0 /opt/arm/arm-gnu-toolchain-14.3.rel1-x86_64-arm-none-eabi/bin/../lib/gcc/arm-none-eabi/14.3.1/../../../../arm-none-eabi/lib/thumb/v7e-m+fp/hard/libc.a(libc_a-__call_atexit.o)
 .bss           0x200012cc        0x0 /opt/arm/arm-gnu-toolchain-14.3.rel1-x86_64-arm-none-eabi/bin/../lib/gcc/arm-none-eabi/14.3.1/../../../../arm-none-eabi/lib/thumb/v7e-m+fp/hard/libc.a(libc_a-atexit.o)
 .bss           0x200012cc        0x0 /opt/arm/arm-gnu-toolchain-14.3.rel1-x86_64-arm-none-eabi/bin/../lib/gcc/arm-none-eabi/14.3.1/../../../../arm-none-eabi/lib/thumb/v7e-m+fp/hard/libc.a(libc_a-freer.o)
 .bss           0x200012cc        0x0 /opt/arm/arm-gnu-toolchain-14.3.rel1-x86_64-arm-none-eabi/bin/../lib/gcc/arm-none-eabi/14.3.1/../../../../arm-none-eabi/lib/thumb/v7e-m+fp/hard/libc.a(libc_a-fclose.o)
 .bss           0x200012cc        0x0 /opt/arm/arm-gnu-toolchain-14.3.rel1-x86_64-arm-none-eabi/bin/../lib/gcc/arm-none-eabi/14.3.1/../../../../arm-none-eabi/lib/thumb/v7e-m+fp/hard/libc.a(libc_a-fflush.o)
 .bss           0x200012cc        0x0 /opt/arm/arm-gnu-toolchain-14.3.rel1-x86_64-arm-none-eabi/bin/../lib/gcc/arm-none-eabi/14.3.1/../../../../arm-none-eabi/lib/thumb/v7e-m+fp/hard/libc.a(libc_a-fini.o)
 .bss           0x200012cc        0x0 /opt/arm/arm-gnu-toolchain-14.3.rel1-x86_64-arm-none-eabi/bin/../lib/gcc/arm-none-eabi/14.3.1/../../../../arm-none-eabi/lib/thumb/v7e-m+fp/hard/libc.a(libc_a-__atexit.o)
 .bss           0x200012cc        0x0 /opt/arm/arm-gnu-toolchain-14.3.rel1-x86_64-arm-none-eabi/bin/../lib/gcc/arm-none-eabi/14.3.1/thumb/v7e-m+fp/hard/crtend.o
 .bss           0x200012cc        0x0 /opt/arm/arm-gnu-toolchain-14.3.rel1-x86_64-arm-none-eabi/bin/../lib/gcc/arm-none-eabi/14.3.1/thumb/v7e-m+fp/hard/crtn.o
 *(.bss*)
 .bss.completed.1
                0x200012cc        0x1 /opt/arm/arm-gnu-toolchain-14.3.rel1-x86_64-arm-none-eabi/bin/../lib/gcc/arm-none-eabi/14.3.1/thumb/v7e-m+fp/hard/crtbegin.o
 *fill*         0x200012cd        0x3 
 .bss.object.0  0x200012d0       0x18 /opt/arm/arm-gnu-toolchain-14.3.rel1-x86_64-arm-none-eabi/bin/../lib/gcc/arm-none-eabi/14.3.1/thumb/v7e-m+fp/hard/crtbegin.o
 .bss.__malloc_current_mallinfo
                0x200012e8       0x28 /opt/arm/arm-gnu-toolchain-14.3.rel1-x86_64-arm-none-eabi/bin/../lib/gcc/arm-none-eabi/14.3.1/../../../../arm-none-eabi/lib/thumb/v7e-m+fp/hard/libc.a(libc_a-mallocr.o)
                0x200012e8                __malloc_current_mallinfo
 .bss.__malloc_max_total_mem
                0x20001310        0x4 /opt/arm/arm-gnu-toolchain-14.3.rel1-x86_64-arm-none-eabi/bin/../lib/gcc/arm-none-eabi/14.3.1/../../../../arm-none-eabi/lib/thumb/v7e-m+fp/hard/libc.a(libc_a-mallocr.o)
                0x20001310                __malloc_max_total_mem
 .bss.__malloc_max_sbrked_mem
                0x20001314        0x4 /opt/arm/arm-gnu-toolchain-14.3.rel1-x86_64-arm-none-eabi/bin/../lib/gcc/arm-none-eabi/14.3.1/../../../../arm-none-eabi/lib/thumb/v7e-m+fp/hard/libc.a(libc_a-mallocr.o)
                0x20001314                __malloc_max_sbrked_mem
 .bss.__malloc_top_pad
                0x20001318        0x4 /opt/arm/arm-gnu-toolchain-14.3.rel1-x86_64-arm-none-eabi/bin/../lib/gcc/arm-none-eabi/14.3.1/../../../../arm-none-eabi/lib/thumb/v7e-m+fp/hard/libc.a(libc_a-mallocr.o)
                0x20001318                __malloc_top_pad
 .bss.__sf      0x2000131c      0x138 /opt/arm/arm-gnu-toolchain-14.3.rel1-x86_64-arm-none-eabi/bin/../lib/gcc/arm-none-eabi/14.3.1/../../../../arm-none-eabi/lib/thumb/v7e-m+fp/hard/libc.a(libc_a-findfp.o)
                0x2000131c                __sf
 .bss.errno     0x20001454        0x4 /opt/arm/arm-gnu-toolchain-14.3.rel1-x86_64-arm-none-eabi/bin/../lib/gcc/arm-none-eabi/14.3.1/../../../../arm-none-eabi/lib/thumb/v7e-m+fp/hard/libc.a(libc_a-reent.o)
                0x20001454                errno
 .bss.__lock___malloc_recursive_mutex
                0x20001458        0x1 /opt/arm/arm-gnu-toolchain-14.3.rel1-x86_64-arm-none-eabi/bin/../lib/gcc/arm-none-eabi/14.3.1/../../../../arm-none-eabi/lib/thumb/v7e-m+fp/hard/libc.a(libc_a-lock.o)
                0x20001458                __lock___malloc_recursive_mutex
 *fill*         0x20001459        0x3 
 .bss.__lock___atexit_recursive_mutex
                0x2000145c        0x1 /opt/arm/arm-gnu-toolchain-14.3.rel1-x86_64-arm-none-eabi/bin/../lib/gcc/arm-none-eabi/14.3.1/../../../../arm-none-eabi/lib/thumb/v7e-m+fp/hard/libc.a(libc_a-lock.o)
                0x2000145c                __lock___atexit_recursive_mutex
 *fill*         0x2000145d        0x3 
 .bss.__atexit  0x20001460        0x4 /opt/arm/arm-gnu-toolchain-14.3.rel1-x86_64-arm-none-eabi/bin/../lib/gcc/arm-none-eabi/14.3.1/../../../../arm-none-eabi/lib/thumb/v7e-m+fp/hard/libc.a(libc_a-__call_atexit.o)
                0x20001460                __atexit
 .bss.__atexit0
                0x20001464      0x190 /opt/arm/arm-gnu-toolchain-14.3.rel1-x86_64-arm-none-eabi/bin/../lib/gcc/arm-none-eabi/14.3.1/../../../../arm-none-eabi/lib/thumb/v7e-m+fp/hard/libc.a(libc_a-__atexit.o)
                0x20001464                __atexit0
 *(COMMON)
                0x200015f4                        . = ALIGN (0x4)
                0x200015f4                        _ebss = .
                0x200015f4                        __bss_end__ = _ebss

._user_heap_stack
                0x200015f4      0x600 load address 0x080098a8
                0x200015f4                        . = ALIGN (0x4)
                0x200015f4                        PROVIDE (end = .)
                [!provide]                        PROVIDE (_end = .)
                0x200017f4                        . = (. + _Min_Heap_Size)
 *fill*         0x200015f4      0x200 
                0x20001bf4                        . = (. + _Min_Stack_Size)
 *fill*         0x200017f4      0x400 
                0x20001bf4                        . = ALIGN (0x4)

/DISCARD/
 libc.a(*)
 libm.a(*)
 libgcc.a(*)

.ARM.attributes
                0x00000000       0x30
 *(.ARM.attributes)
 .ARM.attributes
                0x00000000       0x22 /opt/arm/arm-gnu-toolchain-14.3.rel1-x86_64-arm-none-eabi/bin/../lib/gcc/arm-none-eabi/14.3.1/thumb/v7e-m+fp/hard/crti.o
 .ARM.attributes
                0x00000022       0x34 /opt/arm/arm-gnu-toolchain-14.3.rel1-x86_64-arm-none-eabi/bin/../lib/gcc/arm-none-eabi/14.3.1/thumb/v7e-m+fp/hard/crtbegin.o
 .ARM.attributes
                0x00000056       0x20 /opt/arm/arm-gnu-toolchain-14.3.rel1-x86_64-arm-none-eabi/bin/../lib/gcc/arm-none-eabi/14.3.1/../../../../arm-none-eabi/lib/thumb/v7e-m+fp/hard/crt0.o
 .ARM.attributes
                0x00000076       0x34 startup/stm32f411_periph.o
 .ARM.attributes
                0x000000aa       0x34 startup/sys_handlers.o
 .ARM.attributes
                0x000000de       0x34 startup/rcc.o
 .ARM.attributes
                0x00000112       0x34 startup/system_stm32f4xx.o
 .ARM.attributes
                0x00000146       0x34 src/main.o
 .ARM.attributes
                0x0000017a       0x34 src/hardware.o
 .ARM.attributes
                0x000001ae       0x34 lib/event.o
 .ARM.attributes
                0x000001e2       0x34 lib/term.o
 .ARM.attributes
                0x00000216       0x34 lib/tick.o
 .ARM.attributes
                0x0000024a       0x34 lib/uart.o
 .ARM.attributes
                0x0000027e       0x34 lib/util.o
 .ARM.attributes
                0x000002b2       0x34 startup/SEGGER_RTT.o
 .ARM.attributes
                0x000002e6       0x34 startup/libc_syscalls.o
 .ARM.attributes
                0x0000031a       0x21 startup/startup_stm32f411xe.o
 .ARM.attributes
                0x0000033b       0x20 startup/SEGGER_RTT_ASM_ARMv7M.o
 .ARM.attributes
                0x0000035b       0x34 lib/libstm32.a(io.o)
 .ARM.attributes
                0x0000038f       0x34 lib/libstm32.a(timer.o)
 .ARM.attributes
                0x000003c3       0x34 /opt/arm/arm-gnu-toolchain-14.3.rel1-x86_64-arm-none-eabi/bin/../lib/gcc/arm-none-eabi/14.3.1/../../../../arm-none-eabi/lib/thumb/v7e-m+fp/hard/libm.a(libm_a-w_log10.o)
 .ARM.attributes
                0x000003f7       0x34 /opt/arm/arm-gnu-toolchain-14.3.rel1-x86_64-arm-none-eabi/bin/../lib/gcc/arm-none-eabi/14.3.1/../../../../arm-none-eabi/lib/thumb/v7e-m+fp/hard/libm.a(libm_a-w_pow.o)
 .ARM.attributes
                0x0000042b       0x34 /opt/arm/arm-gnu-toolchain-14.3.rel1-x86_64-arm-none-eabi/bin/../lib/gcc/arm-none-eabi/14.3.1/../../../../arm-none-eabi/lib/thumb/v7e-m+fp/hard/libm.a(libm_a-s_finite.o)
 .ARM.attributes
                0x0000045f       0x34 /opt/arm/arm-gnu-toolchain-14.3.rel1-x86_64-arm-none-eabi/bin/../lib/gcc/arm-none-eabi/14.3.1/../../../../arm-none-eabi/lib/thumb/v7e-m+fp/hard/libm.a(libm_a-s_nan.o)
 .ARM.attributes
                0x00000493       0x34 /opt/arm/arm-gnu-toolchain-14.3.rel1-x86_64-arm-none-eabi/bin/../lib/gcc/arm-none-eabi/14.3.1/../../../../arm-none-eabi/lib/thumb/v7e-m+fp/hard/libm.a(libm_a-e_log10.o)
 .ARM.attributes
                0x000004c7       0x34 /opt/arm/arm-gnu-toolchain-14.3.rel1-x86_64-arm-none-eabi/bin/../lib/gcc/arm-none-eabi/14.3.1/../../../../arm-none-eabi/lib/thumb/v7e-m+fp/hard/libm.a(libm_a-e_pow.o)
 .ARM.attributes
                0x000004fb       0x34 /opt/arm/arm-gnu-toolchain-14.3.rel1-x86_64-arm-none-eabi/bin/../lib/gcc/arm-none-eabi/14.3.1/../../../../arm-none-eabi/lib/thumb/v7e-m+fp/hard/libm.a(libm_a-s_fabs.o)
 .ARM.attributes
                0x0000052f       0x34 /opt/arm/arm-gnu-toolchain-14.3.rel1-x86_64-arm-none-eabi/bin/../lib/gcc/arm-none-eabi/14.3.1/../../../../arm-none-eabi/lib/thumb/v7e-m+fp/hard/libm.a(libm_a-s_scalbn.o)
 .ARM.attributes
                0x00000563       0x34 /opt/arm/arm-gnu-toolchain-14.3.rel1-x86_64-arm-none-eabi/bin/../lib/gcc/arm-none-eabi/14.3.1/../../../../arm-none-eabi/lib/thumb/v7e-m+fp/hard/libm.a(libm_a-math_err.o)
 .ARM.attributes
                0x00000597       0x34 /opt/arm/arm-gnu-toolchain-14.3.rel1-x86_64-arm-none-eabi/bin/../lib/gcc/arm-none-eabi/14.3.1/../../../../arm-none-eabi/lib/thumb/v7e-m+fp/hard/libm.a(libm_a-e_sqrt.o)
 .ARM.attributes
                0x000005cb       0x34 /opt/arm/arm-gnu-toolchain-14.3.rel1-x86_64-arm-none-eabi/bin/../lib/gcc/arm-none-eabi/14.3.1/../../../../arm-none-eabi/lib/thumb/v7e-m+fp/hard/libm.a(libm_a-e_log.o)
 .ARM.attributes
                0x000005ff       0x22 /opt/arm/arm-gnu-toolchain-14.3.rel1-x86_64-arm-none-eabi/bin/../lib/gcc/arm-none-eabi/14.3.1/thumb/v7e-m+fp/hard/libgcc.a(_arm_muldf3.o)
 .ARM.attributes
                0x00000621       0x22 /opt/arm/arm-gnu-toolchain-14.3.rel1-x86_64-arm-none-eabi/bin/../lib/gcc/arm-none-eabi/14.3.1/thumb/v7e-m+fp/hard/libgcc.a(_arm_addsubdf3.o)
 .ARM.attributes
                0x00000643       0x22 /opt/arm/arm-gnu-toolchain-14.3.rel1-x86_64-arm-none-eabi/bin/../lib/gcc/arm-none-eabi/14.3.1/thumb/v7e-m+fp/hard/libgcc.a(_arm_muldivdf3.o)
 .ARM.attributes
                0x00000665       0x22 /opt/arm/arm-gnu-toolchain-14.3.rel1-x86_64-arm-none-eabi/bin/../lib/gcc/arm-none-eabi/14.3.1/thumb/v7e-m+fp/hard/libgcc.a(_arm_cmpdf2.o)
 .ARM.attributes
                0x00000687       0x22 /opt/arm/arm-gnu-toolchain-14.3.rel1-x86_64-arm-none-eabi/bin/../lib/gcc/arm-none-eabi/14.3.1/thumb/v7e-m+fp/hard/libgcc.a(_arm_unorddf2.o)
 .ARM.attributes
                0x000006a9       0x22 /opt/arm/arm-gnu-toolchain-14.3.rel1-x86_64-arm-none-eabi/bin/../lib/gcc/arm-none-eabi/14.3.1/thumb/v7e-m+fp/hard/libgcc.a(_arm_fixdfsi.o)
 .ARM.attributes
                0x000006cb       0x22 /opt/arm/arm-gnu-toolchain-14.3.rel1-x86_64-arm-none-eabi/bin/../lib/gcc/arm-none-eabi/14.3.1/thumb/v7e-m+fp/hard/libgcc.a(_aeabi_uldivmod.o)
 .ARM.attributes
                0x000006ed       0x34 /opt/arm/arm-gnu-toolchain-14.3.rel1-x86_64-arm-none-eabi/bin/../lib/gcc/arm-none-eabi/14.3.1/thumb/v7e-m+fp/hard/libgcc.a(_udivmoddi4.o)
 .ARM.attributes
                0x00000721       0x22 /opt/arm/arm-gnu-toolchain-14.3.rel1-x86_64-arm-none-eabi/bin/../lib/gcc/arm-none-eabi/14.3.1/thumb/v7e-m+fp/hard/libgcc.a(_dvmd_tls.o)
 .ARM.attributes
                0x00000743       0x34 /opt/arm/arm-gnu-toolchain-14.3.rel1-x86_64-arm-none-eabi/bin/../lib/gcc/arm-none-eabi/14.3.1/../../../../arm-none-eabi/lib/thumb/v7e-m+fp/hard/libc.a(libc_a-exit.o)
 .ARM.attributes
                0x00000777       0x34 /opt/arm/arm-gnu-toolchain-14.3.rel1-x86_64-arm-none-eabi/bin/../lib/gcc/arm-none-eabi/14.3.1/../../../../arm-none-eabi/lib/thumb/v7e-m+fp/hard/libc.a(libc_a-malloc.o)
 .ARM.attributes
                0x000007ab       0x34 /opt/arm/arm-gnu-toolchain-14.3.rel1-x86_64-arm-none-eabi/bin/../lib/gcc/arm-none-eabi/14.3.1/../../../../arm-none-eabi/lib/thumb/v7e-m+fp/hard/libc.a(libc_a-mallocr.o)
 .ARM.attributes
                0x000007df       0x34 /opt/arm/arm-gnu-toolchain-14.3.rel1-x86_64-arm-none-eabi/bin/../lib/gcc/arm-none-eabi/14.3.1/../../../../arm-none-eabi/lib/thumb/v7e-m+fp/hard/libc.a(libc_a-mlock.o)
 .ARM.attributes
                0x00000813       0x34 /opt/arm/arm-gnu-toolchain-14.3.rel1-x86_64-arm-none-eabi/bin/../lib/gcc/arm-none-eabi/14.3.1/../../../../arm-none-eabi/lib/thumb/v7e-m+fp/hard/libc.a(libc_a-ctype_.o)
 .ARM.attributes
                0x00000847       0x34 /opt/arm/arm-gnu-toolchain-14.3.rel1-x86_64-arm-none-eabi/bin/../lib/gcc/arm-none-eabi/14.3.1/../../../../arm-none-eabi/lib/thumb/v7e-m+fp/hard/libc.a(libc_a-findfp.o)
 .ARM.attributes
                0x0000087b       0x34 /opt/arm/arm-gnu-toolchain-14.3.rel1-x86_64-arm-none-eabi/bin/../lib/gcc/arm-none-eabi/14.3.1/../../../../arm-none-eabi/lib/thumb/v7e-m+fp/hard/libc.a(libc_a-fwalk.o)
 .ARM.attributes
                0x000008af       0x34 /opt/arm/arm-gnu-toolchain-14.3.rel1-x86_64-arm-none-eabi/bin/../lib/gcc/arm-none-eabi/14.3.1/../../../../arm-none-eabi/lib/thumb/v7e-m+fp/hard/libc.a(libc_a-stdio.o)
 .ARM.attributes
                0x000008e3       0x34 /opt/arm/arm-gnu-toolchain-14.3.rel1-x86_64-arm-none-eabi/bin/../lib/gcc/arm-none-eabi/14.3.1/../../../../arm-none-eabi/lib/thumb/v7e-m+fp/hard/libc.a(libc_a-memmove.o)
 .ARM.attributes
                0x00000917       0x34 /opt/arm/arm-gnu-toolchain-14.3.rel1-x86_64-arm-none-eabi/bin/../lib/gcc/arm-none-eabi/14.3.1/../../../../arm-none-eabi/lib/thumb/v7e-m+fp/hard/libc.a(libc_a-memset.o)
 .ARM.attributes
                0x0000094b       0x34 /opt/arm/arm-gnu-toolchain-14.3.rel1-x86_64-arm-none-eabi/bin/../lib/gcc/arm-none-eabi/14.3.1/../../../../arm-none-eabi/lib/thumb/v7e-m+fp/hard/libc.a(libc_a-closer.o)
 .ARM.attributes
                0x0000097f       0x34 /opt/arm/arm-gnu-toolchain-14.3.rel1-x86_64-arm-none-eabi/bin/../lib/gcc/arm-none-eabi/14.3.1/../../../../arm-none-eabi/lib/thumb/v7e-m+fp/hard/libc.a(libc_a-reent.o)
 .ARM.attributes
                0x000009b3       0x34 /opt/arm/arm-gnu-toolchain-14.3.rel1-x86_64-arm-none-eabi/bin/../lib/gcc/arm-none-eabi/14.3.1/../../../../arm-none-eabi/lib/thumb/v7e-m+fp/hard/libc.a(libc_a-impure.o)
 .ARM.attributes
                0x000009e7       0x34 /opt/arm/arm-gnu-toolchain-14.3.rel1-x86_64-arm-none-eabi/bin/../lib/gcc/arm-none-eabi/14.3.1/../../../../arm-none-eabi/lib/thumb/v7e-m+fp/hard/libc.a(libc_a-lseekr.o)
 .ARM.attributes
                0x00000a1b       0x34 /opt/arm/arm-gnu-toolchain-14.3.rel1-x86_64-arm-none-eabi/bin/../lib/gcc/arm-none-eabi/14.3.1/../../../../arm-none-eabi/lib/thumb/v7e-m+fp/hard/libc.a(libc_a-readr.o)
 .ARM.attributes
                0x00000a4f       0x34 /opt/arm/arm-gnu-toolchain-14.3.rel1-x86_64-arm-none-eabi/bin/../lib/gcc/arm-none-eabi/14.3.1/../../../../arm-none-eabi/lib/thumb/v7e-m+fp/hard/libc.a(libc_a-sbrkr.o)
 .ARM.attributes
                0x00000a83       0x34 /opt/arm/arm-gnu-toolchain-14.3.rel1-x86_64-arm-none-eabi/bin/../lib/gcc/arm-none-eabi/14.3.1/../../../../arm-none-eabi/lib/thumb/v7e-m+fp/hard/libc.a(libc_a-writer.o)
 .ARM.attributes
                0x00000ab7       0x34 /opt/arm/arm-gnu-toolchain-14.3.rel1-x86_64-arm-none-eabi/bin/../lib/gcc/arm-none-eabi/14.3.1/../../../../arm-none-eabi/lib/thumb/v7e-m+fp/hard/libc.a(libc_a-errno.o)
 .ARM.attributes
                0x00000aeb       0x34 /opt/arm/arm-gnu-toolchain-14.3.rel1-x86_64-arm-none-eabi/bin/../lib/gcc/arm-none-eabi/14.3.1/../../../../arm-none-eabi/lib/thumb/v7e-m+fp/hard/libc.a(libc_a-init.o)
 .ARM.attributes
                0x00000b1f       0x34 /opt/arm/arm-gnu-toolchain-14.3.rel1-x86_64-arm-none-eabi/bin/../lib/gcc/arm-none-eabi/14.3.1/../../../../arm-none-eabi/lib/thumb/v7e-m+fp/hard/libc.a(libc_a-lock.o)
 .ARM.attributes
                0x00000b53       0x34 /opt/arm/arm-gnu-toolchain-14.3.rel1-x86_64-arm-none-eabi/bin/../lib/gcc/arm-none-eabi/14.3.1/../../../../arm-none-eabi/lib/thumb/v7e-m+fp/hard/libc.a(libc_a-sysconf.o)
 .ARM.attributes
                0x00000b87       0x20 /opt/arm/arm-gnu-toolchain-14.3.rel1-x86_64-arm-none-eabi/bin/../lib/gcc/arm-none-eabi/14.3.1/../../../../arm-none-eabi/lib/thumb/v7e-m+fp/hard/libc.a(libc_a-strcmp.o)
 .ARM.attributes
                0x00000ba7       0x34 /opt/arm/arm-gnu-toolchain-14.3.rel1-x86_64-arm-none-eabi/bin/../lib/gcc/arm-none-eabi/14.3.1/../../../../arm-none-eabi/lib/thumb/v7e-m+fp/hard/libc.a(libc_a-strcpy.o)
 .ARM.attributes
                0x00000bdb       0x20 /opt/arm/arm-gnu-toolchain-14.3.rel1-x86_64-arm-none-eabi/bin/../lib/gcc/arm-none-eabi/14.3.1/../../../../arm-none-eabi/lib/thumb/v7e-m+fp/hard/libc.a(libc_a-memcpy.o)
 .ARM.attributes
                0x00000bfb       0x1c /opt/arm/arm-gnu-toolchain-14.3.rel1-x86_64-arm-none-eabi/bin/../lib/gcc/arm-none-eabi/14.3.1/../../../../arm-none-eabi/lib/thumb/v7e-m+fp/hard/libc.a(libc_a-strlen.o)
 .ARM.attributes
                0x00000c17       0x34 /opt/arm/arm-gnu-toolchain-14.3.rel1-x86_64-arm-none-eabi/bin/../lib/gcc/arm-none-eabi/14.3.1/../../../../arm-none-eabi/lib/thumb/v7e-m+fp/hard/libc.a(libc_a-__call_atexit.o)
 .ARM.attributes
                0x00000c4b       0x34 /opt/arm/arm-gnu-toolchain-14.3.rel1-x86_64-arm-none-eabi/bin/../lib/gcc/arm-none-eabi/14.3.1/../../../../arm-none-eabi/lib/thumb/v7e-m+fp/hard/libc.a(libc_a-atexit.o)
 .ARM.attributes
                0x00000c7f       0x34 /opt/arm/arm-gnu-toolchain-14.3.rel1-x86_64-arm-none-eabi/bin/../lib/gcc/arm-none-eabi/14.3.1/../../../../arm-none-eabi/lib/thumb/v7e-m+fp/hard/libc.a(libc_a-freer.o)
 .ARM.attributes
                0x00000cb3       0x34 /opt/arm/arm-gnu-toolchain-14.3.rel1-x86_64-arm-none-eabi/bin/../lib/gcc/arm-none-eabi/14.3.1/../../../../arm-none-eabi/lib/thumb/v7e-m+fp/hard/libc.a(libc_a-fclose.o)
 .ARM.attributes
                0x00000ce7       0x34 /opt/arm/arm-gnu-toolchain-14.3.rel1-x86_64-arm-none-eabi/bin/../lib/gcc/arm-none-eabi/14.3.1/../../../../arm-none-eabi/lib/thumb/v7e-m+fp/hard/libc.a(libc_a-fflush.o)
 .ARM.attributes
                0x00000d1b       0x34 /opt/arm/arm-gnu-toolchain-14.3.rel1-x86_64-arm-none-eabi/bin/../lib/gcc/arm-none-eabi/14.3.1/../../../../arm-none-eabi/lib/thumb/v7e-m+fp/hard/libc.a(libc_a-fini.o)
 .ARM.attributes
                0x00000d4f       0x34 /opt/arm/arm-gnu-toolchain-14.3.rel1-x86_64-arm-none-eabi/bin/../lib/gcc/arm-none-eabi/14.3.1/../../../../arm-none-eabi/lib/thumb/v7e-m+fp/hard/libc.a(libc_a-__atexit.o)
 .ARM.attributes
                0x00000d83       0x34 /opt/arm/arm-gnu-toolchain-14.3.rel1-x86_64-arm-none-eabi/bin/../lib/gcc/arm-none-eabi/14.3.1/thumb/v7e-m+fp/hard/crtend.o
 .ARM.attributes
                0x00000db7       0x22 /opt/arm/arm-gnu-toolchain-14.3.rel1-x86_64-arm-none-eabi/bin/../lib/gcc/arm-none-eabi/14.3.1/thumb/v7e-m+fp/hard/crtn.o
OUTPUT(main.elf elf32-littlearm)
LOAD linker stubs
LOAD /opt/arm/arm-gnu-toolchain-14.3.rel1-x86_64-arm-none-eabi/bin/../lib/gcc/arm-none-eabi/14.3.1/../../../../arm-none-eabi/lib/thumb/v7e-m+fp/hard/libc.a
LOAD /opt/arm/arm-gnu-toolchain-14.3.rel1-x86_64-arm-none-eabi/bin/../lib/gcc/arm-none-eabi/14.3.1/../../../../arm-none-eabi/lib/thumb/v7e-m+fp/hard/libm.a
LOAD /opt/arm/arm-gnu-toolchain-14.3.rel1-x86_64-arm-none-eabi/bin/../lib/gcc/arm-none-eabi/14.3.1/thumb/v7e-m+fp/hard/libgcc.a

.debug_line_str
                0x00000000      0x2a4
 .debug_line_str
                0x00000000      0x2a4 /opt/arm/arm-gnu-toolchain-14.3.rel1-x86_64-arm-none-eabi/bin/../lib/gcc/arm-none-eabi/14.3.1/../../../../arm-none-eabi/lib/thumb/v7e-m+fp/hard/crt0.o
                                 0xcf (size before relaxing)
 .debug_line_str
                0x000002a4       0xc7 /opt/arm/arm-gnu-toolchain-14.3.rel1-x86_64-arm-none-eabi/bin/../lib/gcc/arm-none-eabi/14.3.1/thumb/v7e-m+fp/hard/libgcc.a(_arm_muldf3.o)
 .debug_line_str
                0x000002a4       0xc7 /opt/arm/arm-gnu-toolchain-14.3.rel1-x86_64-arm-none-eabi/bin/../lib/gcc/arm-none-eabi/14.3.1/thumb/v7e-m+fp/hard/libgcc.a(_arm_addsubdf3.o)
 .debug_line_str
                0x000002a4       0xc7 /opt/arm/arm-gnu-toolchain-14.3.rel1-x86_64-arm-none-eabi/bin/../lib/gcc/arm-none-eabi/14.3.1/thumb/v7e-m+fp/hard/libgcc.a(_arm_muldivdf3.o)
 .debug_line_str
                0x000002a4       0xc7 /opt/arm/arm-gnu-toolchain-14.3.rel1-x86_64-arm-none-eabi/bin/../lib/gcc/arm-none-eabi/14.3.1/thumb/v7e-m+fp/hard/libgcc.a(_arm_cmpdf2.o)
 .debug_line_str
                0x000002a4       0xc7 /opt/arm/arm-gnu-toolchain-14.3.rel1-x86_64-arm-none-eabi/bin/../lib/gcc/arm-none-eabi/14.3.1/thumb/v7e-m+fp/hard/libgcc.a(_arm_unorddf2.o)
 .debug_line_str
                0x000002a4       0xc7 /opt/arm/arm-gnu-toolchain-14.3.rel1-x86_64-arm-none-eabi/bin/../lib/gcc/arm-none-eabi/14.3.1/thumb/v7e-m+fp/hard/libgcc.a(_arm_fixdfsi.o)
 .debug_line_str
                0x000002a4       0xc2 /opt/arm/arm-gnu-toolchain-14.3.rel1-x86_64-arm-none-eabi/bin/../lib/gcc/arm-none-eabi/14.3.1/thumb/v7e-m+fp/hard/libgcc.a(_aeabi_uldivmod.o)
 .debug_line_str
                0x000002a4       0xc6 /opt/arm/arm-gnu-toolchain-14.3.rel1-x86_64-arm-none-eabi/bin/../lib/gcc/arm-none-eabi/14.3.1/thumb/v7e-m+fp/hard/libgcc.a(_dvmd_tls.o)
 .debug_line_str
                0x000002a4       0xdb /opt/arm/arm-gnu-toolchain-14.3.rel1-x86_64-arm-none-eabi/bin/../lib/gcc/arm-none-eabi/14.3.1/../../../../arm-none-eabi/lib/thumb/v7e-m+fp/hard/libc.a(libc_a-strcmp.o)
 .debug_line_str
                0x000002a4       0xdc /opt/arm/arm-gnu-toolchain-14.3.rel1-x86_64-arm-none-eabi/bin/../lib/gcc/arm-none-eabi/14.3.1/../../../../arm-none-eabi/lib/thumb/v7e-m+fp/hard/libc.a(libc_a-memcpy.o)
 .debug_line_str
                0x000002a4       0xdb /opt/arm/arm-gnu-toolchain-14.3.rel1-x86_64-arm-none-eabi/bin/../lib/gcc/arm-none-eabi/14.3.1/../../../../arm-none-eabi/lib/thumb/v7e-m+fp/hard/libc.a(libc_a-strlen.o)

.debug_info     0x00000000     0xa0de
 .debug_info    0x00000000     0x209b startup/stm32f411_periph.o
 .debug_info    0x0000209b      0x104 startup/sys_handlers.o
 .debug_info    0x0000219f      0x652 startup/rcc.o
 .debug_info    0x000027f1      0x9cc startup/system_stm32f4xx.o
 .debug_info    0x000031bd      0x8b0 src/main.o
 .debug_info    0x00003a6d      0x7d7 src/hardware.o
 .debug_info    0x00004244      0x3a0 lib/event.o
 .debug_info    0x000045e4      0x874 lib/term.o
 .debug_info    0x00004e58      0x75d lib/tick.o
 .debug_info    0x000055b5      0xf40 lib/uart.o
 .debug_info    0x000064f5      0x450 lib/util.o
 .debug_info    0x00006945      0xe42 startup/SEGGER_RTT.o
 .debug_info    0x00007787      0xa7b startup/libc_syscalls.o
 .debug_info    0x00008202       0x3f startup/startup_stm32f411xe.o
 .debug_info    0x00008241       0x26 startup/SEGGER_RTT_ASM_ARMv7M.o
 .debug_info    0x00008267      0xd59 lib/libstm32.a(io.o)
 .debug_info    0x00008fc0     0x111e lib/libstm32.a(timer.o)

.debug_abbrev   0x00000000     0x2059
 .debug_abbrev  0x00000000      0x16c startup/stm32f411_periph.o
 .debug_abbrev  0x0000016c       0x45 startup/sys_handlers.o
 .debug_abbrev  0x000001b1      0x201 startup/rcc.o
 .debug_abbrev  0x000003b2      0x1cc startup/system_stm32f4xx.o
 .debug_abbrev  0x0000057e      0x260 src/main.o
 .debug_abbrev  0x000007de      0x21b src/hardware.o
 .debug_abbrev  0x000009f9      0x21a lib/event.o
 .debug_abbrev  0x00000c13      0x29f lib/term.o
 .debug_abbrev  0x00000eb2      0x260 lib/tick.o
 .debug_abbrev  0x00001112      0x336 lib/uart.o
 .debug_abbrev  0x00001448      0x133 lib/util.o
 .debug_abbrev  0x0000157b      0x22c startup/SEGGER_RTT.o
 .debug_abbrev  0x000017a7      0x2c7 startup/libc_syscalls.o
 .debug_abbrev  0x00001a6e       0x1f startup/startup_stm32f411xe.o
 .debug_abbrev  0x00001a8d       0x14 startup/SEGGER_RTT_ASM_ARMv7M.o
 .debug_abbrev  0x00001aa1      0x2bb lib/libstm32.a(io.o)
 .debug_abbrev  0x00001d5c      0x2fd lib/libstm32.a(timer.o)

.debug_aranges  0x00000000      0x220
 .debug_aranges
                0x00000000       0x18 startup/stm32f411_periph.o
 .debug_aranges
                0x00000018       0x20 startup/sys_handlers.o
 .debug_aranges
                0x00000038       0x20 startup/rcc.o
 .debug_aranges
                0x00000058       0x20 startup/system_stm32f4xx.o
 .debug_aranges
                0x00000078       0x20 src/main.o
 .debug_aranges
                0x00000098       0x20 src/hardware.o
 .debug_aranges
                0x000000b8       0x20 lib/event.o
 .debug_aranges
                0x000000d8       0x20 lib/term.o
 .debug_aranges
                0x000000f8       0x20 lib/tick.o
 .debug_aranges
                0x00000118       0x20 lib/uart.o
 .debug_aranges
                0x00000138       0x20 lib/util.o
 .debug_aranges
                0x00000158       0x20 startup/SEGGER_RTT.o
 .debug_aranges
                0x00000178       0x20 startup/libc_syscalls.o
 .debug_aranges
                0x00000198       0x28 startup/startup_stm32f411xe.o
 .debug_aranges
                0x000001c0       0x20 startup/SEGGER_RTT_ASM_ARMv7M.o
 .debug_aranges
                0x000001e0       0x20 lib/libstm32.a(io.o)
 .debug_aranges
                0x00000200       0x20 lib/libstm32.a(timer.o)

.debug_line     0x00000000     0x4543
 .debug_line    0x00000000      0x14c startup/stm32f411_periph.o
 .debug_line    0x0000014c       0x73 startup/sys_handlers.o
 .debug_line    0x000001bf      0x476 startup/rcc.o
 .debug_line    0x00000635      0x253 startup/system_stm32f4xx.o
 .debug_line    0x00000888      0x228 src/main.o
 .debug_line    0x00000ab0      0x248 src/hardware.o
 .debug_line    0x00000cf8      0x1eb lib/event.o
 .debug_line    0x00000ee3      0x8dd lib/term.o
 .debug_line    0x000017c0      0x2a4 lib/tick.o
 .debug_line    0x00001a64      0x67a lib/uart.o
 .debug_line    0x000020de      0x58c lib/util.o
 .debug_line    0x0000266a      0x722 startup/SEGGER_RTT.o
 .debug_line    0x00002d8c      0x389 startup/libc_syscalls.o
 .debug_line    0x00003115       0x77 startup/startup_stm32f411xe.o
 .debug_line    0x0000318c       0x87 startup/SEGGER_RTT_ASM_ARMv7M.o
 .debug_line    0x00003213      0x78b lib/libstm32.a(io.o)
 .debug_line    0x0000399e      0xba5 lib/libstm32.a(timer.o)

.debug_str      0x00000000     0x23fb
 .debug_str     0x00000000     0x23fb startup/stm32f411_periph.o
                                0xb43 (size before relaxing)
 .debug_str     0x000023fb      0x1f5 startup/sys_handlers.o
 .debug_str     0x000023fb      0x50a startup/rcc.o
 .debug_str     0x000023fb      0x57f startup/system_stm32f4xx.o
 .debug_str     0x000023fb      0x4b0 src/main.o
 .debug_str     0x000023fb      0x44b src/hardware.o
 .debug_str     0x000023fb      0x26f lib/event.o
 .debug_str     0x000023fb      0x3f2 lib/term.o
 .debug_str     0x000023fb      0x70f lib/tick.o
 .debug_str     0x000023fb      0x95a lib/uart.o
 .debug_str     0x000023fb      0x1e7 lib/util.o
 .debug_str     0x000023fb      0x583 startup/SEGGER_RTT.o
 .debug_str     0x000023fb      0x518 startup/libc_syscalls.o
 .debug_str     0x000023fb       0x77 startup/startup_stm32f411xe.o
 .debug_str     0x000023fb       0x65 startup/SEGGER_RTT_ASM_ARMv7M.o
 .debug_str     0x000023fb      0x8fa lib/libstm32.a(io.o)
 .debug_str     0x000023fb      0xa9f lib/libstm32.a(timer.o)

.comment        0x00000000       0x46
 .comment       0x00000000       0x46 startup/stm32f411_periph.o
                                 0x47 (size before relaxing)
 .comment       0x00000046       0x47 startup/sys_handlers.o
 .comment       0x00000046       0x47 startup/rcc.o
 .comment       0x00000046       0x47 startup/system_stm32f4xx.o
 .comment       0x00000046       0x47 src/main.o
 .comment       0x00000046       0x47 src/hardware.o
 .comment       0x00000046       0x47 lib/event.o
 .comment       0x00000046       0x47 lib/term.o
 .comment       0x00000046       0x47 lib/tick.o
 .comment       0x00000046       0x47 lib/uart.o
 .comment       0x00000046       0x47 lib/util.o
 .comment       0x00000046       0x47 startup/SEGGER_RTT.o
 .comment       0x00000046       0x47 startup/libc_syscalls.o
 .comment       0x00000046       0x47 lib/libstm32.a(io.o)
 .comment       0x00000046       0x47 lib/libstm32.a(timer.o)

.debug_frame    0x00000000     0x2990
 .debug_frame   0x00000000      0x110 startup/sys_handlers.o
 .debug_frame   0x00000110       0xd0 startup/rcc.o
 .debug_frame   0x000001e0       0x54 startup/system_stm32f4xx.o
 .debug_frame   0x00000234       0x98 src/main.o
 .debug_frame   0x000002cc      0x234 src/hardware.o
 .debug_frame   0x00000500       0x60 lib/event.o
 .debug_frame   0x00000560      0x37c lib/term.o
 .debug_frame   0x000008dc      0x124 lib/tick.o
 .debug_frame   0x00000a00      0x284 lib/uart.o
 .debug_frame   0x00000c84       0x8c lib/util.o
 .debug_frame   0x00000d10      0x454 startup/SEGGER_RTT.o
 .debug_frame   0x00001164      0x344 startup/libc_syscalls.o
 .debug_frame   0x000014a8      0x260 lib/libstm32.a(io.o)
 .debug_frame   0x00001708      0x390 lib/libstm32.a(timer.o)
 .debug_frame   0x00001a98       0x4c /opt/arm/arm-gnu-toolchain-14.3.rel1-x86_64-arm-none-eabi/bin/../lib/gcc/arm-none-eabi/14.3.1/../../../../arm-none-eabi/lib/thumb/v7e-m+fp/hard/libm.a(libm_a-w_log10.o)
 .debug_frame   0x00001ae4       0x44 /opt/arm/arm-gnu-toolchain-14.3.rel1-x86_64-arm-none-eabi/bin/../lib/gcc/arm-none-eabi/14.3.1/../../../../arm-none-eabi/lib/thumb/v7e-m+fp/hard/libm.a(libm_a-w_pow.o)
 .debug_frame   0x00001b28       0x28 /opt/arm/arm-gnu-toolchain-14.3.rel1-x86_64-arm-none-eabi/bin/../lib/gcc/arm-none-eabi/14.3.1/../../../../arm-none-eabi/lib/thumb/v7e-m+fp/hard/libm.a(libm_a-s_finite.o)
 .debug_frame   0x00001b50       0x20 /opt/arm/arm-gnu-toolchain-14.3.rel1-x86_64-arm-none-eabi/bin/../lib/gcc/arm-none-eabi/14.3.1/../../../../arm-none-eabi/lib/thumb/v7e-m+fp/hard/libm.a(libm_a-s_nan.o)
 .debug_frame   0x00001b70       0x58 /opt/arm/arm-gnu-toolchain-14.3.rel1-x86_64-arm-none-eabi/bin/../lib/gcc/arm-none-eabi/14.3.1/../../../../arm-none-eabi/lib/thumb/v7e-m+fp/hard/libm.a(libm_a-e_log10.o)
 .debug_frame   0x00001bc8       0x80 /opt/arm/arm-gnu-toolchain-14.3.rel1-x86_64-arm-none-eabi/bin/../lib/gcc/arm-none-eabi/14.3.1/../../../../arm-none-eabi/lib/thumb/v7e-m+fp/hard/libm.a(libm_a-e_pow.o)
 .debug_frame   0x00001c48       0x20 /opt/arm/arm-gnu-toolchain-14.3.rel1-x86_64-arm-none-eabi/bin/../lib/gcc/arm-none-eabi/14.3.1/../../../../arm-none-eabi/lib/thumb/v7e-m+fp/hard/libm.a(libm_a-s_fabs.o)
 .debug_frame   0x00001c68       0x2c /opt/arm/arm-gnu-toolchain-14.3.rel1-x86_64-arm-none-eabi/bin/../lib/gcc/arm-none-eabi/14.3.1/../../../../arm-none-eabi/lib/thumb/v7e-m+fp/hard/libm.a(libm_a-s_scalbn.o)
 .debug_frame   0x00001c94      0x14c /opt/arm/arm-gnu-toolchain-14.3.rel1-x86_64-arm-none-eabi/bin/../lib/gcc/arm-none-eabi/14.3.1/../../../../arm-none-eabi/lib/thumb/v7e-m+fp/hard/libm.a(libm_a-math_err.o)
 .debug_frame   0x00001de0       0x38 /opt/arm/arm-gnu-toolchain-14.3.rel1-x86_64-arm-none-eabi/bin/../lib/gcc/arm-none-eabi/14.3.1/../../../../arm-none-eabi/lib/thumb/v7e-m+fp/hard/libm.a(libm_a-e_sqrt.o)